Archive member included to satisfy reference by file (symbol)

d:/courses/imt arm/imt_arm_course/02- tools/03- imt sdk/imt_sdk_win_64/winarm/armgcc/bin/../lib/gcc/arm-none-eabi/7.2.1/thumb/v7-m\libgcc.a(_arm_addsubdf3.o)
                              ./src/VSEN_program.o (__aeabi_dadd)
d:/courses/imt arm/imt_arm_course/02- tools/03- imt sdk/imt_sdk_win_64/winarm/armgcc/bin/../lib/gcc/arm-none-eabi/7.2.1/thumb/v7-m\libgcc.a(_arm_muldivdf3.o)
                              ./src/VSEN_program.o (__aeabi_dmul)
d:/courses/imt arm/imt_arm_course/02- tools/03- imt sdk/imt_sdk_win_64/winarm/armgcc/bin/../lib/gcc/arm-none-eabi/7.2.1/thumb/v7-m\libgcc.a(_arm_fixunsdfsi.o)
                              ./src/VSEN_program.o (__aeabi_d2uiz)
d:/courses/imt arm/imt_arm_course/02- tools/03- imt sdk/imt_sdk_win_64/winarm/armgcc/bin/../lib/gcc/arm-none-eabi/7.2.1/thumb/v7-m\libgcc.a(_arm_truncdfsf2.o)
                              ./src/USONIC_program.o (__aeabi_d2f)
d:/courses/imt arm/imt_arm_course/02- tools/03- imt sdk/imt_sdk_win_64/winarm/armgcc/bin/../lib/gcc/arm-none-eabi/7.2.1/thumb/v7-m\libgcc.a(_arm_addsubsf3.o)
                              ./src/USONIC_program.o (__aeabi_ui2f)
d:/courses/imt arm/imt_arm_course/02- tools/03- imt sdk/imt_sdk_win_64/winarm/armgcc/bin/../lib/gcc/arm-none-eabi/7.2.1/thumb/v7-m\libgcc.a(_arm_cmpsf2.o)
                              ./src/my_tasks.o (__aeabi_fcmplt)
d:/courses/imt arm/imt_arm_course/02- tools/03- imt sdk/imt_sdk_win_64/winarm/armgcc/bin/../lib/gcc/arm-none-eabi/7.2.1/../../../../arm-none-eabi/lib/thumb/v7-m\libg_nano.a(lib_a-errno.o)
                              ./system/src/newlib/_sbrk.o (__errno)
d:/courses/imt arm/imt_arm_course/02- tools/03- imt sdk/imt_sdk_win_64/winarm/armgcc/bin/../lib/gcc/arm-none-eabi/7.2.1/../../../../arm-none-eabi/lib/thumb/v7-m\libg_nano.a(lib_a-impure.o)
                              d:/courses/imt arm/imt_arm_course/02- tools/03- imt sdk/imt_sdk_win_64/winarm/armgcc/bin/../lib/gcc/arm-none-eabi/7.2.1/../../../../arm-none-eabi/lib/thumb/v7-m\libg_nano.a(lib_a-errno.o) (_impure_ptr)
d:/courses/imt arm/imt_arm_course/02- tools/03- imt sdk/imt_sdk_win_64/winarm/armgcc/bin/../lib/gcc/arm-none-eabi/7.2.1/../../../../arm-none-eabi/lib/thumb/v7-m\libg_nano.a(lib_a-memcpy-stub.o)
                              ./src/queue.o (memcpy)
d:/courses/imt arm/imt_arm_course/02- tools/03- imt sdk/imt_sdk_win_64/winarm/armgcc/bin/../lib/gcc/arm-none-eabi/7.2.1/../../../../arm-none-eabi/lib/thumb/v7-m\libg_nano.a(lib_a-memset.o)
                              ./src/EEPROM_program.o (memset)
d:/courses/imt arm/imt_arm_course/02- tools/03- imt sdk/imt_sdk_win_64/winarm/armgcc/bin/../lib/gcc/arm-none-eabi/7.2.1/../../../../arm-none-eabi/lib/thumb/v7-m\libg_nano.a(lib_a-strlen.o)
                              ./system/src/diag/Trace.o (strlen)
d:/courses/imt arm/imt_arm_course/02- tools/03- imt sdk/imt_sdk_win_64/winarm/armgcc/bin/../lib/gcc/arm-none-eabi/7.2.1/../../../../arm-none-eabi/lib/thumb/v7-m\libg_nano.a(lib_a-vsnprintf.o)
                              ./system/src/diag/Trace.o (vsnprintf)
d:/courses/imt arm/imt_arm_course/02- tools/03- imt sdk/imt_sdk_win_64/winarm/armgcc/bin/../lib/gcc/arm-none-eabi/7.2.1/../../../../arm-none-eabi/lib/thumb/v7-m\libg_nano.a(lib_a-nano-svfprintf.o)
                              d:/courses/imt arm/imt_arm_course/02- tools/03- imt sdk/imt_sdk_win_64/winarm/armgcc/bin/../lib/gcc/arm-none-eabi/7.2.1/../../../../arm-none-eabi/lib/thumb/v7-m\libg_nano.a(lib_a-vsnprintf.o) (_svfprintf_r)
d:/courses/imt arm/imt_arm_course/02- tools/03- imt sdk/imt_sdk_win_64/winarm/armgcc/bin/../lib/gcc/arm-none-eabi/7.2.1/../../../../arm-none-eabi/lib/thumb/v7-m\libg_nano.a(lib_a-nano-vfprintf_i.o)
                              d:/courses/imt arm/imt_arm_course/02- tools/03- imt sdk/imt_sdk_win_64/winarm/armgcc/bin/../lib/gcc/arm-none-eabi/7.2.1/../../../../arm-none-eabi/lib/thumb/v7-m\libg_nano.a(lib_a-nano-svfprintf.o) (_printf_i)
d:/courses/imt arm/imt_arm_course/02- tools/03- imt sdk/imt_sdk_win_64/winarm/armgcc/bin/../lib/gcc/arm-none-eabi/7.2.1/../../../../arm-none-eabi/lib/thumb/v7-m\libg_nano.a(lib_a-memchr-stub.o)
                              d:/courses/imt arm/imt_arm_course/02- tools/03- imt sdk/imt_sdk_win_64/winarm/armgcc/bin/../lib/gcc/arm-none-eabi/7.2.1/../../../../arm-none-eabi/lib/thumb/v7-m\libg_nano.a(lib_a-nano-svfprintf.o) (memchr)
d:/courses/imt arm/imt_arm_course/02- tools/03- imt sdk/imt_sdk_win_64/winarm/armgcc/bin/../lib/gcc/arm-none-eabi/7.2.1/../../../../arm-none-eabi/lib/thumb/v7-m\libg_nano.a(lib_a-memmove.o)
                              d:/courses/imt arm/imt_arm_course/02- tools/03- imt sdk/imt_sdk_win_64/winarm/armgcc/bin/../lib/gcc/arm-none-eabi/7.2.1/../../../../arm-none-eabi/lib/thumb/v7-m\libg_nano.a(lib_a-nano-svfprintf.o) (memmove)
[...]
Memory Configuration

Name             Origin             Length             Attributes
RAM              0x20000000         0x00005000         xrw
CCMRAM           0x00000000         0x00000000         xrw
FLASH            0x08000000         0x00010000         xr
FLASHB1          0x00000000         0x00000000         xr
EXTMEMB0         0x00000000         0x00000000         xr
EXTMEMB1         0x00000000         0x00000000         xr
EXTMEMB2         0x00000000         0x00000000         xr
EXTMEMB3         0x00000000         0x00000000         xr
MEMORY_ARRAY     0x00000000         0x00000000         xrw
*default*        0x00000000         0xffffffff

Linker script and memory map

LOAD ./system/src/stm32f1-stdperiph/misc.o
LOAD ./system/src/stm32f1-stdperiph/stm32f10x_gpio.o
LOAD ./system/src/stm32f1-stdperiph/stm32f10x_rcc.o
LOAD ./system/src/newlib/_cxx.o
LOAD ./system/src/newlib/_exit.o
LOAD ./system/src/newlib/_sbrk.o
LOAD ./system/src/newlib/_startup.o
LOAD ./system/src/newlib/_syscalls.o
LOAD ./system/src/newlib/assert.o
LOAD ./system/src/diag/Trace.o
LOAD ./system/src/diag/trace_impl.o
LOAD ./system/src/cortexm/_initialize_hardware.o
LOAD ./system/src/cortexm/_reset_hardware.o
LOAD ./system/src/cortexm/exception_handlers.o
LOAD ./system/src/cmsis/system_stm32f10x.o
LOAD ./system/src/cmsis/vectors_stm32f10x.o
LOAD ./src/ADC_program.o
LOAD ./src/CAN_program.o
LOAD ./src/CAR_program.o
LOAD ./src/DIO_program.o
LOAD ./src/DTC_program.o
LOAD ./src/DoCAN_program.o
LOAD ./src/EEPROM_program.o
LOAD ./src/I2C_program.o
LOAD ./src/MOTOR_program.o
LOAD ./src/NVIC_program.o
LOAD ./src/RCC_program.o
LOAD ./src/SPEED_program.o
LOAD ./src/TIMER_program.o
LOAD ./src/UART_program.o
LOAD ./src/UDSHandler_program.o
LOAD ./src/UDS_ClearDiagnosticInformation_program.o
LOAD ./src/UDS_ControlDTCSetting_program.o
LOAD ./src/UDS_DiagnosticSessionControl_program.o
LOAD ./src/UDS_ECUReset_program.o
LOAD ./src/UDS_ReadDTCInformation_program.o
LOAD ./src/UDS_ReadDataById_program.o
LOAD ./src/UDS_RequestDownload_program.o
LOAD ./src/UDS_RequestTransferExit_program.o
LOAD ./src/UDS_TesterPresent_program.o
LOAD ./src/UDS_TransferData_program.o
LOAD ./src/UDS_WriteDataById_program.o
LOAD ./src/USONIC_program.o
LOAD ./src/VSEN_program.o
LOAD ./src/croutine.o
LOAD ./src/event_groups.o
LOAD ./src/heap_2.o
LOAD ./src/list.o
LOAD ./src/main.o
LOAD ./src/mpu_wrappers.o
LOAD ./src/my_tasks.o
LOAD ./src/port.o
LOAD ./src/queue.o
LOAD ./src/stream_buffer.o
LOAD ./src/tasks.o
LOAD ./src/timers.o
LOAD d:/courses/imt arm/imt_arm_course/02- tools/03- imt sdk/imt_sdk_win_64/winarm/armgcc/bin/../lib/gcc/arm-none-eabi/7.2.1/../../../../arm-none-eabi/lib/thumb/v7-m\libstdc++_nano.a
LOAD d:/courses/imt arm/imt_arm_course/02- tools/03- imt sdk/imt_sdk_win_64/winarm/armgcc/bin/../lib/gcc/arm-none-eabi/7.2.1/../../../../arm-none-eabi/lib/thumb/v7-m\libm.a
START GROUP
LOAD d:/courses/imt arm/imt_arm_course/02- tools/03- imt sdk/imt_sdk_win_64/winarm/armgcc/bin/../lib/gcc/arm-none-eabi/7.2.1/thumb/v7-m\libgcc.a
LOAD d:/courses/imt arm/imt_arm_course/02- tools/03- imt sdk/imt_sdk_win_64/winarm/armgcc/bin/../lib/gcc/arm-none-eabi/7.2.1/../../../../arm-none-eabi/lib/thumb/v7-m\libg_nano.a
LOAD d:/courses/imt arm/imt_arm_course/02- tools/03- imt sdk/imt_sdk_win_64/winarm/armgcc/bin/../lib/gcc/arm-none-eabi/7.2.1/../../../../arm-none-eabi/lib/thumb/v7-m\libc_nano.a
END GROUP
START GROUP
LOAD d:/courses/imt arm/imt_arm_course/02- tools/03- imt sdk/imt_sdk_win_64/winarm/armgcc/bin/../lib/gcc/arm-none-eabi/7.2.1/thumb/v7-m\libgcc.a
LOAD d:/courses/imt arm/imt_arm_course/02- tools/03- imt sdk/imt_sdk_win_64/winarm/armgcc/bin/../lib/gcc/arm-none-eabi/7.2.1/../../../../arm-none-eabi/lib/thumb/v7-m\libc_nano.a
END GROUP
                0x20005000                __stack = (ORIGIN (RAM) + LENGTH (RAM))
                0x20005000                _estack = __stack
                0x00000400                __Main_Stack_Size = 0x400
                [!provide]                PROVIDE (_Main_Stack_Size, __Main_Stack_Size)
                0x20004c00                __Main_Stack_Limit = (__stack - __Main_Stack_Size)
                [!provide]                PROVIDE (_Main_Stack_Limit, __Main_Stack_Limit)
                0x00000100                _Minimum_Stack_Size = 0x100
                0x200040c0                PROVIDE (_Heap_Begin, _end_noinit)
                0x20004c00                PROVIDE (_Heap_Limit, (__stack - __Main_Stack_Size))

.isr_vector     0x08000000      0x350
 FILL mask 0xff
                0x08000000                __vectors_start = ABSOLUTE (.)
                0x08000000                __vectors_start__ = ABSOLUTE (.)
 *(.isr_vector)
 .isr_vector    0x08000000      0x10c ./system/src/cmsis/vectors_stm32f10x.o
                0x08000000                __isr_vectors
 *(.cfmconfig)
 *(.after_vectors .after_vectors.*)
 .after_vectors
                0x0800010c      0x114 ./system/src/newlib/_startup.o
                0x0800010c                _start
 .after_vectors
                0x08000220      0x12c ./system/src/cortexm/exception_handlers.o
                0x08000220                Reset_Handler
                0x08000226                NMI_Handler
                0x0800022a                HardFault_Handler
                0x0800023e                HardFault_Handler_C
                0x0800029c                MemManage_Handler
                0x080002a0                BusFault_Handler
                0x080002b4                BusFault_Handler_C
                0x080002e8                UsageFault_Handler
                0x080002fc                UsageFault_Handler_C
                0x08000334                DebugMon_Handler
 .after_vectors
                0x0800034c        0x4 ./system/src/cmsis/vectors_stm32f10x.o
                0x0800034c                EXTI2_IRQHandler
                0x0800034c                TIM8_TRG_COM_IRQHandler
                0x0800034c                TIM8_CC_IRQHandler
                0x0800034c                TIM1_CC_IRQHandler
                0x0800034c                TIM6_IRQHandler
                0x0800034c                PVD_IRQHandler
                0x0800034c                SDIO_IRQHandler
                0x0800034c                CAN2_RX1_IRQHandler
                0x0800034c                EXTI3_IRQHandler
                0x0800034c                TIM8_TRG_COM_TIM14_IRQHandler
                0x0800034c                TIM1_UP_TIM10_IRQHandler
                0x0800034c                TIM8_UP_TIM13_IRQHandler
                0x0800034c                EXTI0_IRQHandler
                0x0800034c                I2C2_EV_IRQHandler
                0x0800034c                CAN1_RX0_IRQHandler
                0x0800034c                TIM1_UP_TIM16_IRQHandler
                0x0800034c                CAN2_SCE_IRQHandler
                0x0800034c                SPI1_IRQHandler
                0x0800034c                TAMPER_IRQHandler
                0x0800034c                TIM6_DAC_IRQHandler
                0x0800034c                TIM1_BRK_TIM9_IRQHandler
                0x0800034c                CAN2_RX0_IRQHandler
                0x0800034c                TIM8_UP_IRQHandler
                0x0800034c                DMA2_Channel2_IRQHandler
                0x0800034c                DMA1_Channel4_IRQHandler
                0x0800034c                USART3_IRQHandler
                0x0800034c                RTC_IRQHandler
                0x0800034c                DMA1_Channel7_IRQHandler
                0x0800034c                UART5_IRQHandler
                0x0800034c                ADC3_IRQHandler
                0x0800034c                DMA2_Channel1_IRQHandler
                0x0800034c                I2C1_EV_IRQHandler
                0x0800034c                DMA1_Channel6_IRQHandler
                0x0800034c                UART4_IRQHandler
                0x0800034c                DMA2_Channel4_IRQHandler
                0x0800034c                RCC_IRQHandler
                0x0800034c                TIM8_BRK_TIM12_IRQHandler
                0x0800034c                TIM1_TRG_COM_IRQHandler
                0x0800034c                DMA1_Channel1_IRQHandler
                0x0800034c                Default_Handler
                0x0800034c                CEC_IRQHandler
                0x0800034c                EXTI15_10_IRQHandler
                0x0800034c                TIM14_IRQHandler
                0x0800034c                TIM13_IRQHandler
                0x0800034c                TIM12_IRQHandler
                0x0800034c                TIM7_IRQHandler
                0x0800034c                CAN2_TX_IRQHandler
                0x0800034c                EXTI9_5_IRQHandler
                0x0800034c                ETH_WKUP_IRQHandler
                0x0800034c                SPI2_IRQHandler
                0x0800034c                CAN1_TX_IRQHandler
                0x0800034c                DMA2_Channel5_IRQHandler
                0x0800034c                DMA1_Channel5_IRQHandler
                0x0800034c                EXTI4_IRQHandler
                0x0800034c                TIM1_TRG_COM_TIM17_IRQHandler
                0x0800034c                DMA1_Channel3_IRQHandler
                0x0800034c                FSMC_IRQHandler
                0x0800034c                ETH_IRQHandler
                0x0800034c                TIM1_UP_IRQHandler
                0x0800034c                WWDG_IRQHandler
                0x0800034c                OTG_FS_WKUP_IRQHandler
                0x0800034c                TIM1_TRG_COM_TIM11_IRQHandler
                0x0800034c                TIM1_BRK_IRQHandler
                0x0800034c                EXTI1_IRQHandler
                0x0800034c                RTCAlarm_IRQHandler
                0x0800034c                DMA2_Channel4_5_IRQHandler
                0x0800034c                USART2_IRQHandler
                0x0800034c                I2C2_ER_IRQHandler
                0x0800034c                DMA1_Channel2_IRQHandler
                0x0800034c                TIM8_BRK_IRQHandler
                0x0800034c                CAN1_SCE_IRQHandler
                0x0800034c                FLASH_IRQHandler
                0x0800034c                OTG_FS_IRQHandler
                0x0800034c                SPI3_IRQHandler
                0x0800034c                I2C1_ER_IRQHandler
                0x0800034c                USBWakeUp_IRQHandler
                0x0800034c                DMA2_Channel3_IRQHandler
                0x0800034c                TIM1_BRK_TIM15_IRQHandler

.inits          0x08000350       0x28
                0x08000350                __data_regions_array_start = .
                0x08000350        0x4 LONG 0x8007308 LOADADDR (.data)
                0x08000354        0x4 LONG 0x20000000 ADDR (.data)
                0x08000358        0x4 LONG 0x200000a0 (ADDR (.data) + SIZEOF (.data))
                0x0800035c        0x4 LONG 0x8007308 LOADADDR (.data_CCMRAM)
                0x08000360        0x4 LONG 0x0 ADDR (.data_CCMRAM)
                0x08000364        0x4 LONG 0x0 (ADDR (.data_CCMRAM) + SIZEOF (.data_CCMRAM))
                0x08000368                __data_regions_array_end = .
                0x08000368                __bss_regions_array_start = .
                0x08000368        0x4 LONG 0x200000a0 ADDR (.bss)
                0x0800036c        0x4 LONG 0x200040c0 (ADDR (.bss) + SIZEOF (.bss))
                0x08000370        0x4 LONG 0x0 ADDR (.bss_CCMRAM)
                0x08000374        0x4 LONG 0x0 (ADDR (.bss_CCMRAM) + SIZEOF (.bss_CCMRAM))
                0x08000378                __bss_regions_array_end = .
 *(.init)
 *(.fini)
                0x08000378                . = ALIGN (0x4)
                0x08000378                PROVIDE (__preinit_array_start, .)
 *(.preinit_array_sysinit .preinit_array_sysinit.*)
 *(.preinit_array_platform .preinit_array_platform.*)
 *(.preinit_array .preinit_array.*)
                0x08000378                PROVIDE (__preinit_array_end, .)
                0x08000378                . = ALIGN (0x4)
                0x08000378                PROVIDE (__init_array_start, .)
 *(SORT_BY_NAME(.init_array.*))
 *(.init_array)
                0x08000378                PROVIDE (__init_array_end, .)
                0x08000378                . = ALIGN (0x4)
                0x08000378                PROVIDE (__fini_array_start, .)
 *(SORT_BY_NAME(.fini_array.*))
 *(.fini_array)
                0x08000378                PROVIDE (__fini_array_end, .)

.flashtext
 *(.flashtext .flashtext.*)

.text           0x08000380     0x6f87
 *(.text .text.*)
 .text._exit    0x08000380        0x2 ./system/src/newlib/_exit.o
                0x08000380                _exit
 *fill*         0x08000382        0x2 
 .text._sbrk    0x08000384       0x44 ./system/src/newlib/_sbrk.o
                0x08000384                _sbrk
 .text.__initialize_args
                0x080003c8       0x10 ./system/src/newlib/_syscalls.o
                0x080003c8                __initialize_args
 .text.trace_printf
                0x080003d8       0x30 ./system/src/diag/Trace.o
                0x080003d8                trace_printf
 .text._trace_write_semihosting_debug
                0x08000408       0x60 ./system/src/diag/trace_impl.o
 .text.trace_write
                0x08000468        0x8 ./system/src/diag/trace_impl.o
                0x08000468                trace_write
 .text.__initialize_hardware_early
                0x08000470       0x18 ./system/src/cortexm/_initialize_hardware.o
                0x08000470                __initialize_hardware_early
 .text.__initialize_hardware
                0x08000488        0x8 ./system/src/cortexm/_initialize_hardware.o
                0x08000488                __initialize_hardware
 .text.dumpExceptionStack
                0x08000490       0xf4 ./system/src/cortexm/exception_handlers.o
                0x08000490                dumpExceptionStack
 .text.isSemihosting
                0x08000584       0x20 ./system/src/cortexm/exception_handlers.o
                0x08000584                isSemihosting
 .text.SetSysClockTo72
                0x080005a4       0xc4 ./system/src/cmsis/system_stm32f10x.o
 .text.SetSysClock
                0x08000668        0x8 ./system/src/cmsis/system_stm32f10x.o
 .text.SystemInit
                0x08000670       0x50 ./system/src/cmsis/system_stm32f10x.o
                0x08000670                SystemInit
 .text.SystemCoreClockUpdate
                0x080006c0       0x94 ./system/src/cmsis/system_stm32f10x.o
                0x080006c0                SystemCoreClockUpdate
 .text.ADC_voidInit
                0x08000754       0x34 ./src/ADC_program.o
                0x08000754                ADC_voidInit
 .text.ADC_voidAssignRegularSequence
                0x08000788       0x84 ./src/ADC_program.o
                0x08000788                ADC_voidAssignRegularSequence
 .text.ADC_u16ReadRegularSync
                0x0800080c       0x40 ./src/ADC_program.o
                0x0800080c                ADC_u16ReadRegularSync
 .text.ADC1_2_IRQHandler
                0x0800084c       0x18 ./src/ADC_program.o
                0x0800084c                ADC1_2_IRQHandler
 .text.ReadMsg  0x08000864       0x7c ./src/CAN_program.o
 .text.CAN_voidInit
                0x080008e0      0x110 ./src/CAN_program.o
                0x080008e0                CAN_voidInit
 .text.CAN_voidStart
                0x080009f0       0x1c ./src/CAN_program.o
                0x080009f0                CAN_voidStart
 .text.CAN_u8SetCallBack
                0x08000a0c       0x14 ./src/CAN_program.o
                0x08000a0c                CAN_u8SetCallBack
 .text.CAN_u8WriteMsg
                0x08000a20      0x11c ./src/CAN_program.o
                0x08000a20                CAN_u8WriteMsg
 .text.CAN_u8WriteFilter
                0x08000b3c       0xc0 ./src/CAN_program.o
                0x08000b3c                CAN_u8WriteFilter
 .text.USB_HP_CAN1_TX_IRQHandler
                0x08000bfc       0x48 ./src/CAN_program.o
                0x08000bfc                USB_HP_CAN1_TX_IRQHandler
 .text.USB_LP_CAN1_RX0_IRQHandler
                0x08000c44       0x44 ./src/CAN_program.o
                0x08000c44                USB_LP_CAN1_RX0_IRQHandler
 .text.CAN1_RX1_IRQHandler
                0x08000c88       0x44 ./src/CAN_program.o
                0x08000c88                CAN1_RX1_IRQHandler
 .text.CAR_voidInit
                0x08000ccc        0x8 ./src/CAR_program.o
                0x08000ccc                CAR_voidInit
 .text.CAR_voidSetCarSpeed
                0x08000cd4       0x16 ./src/CAR_program.o
                0x08000cd4                CAR_voidSetCarSpeed
 .text.setPinsForDirection
                0x08000cea       0x6c ./src/CAR_program.o
                0x08000cea                setPinsForDirection
 .text.CAR_voidSetCarDirection
                0x08000d56        0x8 ./src/CAR_program.o
                0x08000d56                CAR_voidSetCarDirection
 *fill*         0x08000d5e        0x2 
 .text.Dio_ReadChannel
                0x08000d60       0x50 ./src/DIO_program.o
                0x08000d60                Dio_ReadChannel
 .text.Dio_WriteChannel
                0x08000db0       0xb4 ./src/DIO_program.o
                0x08000db0                Dio_WriteChannel
 .text.Dio_FlipChannel
                0x08000e64       0xb4 ./src/DIO_program.o
                0x08000e64                Dio_FlipChannel
 .text.Port_SetPinDirection
                0x08000f18       0xdc ./src/DIO_program.o
                0x08000f18                Port_SetPinDirection
 .text.Port_SetPinMode
                0x08000ff4      0x168 ./src/DIO_program.o
                0x08000ff4                Port_SetPinMode
 .text.dtcSetFault
                0x0800115c       0x26 ./src/DTC_program.o
                0x0800115c                dtcSetFault
 .text.dtcSetPassed
                0x08001182       0x14 ./src/DTC_program.o
                0x08001182                dtcSetPassed
 *fill*         0x08001196        0x2 
 .text.DTC_u8DetectFault
                0x08001198       0xd4 ./src/DTC_program.o
                0x08001198                DTC_u8DetectFault
 .text.DoCAN_voidSetCallBackForMassage
                0x0800126c        0xc ./src/DoCAN_program.o
                0x0800126c                DoCAN_voidSetCallBackForMassage
 .text.DoCAN_voidRequestUsData
                0x08001278      0x16a ./src/DoCAN_program.o
                0x08001278                DoCAN_voidRequestUsData
 *fill*         0x080013e2        0x2 
 .text.DoCAN_voidIndicateUsData
                0x080013e4      0x258 ./src/DoCAN_program.o
                0x080013e4                DoCAN_voidIndicateUsData
 .text.delay    0x0800163c       0x14 ./src/EEPROM_program.o
                0x0800163c                delay
 .text.HEEPROM_voidWriteByte
                0x08001650       0x30 ./src/EEPROM_program.o
                0x08001650                HEEPROM_voidWriteByte
 .text.HEEPROM_u8ReadByte
                0x08001680       0x1a ./src/EEPROM_program.o
                0x08001680                HEEPROM_u8ReadByte
 .text.HEEPROM_u8DeleteByte
                0x0800169a       0x26 ./src/EEPROM_program.o
                0x0800169a                HEEPROM_u8DeleteByte
 .text.HEEPROM_voidReadMultipleBytes
                0x080016c0       0x28 ./src/EEPROM_program.o
                0x080016c0                HEEPROM_voidReadMultipleBytes
 .text.HEEPROM_voidDeleteMultipleBytes
                0x080016e8       0x20 ./src/EEPROM_program.o
                0x080016e8                HEEPROM_voidDeleteMultipleBytes
 .text.HEEPROM_voidDeletePages
                0x08001708       0x66 ./src/EEPROM_program.o
                0x08001708                HEEPROM_voidDeletePages
 *fill*         0x0800176e        0x2 
 .text.MI2C_voidInti
                0x08001770       0x2c ./src/I2C_program.o
                0x08001770                MI2C_voidInti
 .text.MI2C_voidTransmit
                0x0800179c       0x78 ./src/I2C_program.o
                0x0800179c                MI2C_voidTransmit
 .text.MI2C_voidReceiveFromAddress
                0x08001814       0xc0 ./src/I2C_program.o
                0x08001814                MI2C_voidReceiveFromAddress
 .text.MOTOR_voidMotorInit
                0x080018d4       0x74 ./src/MOTOR_program.o
                0x080018d4                MOTOR_voidMotorInit
 .text.MOTOR_voidSetMotorDirection
                0x08001948       0x90 ./src/MOTOR_program.o
                0x08001948                MOTOR_voidSetMotorDirection
 .text.MOTOR_voidSetMotorSpeed
                0x080019d8       0x24 ./src/MOTOR_program.o
                0x080019d8                MOTOR_voidSetMotorSpeed
 .text.NVIC_voidEnableInterrupt
                0x080019fc       0x2c ./src/NVIC_program.o
                0x080019fc                NVIC_voidEnableInterrupt
 .text.NVIC_voidSystemReset
                0x08001a28       0x10 ./src/NVIC_program.o
                0x08001a28                NVIC_voidSystemReset
 .text.RCC_voidInitSystemClock
                0x08001a38       0x14 ./src/RCC_program.o
                0x08001a38                RCC_voidInitSystemClock
 .text.RCC_voidEnableClock
                0x08001a4c       0x4c ./src/RCC_program.o
                0x08001a4c                RCC_voidEnableClock
 .text.SPEED_voidGetReadingAsynch
                0x08001a98      0x108 ./src/SPEED_program.o
                0x08001a98                SPEED_voidGetReadingAsynch
 .text.TIMER_voidSetPrescaler
                0x08001ba0       0x44 ./src/TIMER_program.o
                0x08001ba0                TIMER_voidSetPrescaler
 .text.TIMER_voidSetBusyWait
                0x08001be4      0x1e0 ./src/TIMER_program.o
                0x08001be4                TIMER_voidSetBusyWait
 .text.TIMER_u16GetElapsedTime
                0x08001dc4       0x40 ./src/TIMER_program.o
                0x08001dc4                TIMER_u16GetElapsedTime
 .text.TIMER_voidSetResetTimer
                0x08001e04       0x8c ./src/TIMER_program.o
                0x08001e04                TIMER_voidSetResetTimer
 .text.TIMER_voidGeneratePWM
                0x08001e90      0x49c ./src/TIMER_program.o
                0x08001e90                TIMER_voidGeneratePWM
 .text.TIMER_voidStartStopCount
                0x0800232c       0x9c ./src/TIMER_program.o
                0x0800232c                TIMER_voidStartStopCount
 .text.TIMER_voidEnableExternalClockSource
                0x080023c8      0x3a4 ./src/TIMER_program.o
                0x080023c8                TIMER_voidEnableExternalClockSource
 .text.TIM2_IRQHandler
                0x0800276c       0x54 ./src/TIMER_program.o
                0x0800276c                TIM2_IRQHandler
 .text.TIM3_IRQHandler
                0x080027c0       0x54 ./src/TIMER_program.o
                0x080027c0                TIM3_IRQHandler
 .text.TIM4_IRQHandler
                0x08002814       0x54 ./src/TIMER_program.o
                0x08002814                TIM4_IRQHandler
 .text.MUART_voidInit
                0x08002868       0xa0 ./src/UART_program.o
                0x08002868                MUART_voidInit
 .text.MUART_u8Receive
                0x08002908       0x60 ./src/UART_program.o
                0x08002908                MUART_u8Receive
 .text.USART1_IRQHandler
                0x08002968       0x18 ./src/UART_program.o
                0x08002968                USART1_IRQHandler
 .text.UDSHandler_voidSendNegResponse
                0x08002980       0x4e ./src/UDSHandler_program.o
                0x08002980                UDSHandler_voidSendNegResponse
 *fill*         0x080029ce        0x2 
 .text.UDSHandler_voidCallService
                0x080029d0       0xe0 ./src/UDSHandler_program.o
                0x080029d0                UDSHandler_voidCallService
 .text.UDSHandler_voidSendPosResponse
                0x08002ab0       0x54 ./src/UDSHandler_program.o
                0x08002ab0                UDSHandler_voidSendPosResponse
 .text.UDS_voidClearDiagnosticInformation
                0x08002b04       0x36 ./src/UDS_ClearDiagnosticInformation_program.o
                0x08002b04                UDS_voidClearDiagnosticInformation
 *fill*         0x08002b3a        0x2 
 .text.UDS_voidControlDTCSetting
                0x08002b3c       0x58 ./src/UDS_ControlDTCSetting_program.o
                0x08002b3c                UDS_voidControlDTCSetting
 .text.UDS_voidDiagnosticSessionControl
                0x08002b94       0xe8 ./src/UDS_DiagnosticSessionControl_program.o
                0x08002b94                UDS_voidDiagnosticSessionControl
 .text.UDS_voidECUReset
                0x08002c7c       0x48 ./src/UDS_ECUReset_program.o
                0x08002c7c                UDS_voidECUReset
 .text.UDS_voidReadDTCInformation
                0x08002cc4      0x15a ./src/UDS_ReadDTCInformation_program.o
                0x08002cc4                UDS_voidReadDTCInformation
 *fill*         0x08002e1e        0x2 
 .text.UDS_voidReadDataById
                0x08002e20      0x1a8 ./src/UDS_ReadDataById_program.o
                0x08002e20                UDS_voidReadDataById
 .text.UDS_voidRequestDownload
                0x08002fc8       0xf8 ./src/UDS_RequestDownload_program.o
                0x08002fc8                UDS_voidRequestDownload
 .text.UDS_voidRequestTransferExit
                0x080030c0       0x88 ./src/UDS_RequestTransferExit_program.o
                0x080030c0                UDS_voidRequestTransferExit
 .text.UDS_voidTesterPresent
                0x08003148       0x48 ./src/UDS_TesterPresent_program.o
                0x08003148                UDS_voidTesterPresent
 .text.UDS_voidTransferData
                0x08003190      0x160 ./src/UDS_TransferData_program.o
                0x08003190                UDS_voidTransferData
 .text.UDS_voidWriteDataById
                0x080032f0      0x114 ./src/UDS_WriteDataById_program.o
                0x080032f0                UDS_voidWriteDataById
 .text.USONIC_voidInit
                0x08003404       0x9c ./src/USONIC_program.o
                0x08003404                USONIC_voidInit
 .text.USONIC_f32GetDistance
                0x080034a0      0x25c ./src/USONIC_program.o
                0x080034a0                USONIC_f32GetDistance
 *fill*         0x080036fc        0x4 
 .text.VSEN_u16ReadVoltage
                0x08003700      0x108 ./src/VSEN_program.o
                0x08003700                VSEN_u16ReadVoltage
 .text.prvHeapInit
                0x08003808       0x2c ./src/heap_2.o
 .text.pvPortMalloc
                0x08003834       0xcc ./src/heap_2.o
                0x08003834                pvPortMalloc
 .text.vPortFree
                0x08003900       0x44 ./src/heap_2.o
                0x08003900                vPortFree
 .text.vListInitialise
                0x08003944       0x16 ./src/list.o
                0x08003944                vListInitialise
 .text.vListInitialiseItem
                0x0800395a        0x6 ./src/list.o
                0x0800395a                vListInitialiseItem
 .text.vListInsertEnd
                0x08003960       0x18 ./src/list.o
                0x08003960                vListInsertEnd
 .text.vListInsert
                0x08003978       0x34 ./src/list.o
                0x08003978                vListInsert
 .text.uxListRemove
                0x080039ac       0x28 ./src/list.o
                0x080039ac                uxListRemove
 .text.main     0x080039d4      0x2a4 ./src/main.o
                0x080039d4                main
 .text.vUSOINIC_TASK
                0x08003c78      0x124 ./src/my_tasks.o
                0x08003c78                vUSOINIC_TASK
 .text.vBUTTON_Task
                0x08003d9c       0x90 ./src/my_tasks.o
                0x08003d9c                vBUTTON_Task
 .text.vSwitchPressed
                0x08003e2c       0x9c ./src/my_tasks.o
                0x08003e2c                vSwitchPressed
 .text.vSetDirection
                0x08003ec8       0xa0 ./src/my_tasks.o
                0x08003ec8                vSetDirection
 .text.vVoltageSensor
                0x08003f68       0x30 ./src/my_tasks.o
                0x08003f68                vVoltageSensor
 .text.vTaskVoltage
                0x08003f98       0x14 ./src/my_tasks.o
                0x08003f98                vTaskVoltage
 .text.vSpeedSensor
                0x08003fac       0x38 ./src/my_tasks.o
                0x08003fac                vSpeedSensor
 .text.vTaskSpeed
                0x08003fe4       0x20 ./src/my_tasks.o
                0x08003fe4                vTaskSpeed
 .text.vTaskSemaphoreService
                0x08004004       0x2c ./src/my_tasks.o
                0x08004004                vTaskSemaphoreService
 .text.vTaskService
                0x08004030       0x60 ./src/my_tasks.o
                0x08004030                vTaskService
 .text.prvTaskExitError
                0x08004090       0x40 ./src/port.o
 .text.prvPortStartFirstTask
                0x080040d0       0x20 ./src/port.o
 .text.pxPortInitialiseStack
                0x080040f0       0x24 ./src/port.o
                0x080040f0                pxPortInitialiseStack
 *fill*         0x08004114        0xc 
 .text.SVC_Handler
                0x08004120       0x24 ./src/port.o
                0x08004120                SVC_Handler
 .text.vPortEnterCritical
                0x08004144       0x44 ./src/port.o
                0x08004144                vPortEnterCritical
 .text.vPortExitCritical
                0x08004188       0x2c ./src/port.o
                0x08004188                vPortExitCritical
 *fill*         0x080041b4        0xc 
 .text.PendSV_Handler
                0x080041c0       0x44 ./src/port.o
                0x080041c0                PendSV_Handler
 .text.SysTick_Handler
                0x08004204       0x2c ./src/port.o
                0x08004204                SysTick_Handler
 .text.vPortSetupTimerInterrupt
                0x08004230       0x28 ./src/port.o
                0x08004230                vPortSetupTimerInterrupt
 .text.xPortStartScheduler
                0x08004258       0xb8 ./src/port.o
                0x08004258                xPortStartScheduler
 .text.vPortValidateInterruptPriority
                0x08004310       0x5c ./src/port.o
                0x08004310                vPortValidateInterruptPriority
 .text.prvGetDisinheritPriorityAfterTimeout
                0x0800436c       0x12 ./src/queue.o
 .text.prvIsQueueFull
                0x0800437e       0x1e ./src/queue.o
 .text.prvIsQueueEmpty
                0x0800439c       0x1a ./src/queue.o
 .text.prvCopyDataToQueue
                0x080043b6       0x76 ./src/queue.o
 .text.prvCopyDataFromQueue
                0x0800442c       0x24 ./src/queue.o
 .text.prvUnlockQueue
                0x08004450       0x6e ./src/queue.o
 *fill*         0x080044be        0x2 
 .text.xQueueGenericReset
                0x080044c0       0x84 ./src/queue.o
                0x080044c0                xQueueGenericReset
 .text.prvInitialiseNewQueue
                0x08004544       0x1c ./src/queue.o
 .text.xQueueGenericCreate
                0x08004560       0x76 ./src/queue.o
                0x08004560                xQueueGenericCreate
 *fill*         0x080045d6        0x2 
 .text.xQueueGenericSend
                0x080045d8      0x17c ./src/queue.o
                0x080045d8                xQueueGenericSend
 .text.xQueueGenericSendFromISR
                0x08004754       0xe4 ./src/queue.o
                0x08004754                xQueueGenericSendFromISR
 .text.xQueueGiveFromISR
                0x08004838       0xc8 ./src/queue.o
                0x08004838                xQueueGiveFromISR
 .text.xQueueReceive
                0x08004900      0x158 ./src/queue.o
                0x08004900                xQueueReceive
 .text.xQueueSemaphoreTake
                0x08004a58      0x19c ./src/queue.o
                0x08004a58                xQueueSemaphoreTake
 .text.xQueueReceiveFromISR
                0x08004bf4       0xc0 ./src/queue.o
                0x08004bf4                xQueueReceiveFromISR
 .text.vQueueWaitForMessageRestricted
                0x08004cb4       0x52 ./src/queue.o
                0x08004cb4                vQueueWaitForMessageRestricted
 *fill*         0x08004d06        0x2 
 .text.prvResetNextTaskUnblockTime
                0x08004d08       0x28 ./src/tasks.o
 .text.prvDeleteTCB
                0x08004d30       0x12 ./src/tasks.o
 .text.prvInitialiseNewTask
                0x08004d42       0x9e ./src/tasks.o
 .text.prvInitialiseTaskLists
                0x08004de0       0x68 ./src/tasks.o
 .text.prvAddNewTaskToReadyList
                0x08004e48       0xa8 ./src/tasks.o
 .text.prvCheckTasksWaitingTermination
                0x08004ef0       0x4c ./src/tasks.o
 .text.prvIdleTask
                0x08004f3c       0x28 ./src/tasks.o
 .text.prvAddCurrentTaskToDelayedList
                0x08004f64       0x98 ./src/tasks.o
 .text.xTaskCreate
                0x08004ffc       0x62 ./src/tasks.o
                0x08004ffc                xTaskCreate
 *fill*         0x0800505e        0x2 
 .text.vTaskDelete
                0x08005060       0xe0 ./src/tasks.o
                0x08005060                vTaskDelete
 .text.vTaskStartScheduler
                0x08005140       0x8c ./src/tasks.o
                0x08005140                vTaskStartScheduler
 .text.vTaskSuspendAll
                0x080051cc       0x10 ./src/tasks.o
                0x080051cc                vTaskSuspendAll
 .text.xTaskGetTickCount
                0x080051dc        0xc ./src/tasks.o
                0x080051dc                xTaskGetTickCount
 .text.xTaskIncrementTick
                0x080051e8      0x118 ./src/tasks.o
                0x080051e8                xTaskIncrementTick
 .text.xTaskResumeAll
                0x08005300       0xf4 ./src/tasks.o
                0x08005300                xTaskResumeAll
 .text.xTaskDelayUntil
                0x080053f4       0xb0 ./src/tasks.o
                0x080053f4                xTaskDelayUntil
 .text.vTaskSwitchContext
                0x080054a4       0x98 ./src/tasks.o
                0x080054a4                vTaskSwitchContext
 .text.vTaskPlaceOnEventList
                0x0800553c       0x30 ./src/tasks.o
                0x0800553c                vTaskPlaceOnEventList
 .text.vTaskPlaceOnEventListRestricted
                0x0800556c       0x38 ./src/tasks.o
                0x0800556c                vTaskPlaceOnEventListRestricted
 .text.xTaskRemoveFromEventList
                0x080055a4       0x8c ./src/tasks.o
                0x080055a4                xTaskRemoveFromEventList
 .text.vTaskInternalSetTimeOutState
                0x08005630       0x18 ./src/tasks.o
                0x08005630                vTaskInternalSetTimeOutState
 .text.xTaskCheckForTimeOut
                0x08005648       0x84 ./src/tasks.o
                0x08005648                xTaskCheckForTimeOut
 .text.vTaskMissedYield
                0x080056cc        0xc ./src/tasks.o
                0x080056cc                vTaskMissedYield
 .text.xTaskGetSchedulerState
                0x080056d8       0x20 ./src/tasks.o
                0x080056d8                xTaskGetSchedulerState
 .text.xTaskPriorityInherit
                0x080056f8       0xac ./src/tasks.o
                0x080056f8                xTaskPriorityInherit
 .text.xTaskPriorityDisinherit
                0x080057a4       0xa4 ./src/tasks.o
                0x080057a4                xTaskPriorityDisinherit
 .text.vTaskPriorityDisinheritAfterTimeout
                0x08005848       0xb4 ./src/tasks.o
                0x08005848                vTaskPriorityDisinheritAfterTimeout
 .text.pvTaskIncrementMutexHeldCount
                0x080058fc       0x1c ./src/tasks.o
                0x080058fc                pvTaskIncrementMutexHeldCount
 .text.prvGetNextExpireTime
                0x08005918       0x20 ./src/timers.o
 .text.prvInsertTimerInActiveList
                0x08005938       0x48 ./src/timers.o
 .text.prvCheckForValidListAndQueue
                0x08005980       0x50 ./src/timers.o
 .text.xTimerCreateTimerTask
                0x080059d0       0x4c ./src/timers.o
                0x080059d0                xTimerCreateTimerTask
 .text.xTimerGenericCommand
                0x08005a1c       0x6c ./src/timers.o
                0x08005a1c                xTimerGenericCommand
 .text.prvSwitchTimerLists
                0x08005a88       0x7c ./src/timers.o
 .text.prvSampleTimeNow
                0x08005b04       0x2c ./src/timers.o
 .text.prvProcessExpiredTimer
                0x08005b30       0x6c ./src/timers.o
 .text.prvProcessTimerOrBlockTask
                0x08005b9c       0x74 ./src/timers.o
 .text.prvProcessReceivedCommands
                0x08005c10       0xfc ./src/timers.o
 .text.prvTimerTask
                0x08005d0c       0x16 ./src/timers.o
 *fill*         0x08005d22        0x2 
 .text          0x08005d24      0x378 d:/courses/imt arm/imt_arm_course/02- tools/03- imt sdk/imt_sdk_win_64/winarm/armgcc/bin/../lib/gcc/arm-none-eabi/7.2.1/thumb/v7-m\libgcc.a(_arm_addsubdf3.o)
                0x08005d24                __aeabi_drsub
                0x08005d2c                __aeabi_dsub
                0x08005d2c                __subdf3
                0x08005d30                __aeabi_dadd
                0x08005d30                __adddf3
                0x08005fa8                __floatunsidf
                0x08005fa8                __aeabi_ui2d
                0x08005fc8                __floatsidf
                0x08005fc8                __aeabi_i2d
                0x08005fec                __aeabi_f2d
                0x08005fec                __extendsfdf2
                0x08006030                __floatundidf
                0x08006030                __aeabi_ul2d
                0x08006040                __floatdidf
                0x08006040                __aeabi_l2d
 .text          0x0800609c      0x424 d:/courses/imt arm/imt_arm_course/02- tools/03- imt sdk/imt_sdk_win_64/winarm/armgcc/bin/../lib/gcc/arm-none-eabi/7.2.1/thumb/v7-m\libgcc.a(_arm_muldivdf3.o)
                0x0800609c                __aeabi_dmul
                0x0800609c                __muldf3
                0x080062f0                __divdf3
                0x080062f0                __aeabi_ddiv
 .text          0x080064c0       0x40 d:/courses/imt arm/imt_arm_course/02- tools/03- imt sdk/imt_sdk_win_64/winarm/armgcc/bin/../lib/gcc/arm-none-eabi/7.2.1/thumb/v7-m\libgcc.a(_arm_fixunsdfsi.o)
                0x080064c0                __aeabi_d2uiz
                0x080064c0                __fixunsdfsi
 .text          0x08006500       0xa0 d:/courses/imt arm/imt_arm_course/02- tools/03- imt sdk/imt_sdk_win_64/winarm/armgcc/bin/../lib/gcc/arm-none-eabi/7.2.1/thumb/v7-m\libgcc.a(_arm_truncdfsf2.o)
                0x08006500                __truncdfsf2
                0x08006500                __aeabi_d2f
 .text          0x080065a0      0x21c d:/courses/imt arm/imt_arm_course/02- tools/03- imt sdk/imt_sdk_win_64/winarm/armgcc/bin/../lib/gcc/arm-none-eabi/7.2.1/thumb/v7-m\libgcc.a(_arm_addsubsf3.o)
                0x080065a0                __aeabi_frsub
                0x080065a8                __subsf3
                0x080065a8                __aeabi_fsub
                0x080065ac                __aeabi_fadd
                0x080065ac                __addsf3
                0x0800670c                __aeabi_ui2f
                0x0800670c                __floatunsisf
                0x08006714                __aeabi_i2f
                0x08006714                __floatsisf
                0x08006730                __aeabi_ul2f
                0x08006730                __floatundisf
                0x08006740                __aeabi_l2f
                0x08006740                __floatdisf
 .text          0x080067bc       0xec d:/courses/imt arm/imt_arm_course/02- tools/03- imt sdk/imt_sdk_win_64/winarm/armgcc/bin/../lib/gcc/arm-none-eabi/7.2.1/thumb/v7-m\libgcc.a(_arm_cmpsf2.o)
                0x080067bc                __gesf2
                0x080067bc                __gtsf2
                0x080067c4                __lesf2
                0x080067c4                __ltsf2
                0x080067cc                __nesf2
                0x080067cc                __eqsf2
                0x080067cc                __cmpsf2
                0x0800682c                __aeabi_cfrcmple
                0x08006834                __aeabi_cfcmpeq
                0x08006834                __aeabi_cfcmple
                0x08006844                __aeabi_fcmpeq
                0x08006858                __aeabi_fcmplt
                0x0800686c                __aeabi_fcmple
                0x08006880                __aeabi_fcmpge
                0x08006894                __aeabi_fcmpgt
 .text.__errno  0x080068a8        0xc d:/courses/imt arm/imt_arm_course/02- tools/03- imt sdk/imt_sdk_win_64/winarm/armgcc/bin/../lib/gcc/arm-none-eabi/7.2.1/../../../../arm-none-eabi/lib/thumb/v7-m\libg_nano.a(lib_a-errno.o)
                0x080068a8                __errno
 .text.memcpy   0x080068b4       0x16 d:/courses/imt arm/imt_arm_course/02- tools/03- imt sdk/imt_sdk_win_64/winarm/armgcc/bin/../lib/gcc/arm-none-eabi/7.2.1/../../../../arm-none-eabi/lib/thumb/v7-m\libg_nano.a(lib_a-memcpy-stub.o)
                0x080068b4                memcpy
 .text.memset   0x080068ca       0x10 d:/courses/imt arm/imt_arm_course/02- tools/03- imt sdk/imt_sdk_win_64/winarm/armgcc/bin/../lib/gcc/arm-none-eabi/7.2.1/../../../../arm-none-eabi/lib/thumb/v7-m\libg_nano.a(lib_a-memset.o)
                0x080068ca                memset
 .text._vsnprintf_r
                0x080068da       0x58 d:/courses/imt arm/imt_arm_course/02- tools/03- imt sdk/imt_sdk_win_64/winarm/armgcc/bin/../lib/gcc/arm-none-eabi/7.2.1/../../../../arm-none-eabi/lib/thumb/v7-m\libg_nano.a(lib_a-vsnprintf.o)
                0x080068da                _vsniprintf_r
                0x080068da                _vsnprintf_r
 *fill*         0x08006932        0x2 
 .text.vsnprintf
                0x08006934       0x1c d:/courses/imt arm/imt_arm_course/02- tools/03- imt sdk/imt_sdk_win_64/winarm/armgcc/bin/../lib/gcc/arm-none-eabi/7.2.1/../../../../arm-none-eabi/lib/thumb/v7-m\libg_nano.a(lib_a-vsnprintf.o)
                0x08006934                vsniprintf
                0x08006934                vsnprintf
 .text.__ssputs_r
                0x08006950       0xb4 d:/courses/imt arm/imt_arm_course/02- tools/03- imt sdk/imt_sdk_win_64/winarm/armgcc/bin/../lib/gcc/arm-none-eabi/7.2.1/../../../../arm-none-eabi/lib/thumb/v7-m\libg_nano.a(lib_a-nano-svfprintf.o)
                0x08006950                __ssputs_r
 .text._svfprintf_r
                0x08006a04      0x1ec d:/courses/imt arm/imt_arm_course/02- tools/03- imt sdk/imt_sdk_win_64/winarm/armgcc/bin/../lib/gcc/arm-none-eabi/7.2.1/../../../../arm-none-eabi/lib/thumb/v7-m\libg_nano.a(lib_a-nano-svfprintf.o)
                0x08006a04                _svfiprintf_r
                0x08006a04                _svfprintf_r
 .text._printf_common
                0x08006bf0       0xec d:/courses/imt arm/imt_arm_course/02- tools/03- imt sdk/imt_sdk_win_64/winarm/armgcc/bin/../lib/gcc/arm-none-eabi/7.2.1/../../../../arm-none-eabi/lib/thumb/v7-m\libg_nano.a(lib_a-nano-vfprintf_i.o)
                0x08006bf0                _printf_common
 .text._printf_i
                0x08006cdc      0x224 d:/courses/imt arm/imt_arm_course/02- tools/03- imt sdk/imt_sdk_win_64/winarm/armgcc/bin/../lib/gcc/arm-none-eabi/7.2.1/../../../../arm-none-eabi/lib/thumb/v7-m\libg_nano.a(lib_a-nano-vfprintf_i.o)
                0x08006cdc                _printf_i
 .text.memchr   0x08006f00       0x1c d:/courses/imt arm/imt_arm_course/02- tools/03- imt sdk/imt_sdk_win_64/winarm/armgcc/bin/../lib/gcc/arm-none-eabi/7.2.1/../../../../arm-none-eabi/lib/thumb/v7-m\libg_nano.a(lib_a-memchr-stub.o)
                0x08006f00                memchr
 .text.memmove  0x08006f1c       0x32 d:/courses/imt arm/imt_arm_course/02- tools/03- imt sdk/imt_sdk_win_64/winarm/armgcc/bin/../lib/gcc/arm-none-eabi/7.2.1/../../../../arm-none-eabi/lib/thumb/v7-m\libg_nano.a(lib_a-memmove.o)
                0x08006f1c                memmove
 *fill*         0x08006f4e        0x2 
 .text._free_r  0x08006f50       0x98 d:/courses/imt arm/imt_arm_course/02- tools/03- imt sdk/imt_sdk_win_64/winarm/armgcc/bin/../lib/gcc/arm-none-eabi/7.2.1/../../../../arm-none-eabi/lib/thumb/v7-m\libg_nano.a(lib_a-nano-freer.o)
                0x08006f50                _free_r
 .text._malloc_r
                0x08006fe8       0xb4 d:/courses/imt arm/imt_arm_course/02- tools/03- imt sdk/imt_sdk_win_64/winarm/armgcc/bin/../lib/gcc/arm-none-eabi/7.2.1/../../../../arm-none-eabi/lib/thumb/v7-m\libg_nano.a(lib_a-nano-mallocr.o)
                0x08006fe8                _malloc_r
 .text._realloc_r
                0x0800709c       0x4c d:/courses/imt arm/imt_arm_course/02- tools/03- imt sdk/imt_sdk_win_64/winarm/armgcc/bin/../lib/gcc/arm-none-eabi/7.2.1/../../../../arm-none-eabi/lib/thumb/v7-m\libg_nano.a(lib_a-nano-reallocr.o)
                0x0800709c                _realloc_r
 .text._sbrk_r  0x080070e8       0x20 d:/courses/imt arm/imt_arm_course/02- tools/03- imt sdk/imt_sdk_win_64/winarm/armgcc/bin/../lib/gcc/arm-none-eabi/7.2.1/../../../../arm-none-eabi/lib/thumb/v7-m\libg_nano.a(lib_a-sbrkr.o)
                0x080070e8                _sbrk_r
 .text.__malloc_lock
                0x08007108        0x2 d:/courses/imt arm/imt_arm_course/02- tools/03- imt sdk/imt_sdk_win_64/winarm/armgcc/bin/../lib/gcc/arm-none-eabi/7.2.1/../../../../arm-none-eabi/lib/thumb/v7-m\libg_nano.a(lib_a-mlock.o)
                0x08007108                __malloc_lock
 .text.__malloc_unlock
                0x0800710a        0x2 d:/courses/imt arm/imt_arm_course/02- tools/03- imt sdk/imt_sdk_win_64/winarm/armgcc/bin/../lib/gcc/arm-none-eabi/7.2.1/../../../../arm-none-eabi/lib/thumb/v7-m\libg_nano.a(lib_a-mlock.o)
                0x0800710a                __malloc_unlock
 .text._malloc_usable_size_r
                0x0800710c       0x10 d:/courses/imt arm/imt_arm_course/02- tools/03- imt sdk/imt_sdk_win_64/winarm/armgcc/bin/../lib/gcc/arm-none-eabi/7.2.1/../../../../arm-none-eabi/lib/thumb/v7-m\libg_nano.a(lib_a-nano-msizer.o)
                0x0800710c                _malloc_usable_size_r
 *(.rodata .rodata.* .constdata .constdata.*)
 .rodata.dumpExceptionStack.str1.4
                0x0800711c      0x11a ./system/src/cortexm/exception_handlers.o
 *fill*         0x08007236        0x2 
 .rodata.str1.4
                0x08007238       0x2a ./system/src/cortexm/exception_handlers.o
 *fill*         0x08007262        0x2 
 .rodata        0x08007264        0xe ./src/UDS_DiagnosticSessionControl_program.o
 *fill*         0x08007272        0x2 
 .rodata        0x08007274        0x2 ./src/UDS_ECUReset_program.o
 *fill*         0x08007276        0x2 
 .rodata        0x08007278        0x3 ./src/UDS_RequestDownload_program.o
 *fill*         0x0800727b        0x1 
 .rodata.main.str1.4
                0x0800727c       0x35 ./src/main.o
 *fill*         0x080072b1        0x3 
 .rodata.vBUTTON_Task.str1.4
                0x080072b4        0xd ./src/my_tasks.o
 *fill*         0x080072c1        0x3 
 .rodata.vTaskStartScheduler.str1.4
                0x080072c4        0x5 ./src/tasks.o
 *fill*         0x080072c9        0x3 
 .rodata.xTimerCreateTimerTask.str1.4
                0x080072cc        0x8 ./src/timers.o
 .rodata._svfprintf_r.str1.1
                0x080072d4       0x11 d:/courses/imt arm/imt_arm_course/02- tools/03- imt sdk/imt_sdk_win_64/winarm/armgcc/bin/../lib/gcc/arm-none-eabi/7.2.1/../../../../arm-none-eabi/lib/thumb/v7-m\libg_nano.a(lib_a-nano-svfprintf.o)
 .rodata._printf_i.str1.1
                0x080072e5       0x22 d:/courses/imt arm/imt_arm_course/02- tools/03- imt sdk/imt_sdk_win_64/winarm/armgcc/bin/../lib/gcc/arm-none-eabi/7.2.1/../../../../arm-none-eabi/lib/thumb/v7-m\libg_nano.a(lib_a-nano-vfprintf_i.o)
 *(vtable)
 *(.eh_frame*)
 *(.glue_7)
 .glue_7        0x08007307        0x0 linker stubs
 *(.glue_7t)
 .glue_7t       0x08007307        0x0 linker stubs

.vfp11_veneer   0x08007308        0x0
 .vfp11_veneer  0x08007308        0x0 linker stubs

.v4_bx          0x08007308        0x0
 .v4_bx         0x08007308        0x0 linker stubs

.iplt           0x08007308        0x0
 .iplt          0x08007308        0x0 ./system/src/newlib/_exit.o

.rel.dyn        0x08007308        0x0
 .rel.iplt      0x08007308        0x0 ./system/src/newlib/_exit.o

.ARM.extab
 *(.ARM.extab* .gnu.linkonce.armextab.*)
                0x08007308                . = ALIGN (0x4)
                0x08007308                __exidx_start = .

.ARM.exidx
 *(.ARM.exidx* .gnu.linkonce.armexidx.*)
                0x08007308                __exidx_end = .
                0x08007308                . = ALIGN (0x4)
                0x08007308                _etext = .
                0x08007308                __etext = .

.data_CCMRAM    0x00000000        0x0 load address 0x08007308
 FILL mask 0xff
 *(.data.CCMRAM .data.CCMRAM.*)
                0x00000000                . = ALIGN (0x4)
                0x08007308                _sidata = LOADADDR (.data)

.data           0x20000000       0xa0 load address 0x08007308
 FILL mask 0xff
                0x20000000                _sdata = .
                0x20000000                __data_start__ = .
 *(.data_begin .data_begin.*)
 .data_begin    0x20000000        0x4 ./system/src/newlib/_startup.o
 *(.data .data.*)
 .data.argv.4310
                0x20000004        0x8 ./system/src/newlib/_syscalls.o
 .data.AHBPrescTable
                0x2000000c       0x10 ./system/src/cmsis/system_stm32f10x.o
                0x2000000c                AHBPrescTable
 .data.SystemCoreClock
                0x2000001c        0x4 ./system/src/cmsis/system_stm32f10x.o
                0x2000001c                SystemCoreClock
 .data.Expected_SN.3733
                0x20000020        0x1 ./src/DoCAN_program.o
 .data.UDS_u8DTCSetting
                0x20000021        0x1 ./src/UDS_ControlDTCSetting_program.o
                0x20000021                UDS_u8DTCSetting
 .data.UDS_u8ActiveSession
                0x20000022        0x1 ./src/UDS_DiagnosticSessionControl_program.o
                0x20000022                UDS_u8ActiveSession
 .data.TransferData_u8ExpectedBSC
                0x20000023        0x1 ./src/UDS_TransferData_program.o
                0x20000023                TransferData_u8ExpectedBSC
 .data.xFreeBytesRemaining
                0x20000024        0x4 ./src/heap_2.o
 .data.Zone_1   0x20000028        0x4 ./src/my_tasks.o
                0x20000028                Zone_1
 .data.Zone_2   0x2000002c        0x4 ./src/my_tasks.o
                0x2000002c                Zone_2
 .data.uxCriticalNesting
                0x20000030        0x4 ./src/port.o
 .data.uxTopUsedPriority
                0x20000034        0x4 ./src/tasks.o
                0x20000034                uxTopUsedPriority
 .data._impure_ptr
                0x20000038        0x4 d:/courses/imt arm/imt_arm_course/02- tools/03- imt sdk/imt_sdk_win_64/winarm/armgcc/bin/../lib/gcc/arm-none-eabi/7.2.1/../../../../arm-none-eabi/lib/thumb/v7-m\libg_nano.a(lib_a-impure.o)
                0x20000038                _impure_ptr
 .data.impure_data
                0x2000003c       0x60 d:/courses/imt arm/imt_arm_course/02- tools/03- imt sdk/imt_sdk_win_64/winarm/armgcc/bin/../lib/gcc/arm-none-eabi/7.2.1/../../../../arm-none-eabi/lib/thumb/v7-m\libg_nano.a(lib_a-impure.o)
 *(.data_end .data_end.*)
 .data_end      0x2000009c        0x4 ./system/src/newlib/_startup.o
                0x200000a0                . = ALIGN (0x4)
                0x200000a0                _edata = .
                0x200000a0                __data_end__ = .

.igot.plt       0x200000a0        0x0 load address 0x080073a8
 .igot.plt      0x200000a0        0x0 ./system/src/newlib/_exit.o

.bss_CCMRAM     0x00000000        0x0
 *(.bss.CCMRAM .bss.CCMRAM.*)

.bss            0x200000a0     0x4020
                0x200000a0                __bss_start__ = .
                0x200000a0                _sbss = .
 *(.bss_begin .bss_begin.*)
 .bss_begin     0x200000a0        0x4 ./system/src/newlib/_startup.o
 *(.bss .bss.*)
 .bss.current_heap_end.3961
                0x200000a4        0x4 ./system/src/newlib/_sbrk.o
 .bss.name.4309
                0x200000a8        0x1 ./system/src/newlib/_syscalls.o
 *fill*         0x200000a9        0x3 
 .bss.buf.5205  0x200000ac       0x80 ./system/src/diag/Trace.o
 .bss.ADC_ISR   0x2000012c        0x4 ./src/ADC_program.o
                0x2000012c                ADC_ISR
 .bss.CAN_CallBackFunc
                0x20000130        0x4 ./src/CAN_program.o
 .bss.CAN_DTC   0x20000134       0x10 ./src/CAN_program.o
 .bss.CAN_PROP  0x20000144        0xc ./src/CAN_program.o
 .bss.Local_u8FilterIndex.3827
                0x20000150        0x1 ./src/CAN_program.o
 *fill*         0x20000151        0x1 
 .bss.i.3729    0x20000152        0x2 ./src/DoCAN_program.o
 .bss.Flag      0x20000154        0x1 ./src/SPEED_program.o
 *fill*         0x20000155        0x3 
 .bss.SPEED_DTC
                0x20000158       0x18 ./src/SPEED_program.o
 .bss.SPEED_PROP
                0x20000170       0x12 ./src/SPEED_program.o
 .bss.SPEED_u16Reading
                0x20000182        0x2 ./src/SPEED_program.o
                0x20000182                SPEED_u16Reading
 .bss.TIMER_Callback
                0x20000184       0x18 ./src/TIMER_program.o
 .bss.TIMER_u8IntervalType
                0x2000019c        0x6 ./src/TIMER_program.o
 *fill*         0x200001a2        0x2 
 .bss.UART_CallBack
                0x200001a4        0x8 ./src/UART_program.o
 .bss.UART_PROP
                0x200001ac        0xc ./src/UART_program.o
 .bss.UDS_u8SessionTimer
                0x200001b8        0x1 ./src/UDS_DiagnosticSessionControl_program.o
                0x200001b8                UDS_u8SessionTimer
 .bss.RequestDownload_u8ActiveFlag
                0x200001b9        0x1 ./src/UDS_RequestDownload_program.o
                0x200001b9                RequestDownload_u8ActiveFlag
 .bss.TransferData_u16NumOfLines
                0x200001ba        0x2 ./src/UDS_TransferData_program.o
                0x200001ba                TransferData_u16NumOfLines
 .bss.TransferData_u32ReceivedBytes
                0x200001bc        0x4 ./src/UDS_TransferData_program.o
                0x200001bc                TransferData_u32ReceivedBytes
 .bss.TransferData_u8NextAddress
                0x200001c0        0x2 ./src/UDS_TransferData_program.o
                0x200001c0                TransferData_u8NextAddress
 .bss.Local_u8Flag
                0x200001c2        0x1 ./src/USONIC_program.o
                0x200001c2                Local_u8Flag
 *fill*         0x200001c3        0x1 
 .bss.USONIC_PROP
                0x200001c4       0x3c ./src/USONIC_program.o
 .bss.dtc_usonic
                0x20000200       0x50 ./src/USONIC_program.o
 .bss.Flag      0x20000250        0x1 ./src/VSEN_program.o
 *fill*         0x20000251        0x3 
 .bss.VSEN_DTC  0x20000254       0x18 ./src/VSEN_program.o
 .bss.VSEN_PROP
                0x2000026c       0x12 ./src/VSEN_program.o
 *fill*         0x2000027e        0x2 
 .bss.ucHeap    0x20000280     0x3c00 ./src/heap_2.o
 .bss.xEnd      0x20003e80        0x8 ./src/heap_2.o
 .bss.xHeapHasBeenInitialised.4671
                0x20003e88        0x4 ./src/heap_2.o
 .bss.xStart    0x20003e8c        0x8 ./src/heap_2.o
 .bss.i         0x20003e94        0x1 ./src/my_tasks.o
                0x20003e94                i
 .bss.ucMaxSysCallPriority
                0x20003e95        0x1 ./src/port.o
 *fill*         0x20003e96        0x2 
 .bss.ulMaxPRIGROUPValue
                0x20003e98        0x4 ./src/port.o
 .bss.pxCurrentTCB
                0x20003e9c        0x4 ./src/tasks.o
                0x20003e9c                pxCurrentTCB
 .bss.pxDelayedTaskList
                0x20003ea0        0x4 ./src/tasks.o
 .bss.pxOverflowDelayedTaskList
                0x20003ea4        0x4 ./src/tasks.o
 .bss.pxReadyTasksLists
                0x20003ea8       0x64 ./src/tasks.o
 .bss.uxCurrentNumberOfTasks
                0x20003f0c        0x4 ./src/tasks.o
 .bss.uxDeletedTasksWaitingCleanUp
                0x20003f10        0x4 ./src/tasks.o
 .bss.uxSchedulerSuspended
                0x20003f14        0x4 ./src/tasks.o
 .bss.uxTaskNumber
                0x20003f18        0x4 ./src/tasks.o
 .bss.uxTopReadyPriority
                0x20003f1c        0x4 ./src/tasks.o
 .bss.xDelayedTaskList1
                0x20003f20       0x14 ./src/tasks.o
 .bss.xDelayedTaskList2
                0x20003f34       0x14 ./src/tasks.o
 .bss.xIdleTaskHandle
                0x20003f48        0x4 ./src/tasks.o
 .bss.xNextTaskUnblockTime
                0x20003f4c        0x4 ./src/tasks.o
 .bss.xNumOfOverflows
                0x20003f50        0x4 ./src/tasks.o
 .bss.xPendedTicks
                0x20003f54        0x4 ./src/tasks.o
 .bss.xPendingReadyList
                0x20003f58       0x14 ./src/tasks.o
 .bss.xSchedulerRunning
                0x20003f6c        0x4 ./src/tasks.o
 .bss.xSuspendedTaskList
                0x20003f70       0x14 ./src/tasks.o
 .bss.xTasksWaitingTermination
                0x20003f84       0x14 ./src/tasks.o
 .bss.xTickCount
                0x20003f98        0x4 ./src/tasks.o
 .bss.xYieldPending
                0x20003f9c        0x4 ./src/tasks.o
 .bss.pxCurrentTimerList
                0x20003fa0        0x4 ./src/timers.o
 .bss.pxOverflowTimerList
                0x20003fa4        0x4 ./src/timers.o
 .bss.xActiveTimerList1
                0x20003fa8       0x14 ./src/timers.o
 .bss.xActiveTimerList2
                0x20003fbc       0x14 ./src/timers.o
 .bss.xLastTime.4970
                0x20003fd0        0x4 ./src/timers.o
 .bss.xTimerQueue
                0x20003fd4        0x4 ./src/timers.o
 .bss.xTimerTaskHandle
                0x20003fd8        0x4 ./src/timers.o
 .bss.__malloc_free_list
                0x20003fdc        0x4 d:/courses/imt arm/imt_arm_course/02- tools/03- imt sdk/imt_sdk_win_64/winarm/armgcc/bin/../lib/gcc/arm-none-eabi/7.2.1/../../../../arm-none-eabi/lib/thumb/v7-m\libg_nano.a(lib_a-nano-mallocr.o)
                0x20003fdc                __malloc_free_list
 .bss.__malloc_sbrk_start
                0x20003fe0        0x4 d:/courses/imt arm/imt_arm_course/02- tools/03- imt sdk/imt_sdk_win_64/winarm/armgcc/bin/../lib/gcc/arm-none-eabi/7.2.1/../../../../arm-none-eabi/lib/thumb/v7-m\libg_nano.a(lib_a-nano-mallocr.o)
                0x20003fe0                __malloc_sbrk_start
 *(COMMON)
 COMMON         0x20003fe4        0x4 ./system/src/newlib/_syscalls.o
                0x20003fe4                errno
 COMMON         0x20003fe8        0xb ./src/CAN_program.o
                0x20003fe8                CAN_RECIEVED_MSG
 COMMON         0x20003ff3        0x2 ./src/CAR_program.o
                0x20003ff3                CAR_SPEED_CurrentValue
                0x20003ff4                CAR_DIRECTION_CurrentValue
 *fill*         0x20003ff5        0x3 
 COMMON         0x20003ff8       0x73 ./src/DTC_program.o
                0x20003ff8                RequestMassage
                0x20004030                Received_Data
                0x20004068                Received_FlowControl
 *fill*         0x2000406b        0x1 
 COMMON         0x2000406c        0x8 ./src/DoCAN_program.o
                0x2000406c                FlowControlIndication
                0x20004070                MassageIndication
 COMMON         0x20004074       0x10 ./src/UDS_ReadDataById_program.o
                0x20004074                GetFrontDistanceValue
                0x20004078                GetVoltValue
                0x2000407c                GetSpeedValue
                0x20004080                GetBackDistanceValue
 COMMON         0x20004084        0x4 ./src/UDS_RequestDownload_program.o
                0x20004084                RequestDownload_u32Size
 COMMON         0x20004088        0x8 ./src/UDS_WriteDataById_program.o
                0x20004088                SetZone2
                0x2000408c                SetZone1
 COMMON         0x20004090       0x28 ./src/main.o
                0x20004090                xSema
                0x20004094                Direction
                0x20004098                USONIC_Handle
                0x2000409c                Rear_Distance
                0x200040a0                xSemaVoltage
                0x200040a4                xSemaSpeed
                0x200040a8                xSemaDirection
                0x200040ac                xSemaService
                0x200040b0                BTask
                0x200040b4                Front_Distance
 COMMON         0x200040b8        0x4 ./src/my_tasks.o
                0x200040b8                Psdu
 *(.bss_end .bss_end.*)
 .bss_end       0x200040bc        0x4 ./system/src/newlib/_startup.o
                0x200040c0                . = ALIGN (0x4)
                0x200040c0                __bss_end__ = .
                0x200040c0                _ebss = .

.noinit_CCMRAM
 *(.noinit.CCMRAM .noinit.CCMRAM.*)

.noinit         0x200040c0        0x0
                0x200040c0                _noinit = .
 *(.noinit .noinit.*)
                0x200040c0                . = ALIGN (0x4)
                0x200040c0                _end_noinit = .
                [!provide]                PROVIDE (end, _end_noinit)
                [!provide]                PROVIDE (_end, _end_noinit)
                [!provide]                PROVIDE (__end, _end_noinit)
                [!provide]                PROVIDE (__end__, _end_noinit)

._check_stack   0x200040c0      0x100
                0x200041c0                . = (. + _Minimum_Stack_Size)
 *fill*         0x200040c0      0x100 

.b1text
 *(.b1text)
 *(.b1rodata)
 *(.b1rodata.*)

.eb0text
 *(.eb0text)
 *(.eb0rodata)
 *(.eb0rodata.*)

.eb1text
 *(.eb1text)
 *(.eb1rodata)
 *(.eb1rodata.*)

.eb2text
 *(.eb2text)
 *(.eb2rodata)
 *(.eb2rodata.*)

.eb3text
 *(.eb3text)
 *(.eb3rodata)
 *(.eb3rodata.*)

.stab
 *(.stab)

.stabstr
 *(.stabstr)

.stab.excl
 *(.stab.excl)

.stab.exclstr
 *(.stab.exclstr)

.stab.index
 *(.stab.index)

.stab.indexstr
 *(.stab.indexstr)

.comment        0x00000000       0x7e
 *(.comment)
 .comment       0x00000000       0x7e ./system/src/newlib/_exit.o
                                 0x7f (size before relaxing)
 .comment       0x0000007e       0x7f ./system/src/newlib/_sbrk.o
 .comment       0x0000007e       0x7f ./system/src/newlib/_startup.o
 .comment       0x0000007e       0x7f ./system/src/newlib/_syscalls.o
 .comment       0x0000007e       0x7f ./system/src/diag/Trace.o
 .comment       0x0000007e       0x7f ./system/src/diag/trace_impl.o
 .comment       0x0000007e       0x7f ./system/src/cortexm/_initialize_hardware.o
 .comment       0x0000007e       0x7f ./system/src/cortexm/exception_handlers.o
 .comment       0x0000007e       0x7f ./system/src/cmsis/system_stm32f10x.o
 .comment       0x0000007e       0x7f ./system/src/cmsis/vectors_stm32f10x.o
 .comment       0x0000007e       0x7f ./src/ADC_program.o
 .comment       0x0000007e       0x7f ./src/CAN_program.o
 .comment       0x0000007e       0x7f ./src/CAR_program.o
 .comment       0x0000007e       0x7f ./src/DIO_program.o
 .comment       0x0000007e       0x7f ./src/DTC_program.o
 .comment       0x0000007e       0x7f ./src/DoCAN_program.o
 .comment       0x0000007e       0x7f ./src/EEPROM_program.o
 .comment       0x0000007e       0x7f ./src/I2C_program.o
 .comment       0x0000007e       0x7f ./src/MOTOR_program.o
 .comment       0x0000007e       0x7f ./src/NVIC_program.o
 .comment       0x0000007e       0x7f ./src/RCC_program.o
 .comment       0x0000007e       0x7f ./src/SPEED_program.o
 .comment       0x0000007e       0x7f ./src/TIMER_program.o
 .comment       0x0000007e       0x7f ./src/UART_program.o
 .comment       0x0000007e       0x7f ./src/UDSHandler_program.o
 .comment       0x0000007e       0x7f ./src/UDS_ClearDiagnosticInformation_program.o
 .comment       0x0000007e       0x7f ./src/UDS_ControlDTCSetting_program.o
 .comment       0x0000007e       0x7f ./src/UDS_DiagnosticSessionControl_program.o
 .comment       0x0000007e       0x7f ./src/UDS_ECUReset_program.o
 .comment       0x0000007e       0x7f ./src/UDS_ReadDTCInformation_program.o
 .comment       0x0000007e       0x7f ./src/UDS_ReadDataById_program.o
 .comment       0x0000007e       0x7f ./src/UDS_RequestDownload_program.o
 .comment       0x0000007e       0x7f ./src/UDS_RequestTransferExit_program.o
 .comment       0x0000007e       0x7f ./src/UDS_TesterPresent_program.o
 .comment       0x0000007e       0x7f ./src/UDS_TransferData_program.o
 .comment       0x0000007e       0x7f ./src/UDS_WriteDataById_program.o
 .comment       0x0000007e       0x7f ./src/USONIC_program.o
 .comment       0x0000007e       0x7f ./src/VSEN_program.o
 .comment       0x0000007e       0x7f ./src/heap_2.o
 .comment       0x0000007e       0x7f ./src/list.o
 .comment       0x0000007e       0x7f ./src/main.o
 .comment       0x0000007e       0x7f ./src/my_tasks.o
 .comment       0x0000007e       0x7f ./src/port.o
 .comment       0x0000007e       0x7f ./src/queue.o
 .comment       0x0000007e       0x7f ./src/tasks.o
 .comment       0x0000007e       0x7f ./src/timers.o

.ARM.attributes
                0x00000000       0x31
 .ARM.attributes
                0x00000000       0x33 ./system/src/newlib/_exit.o
 .ARM.attributes
                0x00000033       0x33 ./system/src/newlib/_sbrk.o
 .ARM.attributes
                0x00000066       0x33 ./system/src/newlib/_startup.o
 .ARM.attributes
                0x00000099       0x33 ./system/src/newlib/_syscalls.o
 .ARM.attributes
                0x000000cc       0x33 ./system/src/diag/Trace.o
 .ARM.attributes
                0x000000ff       0x33 ./system/src/diag/trace_impl.o
 .ARM.attributes
                0x00000132       0x33 ./system/src/cortexm/_initialize_hardware.o
 .ARM.attributes
                0x00000165       0x33 ./system/src/cortexm/exception_handlers.o
 .ARM.attributes
                0x00000198       0x33 ./system/src/cmsis/system_stm32f10x.o
 .ARM.attributes
                0x000001cb       0x33 ./system/src/cmsis/vectors_stm32f10x.o
 .ARM.attributes
                0x000001fe       0x33 ./src/ADC_program.o
 .ARM.attributes
                0x00000231       0x33 ./src/CAN_program.o
 .ARM.attributes
                0x00000264       0x33 ./src/CAR_program.o
 .ARM.attributes
                0x00000297       0x33 ./src/DIO_program.o
 .ARM.attributes
                0x000002ca       0x33 ./src/DTC_program.o
 .ARM.attributes
                0x000002fd       0x33 ./src/DoCAN_program.o
 .ARM.attributes
                0x00000330       0x33 ./src/EEPROM_program.o
 .ARM.attributes
                0x00000363       0x33 ./src/I2C_program.o
 .ARM.attributes
                0x00000396       0x33 ./src/MOTOR_program.o
 .ARM.attributes
                0x000003c9       0x33 ./src/NVIC_program.o
 .ARM.attributes
                0x000003fc       0x33 ./src/RCC_program.o
 .ARM.attributes
                0x0000042f       0x33 ./src/SPEED_program.o
 .ARM.attributes
                0x00000462       0x33 ./src/TIMER_program.o
 .ARM.attributes
                0x00000495       0x33 ./src/UART_program.o
 .ARM.attributes
                0x000004c8       0x33 ./src/UDSHandler_program.o
 .ARM.attributes
                0x000004fb       0x33 ./src/UDS_ClearDiagnosticInformation_program.o
 .ARM.attributes
                0x0000052e       0x33 ./src/UDS_ControlDTCSetting_program.o
 .ARM.attributes
                0x00000561       0x33 ./src/UDS_DiagnosticSessionControl_program.o
 .ARM.attributes
                0x00000594       0x33 ./src/UDS_ECUReset_program.o
 .ARM.attributes
                0x000005c7       0x33 ./src/UDS_ReadDTCInformation_program.o
 .ARM.attributes
                0x000005fa       0x33 ./src/UDS_ReadDataById_program.o
 .ARM.attributes
                0x0000062d       0x33 ./src/UDS_RequestDownload_program.o
 .ARM.attributes
                0x00000660       0x33 ./src/UDS_RequestTransferExit_program.o
 .ARM.attributes
                0x00000693       0x33 ./src/UDS_TesterPresent_program.o
 .ARM.attributes
                0x000006c6       0x33 ./src/UDS_TransferData_program.o
 .ARM.attributes
                0x000006f9       0x33 ./src/UDS_WriteDataById_program.o
 .ARM.attributes
                0x0000072c       0x33 ./src/USONIC_program.o
 .ARM.attributes
                0x0000075f       0x33 ./src/VSEN_program.o
 .ARM.attributes
                0x00000792       0x33 ./src/heap_2.o
 .ARM.attributes
                0x000007c5       0x33 ./src/list.o
 .ARM.attributes
                0x000007f8       0x33 ./src/main.o
 .ARM.attributes
                0x0000082b       0x33 ./src/my_tasks.o
 .ARM.attributes
                0x0000085e       0x33 ./src/port.o
 .ARM.attributes
                0x00000891       0x33 ./src/queue.o
 .ARM.attributes
                0x000008c4       0x33 ./src/tasks.o
 .ARM.attributes
                0x000008f7       0x33 ./src/timers.o
 .ARM.attributes
                0x0000092a       0x1d d:/courses/imt arm/imt_arm_course/02- tools/03- imt sdk/imt_sdk_win_64/winarm/armgcc/bin/../lib/gcc/arm-none-eabi/7.2.1/thumb/v7-m\libgcc.a(_arm_addsubdf3.o)
 .ARM.attributes
                0x00000947       0x1d d:/courses/imt arm/imt_arm_course/02- tools/03- imt sdk/imt_sdk_win_64/winarm/armgcc/bin/../lib/gcc/arm-none-eabi/7.2.1/thumb/v7-m\libgcc.a(_arm_muldivdf3.o)
 .ARM.attributes
                0x00000964       0x1d d:/courses/imt arm/imt_arm_course/02- tools/03- imt sdk/imt_sdk_win_64/winarm/armgcc/bin/../lib/gcc/arm-none-eabi/7.2.1/thumb/v7-m\libgcc.a(_arm_fixunsdfsi.o)
 .ARM.attributes
                0x00000981       0x1d d:/courses/imt arm/imt_arm_course/02- tools/03- imt sdk/imt_sdk_win_64/winarm/armgcc/bin/../lib/gcc/arm-none-eabi/7.2.1/thumb/v7-m\libgcc.a(_arm_truncdfsf2.o)
 .ARM.attributes
                0x0000099e       0x1d d:/courses/imt arm/imt_arm_course/02- tools/03- imt sdk/imt_sdk_win_64/winarm/armgcc/bin/../lib/gcc/arm-none-eabi/7.2.1/thumb/v7-m\libgcc.a(_arm_addsubsf3.o)
 .ARM.attributes
                0x000009bb       0x1d d:/courses/imt arm/imt_arm_course/02- tools/03- imt sdk/imt_sdk_win_64/winarm/armgcc/bin/../lib/gcc/arm-none-eabi/7.2.1/thumb/v7-m\libgcc.a(_arm_cmpsf2.o)
 .ARM.attributes
                0x000009d8       0x2d d:/courses/imt arm/imt_arm_course/02- tools/03- imt sdk/imt_sdk_win_64/winarm/armgcc/bin/../lib/gcc/arm-none-eabi/7.2.1/../../../../arm-none-eabi/lib/thumb/v7-m\libg_nano.a(lib_a-errno.o)
 .ARM.attributes
                0x00000a05       0x2d d:/courses/imt arm/imt_arm_course/02- tools/03- imt sdk/imt_sdk_win_64/winarm/armgcc/bin/../lib/gcc/arm-none-eabi/7.2.1/../../../../arm-none-eabi/lib/thumb/v7-m\libg_nano.a(lib_a-impure.o)
 .ARM.attributes
                0x00000a32       0x2d d:/courses/imt arm/imt_arm_course/02- tools/03- imt sdk/imt_sdk_win_64/winarm/armgcc/bin/../lib/gcc/arm-none-eabi/7.2.1/../../../../arm-none-eabi/lib/thumb/v7-m\libg_nano.a(lib_a-memcpy-stub.o)
 .ARM.attributes
                0x00000a5f       0x2d d:/courses/imt arm/imt_arm_course/02- tools/03- imt sdk/imt_sdk_win_64/winarm/armgcc/bin/../lib/gcc/arm-none-eabi/7.2.1/../../../../arm-none-eabi/lib/thumb/v7-m\libg_nano.a(lib_a-memset.o)
 .ARM.attributes
                0x00000a8c       0x2d d:/courses/imt arm/imt_arm_course/02- tools/03- imt sdk/imt_sdk_win_64/winarm/armgcc/bin/../lib/gcc/arm-none-eabi/7.2.1/../../../../arm-none-eabi/lib/thumb/v7-m\libg_nano.a(lib_a-vsnprintf.o)
 .ARM.attributes
                0x00000ab9       0x2d d:/courses/imt arm/imt_arm_course/02- tools/03- imt sdk/imt_sdk_win_64/winarm/armgcc/bin/../lib/gcc/arm-none-eabi/7.2.1/../../../../arm-none-eabi/lib/thumb/v7-m\libg_nano.a(lib_a-nano-svfprintf.o)
 .ARM.attributes
                0x00000ae6       0x2d d:/courses/imt arm/imt_arm_course/02- tools/03- imt sdk/imt_sdk_win_64/winarm/armgcc/bin/../lib/gcc/arm-none-eabi/7.2.1/../../../../arm-none-eabi/lib/thumb/v7-m\libg_nano.a(lib_a-nano-vfprintf_i.o)
 .ARM.attributes
                0x00000b13       0x2d d:/courses/imt arm/imt_arm_course/02- tools/03- imt sdk/imt_sdk_win_64/winarm/armgcc/bin/../lib/gcc/arm-none-eabi/7.2.1/../../../../arm-none-eabi/lib/thumb/v7-m\libg_nano.a(lib_a-memchr-stub.o)
 .ARM.attributes
                0x00000b40       0x2d d:/courses/imt arm/imt_arm_course/02- tools/03- imt sdk/imt_sdk_win_64/winarm/armgcc/bin/../lib/gcc/arm-none-eabi/7.2.1/../../../../arm-none-eabi/lib/thumb/v7-m\libg_nano.a(lib_a-memmove.o)
 .ARM.attributes
                0x00000b6d       0x2d d:/courses/imt arm/imt_arm_course/02- tools/03- imt sdk/imt_sdk_win_64/winarm/armgcc/bin/../lib/gcc/arm-none-eabi/7.2.1/../../../../arm-none-eabi/lib/thumb/v7-m\libg_nano.a(lib_a-nano-freer.o)
 .ARM.attributes
                0x00000b9a       0x2d d:/courses/imt arm/imt_arm_course/02- tools/03- imt sdk/imt_sdk_win_64/winarm/armgcc/bin/../lib/gcc/arm-none-eabi/7.2.1/../../../../arm-none-eabi/lib/thumb/v7-m\libg_nano.a(lib_a-nano-mallocr.o)
 .ARM.attributes
                0x00000bc7       0x2d d:/courses/imt arm/imt_arm_course/02- tools/03- imt sdk/imt_sdk_win_64/winarm/armgcc/bin/../lib/gcc/arm-none-eabi/7.2.1/../../../../arm-none-eabi/lib/thumb/v7-m\libg_nano.a(lib_a-nano-reallocr.o)
 .ARM.attributes
                0x00000bf4       0x2d d:/courses/imt arm/imt_arm_course/02- tools/03- imt sdk/imt_sdk_win_64/winarm/armgcc/bin/../lib/gcc/arm-none-eabi/7.2.1/../../../../arm-none-eabi/lib/thumb/v7-m\libg_nano.a(lib_a-sbrkr.o)
 .ARM.attributes
                0x00000c21       0x2d d:/courses/imt arm/imt_arm_course/02- tools/03- imt sdk/imt_sdk_win_64/winarm/armgcc/bin/../lib/gcc/arm-none-eabi/7.2.1/../../../../arm-none-eabi/lib/thumb/v7-m\libg_nano.a(lib_a-mlock.o)
 .ARM.attributes
                0x00000c4e       0x2d d:/courses/imt arm/imt_arm_course/02- tools/03- imt sdk/imt_sdk_win_64/winarm/armgcc/bin/../lib/gcc/arm-none-eabi/7.2.1/../../../../arm-none-eabi/lib/thumb/v7-m\libg_nano.a(lib_a-nano-msizer.o)

.debug
 *(.debug)

.line
 *(.line)

.debug_srcinfo
 *(.debug_srcinfo)

.debug_sfnames
 *(.debug_sfnames)

.debug_aranges  0x00000000      0xd18
 *(.debug_aranges)
 .debug_aranges
                0x00000000       0x28 ./system/src/newlib/_exit.o
 .debug_aranges
                0x00000028       0x20 ./system/src/newlib/_sbrk.o
 .debug_aranges
                0x00000048       0x40 ./system/src/newlib/_startup.o
 .debug_aranges
                0x00000088       0x30 ./system/src/newlib/_syscalls.o
 .debug_aranges
                0x000000b8       0x38 ./system/src/diag/Trace.o
 .debug_aranges
                0x000000f0       0x30 ./system/src/diag/trace_impl.o
 .debug_aranges
                0x00000120       0x28 ./system/src/cortexm/_initialize_hardware.o
 .debug_aranges
                0x00000148       0x90 ./system/src/cortexm/exception_handlers.o
 .debug_aranges
                0x000001d8       0x38 ./system/src/cmsis/system_stm32f10x.o
 .debug_aranges
                0x00000210       0x20 ./system/src/cmsis/vectors_stm32f10x.o
 .debug_aranges
                0x00000230       0x50 ./src/ADC_program.o
 .debug_aranges
                0x00000280       0x70 ./src/CAN_program.o
 .debug_aranges
                0x000002f0       0x38 ./src/CAR_program.o
 .debug_aranges
                0x00000328       0x60 ./src/DIO_program.o
 .debug_aranges
                0x00000388       0x30 ./src/DTC_program.o
 .debug_aranges
                0x000003b8       0x38 ./src/DoCAN_program.o
 .debug_aranges
                0x000003f0       0x58 ./src/EEPROM_program.o
 .debug_aranges
                0x00000448       0x38 ./src/I2C_program.o
 .debug_aranges
                0x00000480       0x30 ./src/MOTOR_program.o
 .debug_aranges
                0x000004b0       0x50 ./src/NVIC_program.o
 .debug_aranges
                0x00000500       0x30 ./src/RCC_program.o
 .debug_aranges
                0x00000530       0x20 ./src/SPEED_program.o
 .debug_aranges
                0x00000550       0x90 ./src/TIMER_program.o
 .debug_aranges
                0x000005e0       0x40 ./src/UART_program.o
 .debug_aranges
                0x00000620       0x30 ./src/UDSHandler_program.o
 .debug_aranges
                0x00000650       0x20 ./src/UDS_ClearDiagnosticInformation_program.o
 .debug_aranges
                0x00000670       0x20 ./src/UDS_ControlDTCSetting_program.o
 .debug_aranges
                0x00000690       0x20 ./src/UDS_DiagnosticSessionControl_program.o
 .debug_aranges
                0x000006b0       0x20 ./src/UDS_ECUReset_program.o
 .debug_aranges
                0x000006d0       0x20 ./src/UDS_ReadDTCInformation_program.o
 .debug_aranges
                0x000006f0       0x40 ./src/UDS_ReadDataById_program.o
 .debug_aranges
                0x00000730       0x20 ./src/UDS_RequestDownload_program.o
 .debug_aranges
                0x00000750       0x20 ./src/UDS_RequestTransferExit_program.o
 .debug_aranges
                0x00000770       0x20 ./src/UDS_TesterPresent_program.o
 .debug_aranges
                0x00000790       0x20 ./src/UDS_TransferData_program.o
 .debug_aranges
                0x000007b0       0x30 ./src/UDS_WriteDataById_program.o
 .debug_aranges
                0x000007e0       0x28 ./src/USONIC_program.o
 .debug_aranges
                0x00000808       0x20 ./src/VSEN_program.o
 .debug_aranges
                0x00000828       0x40 ./src/heap_2.o
 .debug_aranges
                0x00000868       0x40 ./src/list.o
 .debug_aranges
                0x000008a8       0x20 ./src/main.o
 .debug_aranges
                0x000008c8       0x68 ./src/my_tasks.o
 .debug_aranges
                0x00000930       0x78 ./src/port.o
 .debug_aranges
                0x000009a8       0xe8 ./src/queue.o
 .debug_aranges
                0x00000a90      0x1c0 ./src/tasks.o
 .debug_aranges
                0x00000c50       0xc8 ./src/timers.o

.debug_pubnames
 *(.debug_pubnames)

.debug_info     0x00000000    0x15af7
 *(.debug_info .gnu.linkonce.wi.*)
 .debug_info    0x00000000      0x956 ./system/src/newlib/_exit.o
 .debug_info    0x00000956      0x942 ./system/src/newlib/_sbrk.o
 .debug_info    0x00001298      0x42e ./system/src/newlib/_startup.o
 .debug_info    0x000016c6      0xa19 ./system/src/newlib/_syscalls.o
 .debug_info    0x000020df      0xb2a ./system/src/diag/Trace.o
 .debug_info    0x00002c09      0x363 ./system/src/diag/trace_impl.o
 .debug_info    0x00002f6c      0x2b5 ./system/src/cortexm/_initialize_hardware.o
 .debug_info    0x00003221     0x1140 ./system/src/cortexm/exception_handlers.o
 .debug_info    0x00004361      0x494 ./system/src/cmsis/system_stm32f10x.o
 .debug_info    0x000047f5       0xca ./system/src/cmsis/vectors_stm32f10x.o
 .debug_info    0x000048bf      0x2c1 ./src/ADC_program.o
 .debug_info    0x00004b80      0x830 ./src/CAN_program.o
 .debug_info    0x000053b0      0x2a5 ./src/CAR_program.o
 .debug_info    0x00005655      0x3a1 ./src/DIO_program.o
 .debug_info    0x000059f6      0x40b ./src/DTC_program.o
 .debug_info    0x00005e01      0x42d ./src/DoCAN_program.o
 .debug_info    0x0000622e      0x4f5 ./src/EEPROM_program.o
 .debug_info    0x00006723      0x25f ./src/I2C_program.o
 .debug_info    0x00006982      0x3c0 ./src/MOTOR_program.o
 .debug_info    0x00006d42      0x1b4 ./src/NVIC_program.o
 .debug_info    0x00006ef6       0xf7 ./src/RCC_program.o
 .debug_info    0x00006fed      0x3cf ./src/SPEED_program.o
 .debug_info    0x000073bc      0x38d ./src/TIMER_program.o
 .debug_info    0x00007749      0x3cc ./src/UART_program.o
 .debug_info    0x00007b15      0x556 ./src/UDSHandler_program.o
 .debug_info    0x0000806b      0x2ff ./src/UDS_ClearDiagnosticInformation_program.o
 .debug_info    0x0000836a      0x308 ./src/UDS_ControlDTCSetting_program.o
 .debug_info    0x00008672      0x3f4 ./src/UDS_DiagnosticSessionControl_program.o
 .debug_info    0x00008a66      0x310 ./src/UDS_ECUReset_program.o
 .debug_info    0x00008d76      0xc70 ./src/UDS_ReadDTCInformation_program.o
 .debug_info    0x000099e6      0x40d ./src/UDS_ReadDataById_program.o
 .debug_info    0x00009df3      0x3e0 ./src/UDS_RequestDownload_program.o
 .debug_info    0x0000a1d3      0x3be ./src/UDS_RequestTransferExit_program.o
 .debug_info    0x0000a591      0x310 ./src/UDS_TesterPresent_program.o
 .debug_info    0x0000a8a1      0x49d ./src/UDS_TransferData_program.o
 .debug_info    0x0000ad3e      0x37a ./src/UDS_WriteDataById_program.o
 .debug_info    0x0000b0b8      0x83f ./src/USONIC_program.o
 .debug_info    0x0000b8f7      0x373 ./src/VSEN_program.o
 .debug_info    0x0000bc6a      0xb6c ./src/heap_2.o
 .debug_info    0x0000c7d6      0xac2 ./src/list.o
 .debug_info    0x0000d298      0xb04 ./src/main.o
 .debug_info    0x0000dd9c      0xb52 ./src/my_tasks.o
 .debug_info    0x0000e8ee      0x4ea ./src/port.o
 .debug_info    0x0000edd8     0x251d ./src/queue.o
 .debug_info    0x000112f5     0x2eb7 ./src/tasks.o
 .debug_info    0x000141ac     0x194b ./src/timers.o

.debug_abbrev   0x00000000     0x4cf5
 *(.debug_abbrev)
 .debug_abbrev  0x00000000      0x1f3 ./system/src/newlib/_exit.o
 .debug_abbrev  0x000001f3      0x1fc ./system/src/newlib/_sbrk.o
 .debug_abbrev  0x000003ef      0x1b3 ./system/src/newlib/_startup.o
 .debug_abbrev  0x000005a2      0x234 ./system/src/newlib/_syscalls.o
 .debug_abbrev  0x000007d6      0x276 ./system/src/diag/Trace.o
 .debug_abbrev  0x00000a4c      0x1e2 ./system/src/diag/trace_impl.o
 .debug_abbrev  0x00000c2e       0xea ./system/src/cortexm/_initialize_hardware.o
 .debug_abbrev  0x00000d18      0x32b ./system/src/cortexm/exception_handlers.o
 .debug_abbrev  0x00001043      0x177 ./system/src/cmsis/system_stm32f10x.o
 .debug_abbrev  0x000011ba       0x9d ./system/src/cmsis/vectors_stm32f10x.o
 .debug_abbrev  0x00001257      0x149 ./src/ADC_program.o
 .debug_abbrev  0x000013a0      0x293 ./src/CAN_program.o
 .debug_abbrev  0x00001633       0xce ./src/CAR_program.o
 .debug_abbrev  0x00001701      0x17c ./src/DIO_program.o
 .debug_abbrev  0x0000187d      0x19c ./src/DTC_program.o
 .debug_abbrev  0x00001a19      0x1cb ./src/DoCAN_program.o
 .debug_abbrev  0x00001be4      0x12f ./src/EEPROM_program.o
 .debug_abbrev  0x00001d13       0xe3 ./src/I2C_program.o
 .debug_abbrev  0x00001df6       0x8d ./src/MOTOR_program.o
 .debug_abbrev  0x00001e83       0xc2 ./src/NVIC_program.o
 .debug_abbrev  0x00001f45       0x70 ./src/RCC_program.o
 .debug_abbrev  0x00001fb5      0x14a ./src/SPEED_program.o
 .debug_abbrev  0x000020ff      0x12b ./src/TIMER_program.o
 .debug_abbrev  0x0000222a      0x16b ./src/UART_program.o
 .debug_abbrev  0x00002395      0x184 ./src/UDSHandler_program.o
 .debug_abbrev  0x00002519      0x13f ./src/UDS_ClearDiagnosticInformation_program.o
 .debug_abbrev  0x00002658      0x15d ./src/UDS_ControlDTCSetting_program.o
 .debug_abbrev  0x000027b5      0x171 ./src/UDS_DiagnosticSessionControl_program.o
 .debug_abbrev  0x00002926      0x155 ./src/UDS_ECUReset_program.o
 .debug_abbrev  0x00002a7b      0x279 ./src/UDS_ReadDTCInformation_program.o
 .debug_abbrev  0x00002cf4      0x19a ./src/UDS_ReadDataById_program.o
 .debug_abbrev  0x00002e8e      0x177 ./src/UDS_RequestDownload_program.o
 .debug_abbrev  0x00003005      0x166 ./src/UDS_RequestTransferExit_program.o
 .debug_abbrev  0x0000316b      0x15b ./src/UDS_TesterPresent_program.o
 .debug_abbrev  0x000032c6      0x180 ./src/UDS_TransferData_program.o
 .debug_abbrev  0x00003446      0x185 ./src/UDS_WriteDataById_program.o
 .debug_abbrev  0x000035cb      0x15b ./src/USONIC_program.o
 .debug_abbrev  0x00003726      0x12e ./src/VSEN_program.o
 .debug_abbrev  0x00003854      0x2ea ./src/heap_2.o
 .debug_abbrev  0x00003b3e      0x223 ./src/list.o
 .debug_abbrev  0x00003d61      0x166 ./src/main.o
 .debug_abbrev  0x00003ec7      0x1e8 ./src/my_tasks.o
 .debug_abbrev  0x000040af      0x22c ./src/port.o
 .debug_abbrev  0x000042db      0x332 ./src/queue.o
 .debug_abbrev  0x0000460d      0x3c7 ./src/tasks.o
 .debug_abbrev  0x000049d4      0x321 ./src/timers.o

.debug_line     0x00000000     0x8c6f
 *(.debug_line)
 .debug_line    0x00000000      0x3cb ./system/src/newlib/_exit.o
 .debug_line    0x000003cb      0x37f ./system/src/newlib/_sbrk.o
 .debug_line    0x0000074a      0x439 ./system/src/newlib/_startup.o
 .debug_line    0x00000b83      0x4b4 ./system/src/newlib/_syscalls.o
 .debug_line    0x00001037      0x447 ./system/src/diag/Trace.o
 .debug_line    0x0000147e      0x6b4 ./system/src/diag/trace_impl.o
 .debug_line    0x00001b32      0x393 ./system/src/cortexm/_initialize_hardware.o
 .debug_line    0x00001ec5      0x776 ./system/src/cortexm/exception_handlers.o
 .debug_line    0x0000263b      0x406 ./system/src/cmsis/system_stm32f10x.o
 .debug_line    0x00002a41      0x11f ./system/src/cmsis/vectors_stm32f10x.o
 .debug_line    0x00002b60      0x152 ./src/ADC_program.o
 .debug_line    0x00002cb2      0x28d ./src/CAN_program.o
 .debug_line    0x00002f3f       0xf4 ./src/CAR_program.o
 .debug_line    0x00003033      0x1c8 ./src/DIO_program.o
 .debug_line    0x000031fb      0x16f ./src/DTC_program.o
 .debug_line    0x0000336a      0x1c1 ./src/DoCAN_program.o
 .debug_line    0x0000352b      0x1cf ./src/EEPROM_program.o
 .debug_line    0x000036fa      0x173 ./src/I2C_program.o
 .debug_line    0x0000386d      0x13c ./src/MOTOR_program.o
 .debug_line    0x000039a9      0x130 ./src/NVIC_program.o
 .debug_line    0x00003ad9       0xd3 ./src/RCC_program.o
 .debug_line    0x00003bac      0x145 ./src/SPEED_program.o
 .debug_line    0x00003cf1      0x390 ./src/TIMER_program.o
 .debug_line    0x00004081      0x1a8 ./src/UART_program.o
 .debug_line    0x00004229      0x2e4 ./src/UDSHandler_program.o
 .debug_line    0x0000450d      0x17d ./src/UDS_ClearDiagnosticInformation_program.o
 .debug_line    0x0000468a      0x13d ./src/UDS_ControlDTCSetting_program.o
 .debug_line    0x000047c7      0x19d ./src/UDS_DiagnosticSessionControl_program.o
 .debug_line    0x00004964      0x12b ./src/UDS_ECUReset_program.o
 .debug_line    0x00004a8f      0x465 ./src/UDS_ReadDTCInformation_program.o
 .debug_line    0x00004ef4      0x194 ./src/UDS_ReadDataById_program.o
 .debug_line    0x00005088      0x1a5 ./src/UDS_RequestDownload_program.o
 .debug_line    0x0000522d      0x1a5 ./src/UDS_RequestTransferExit_program.o
 .debug_line    0x000053d2      0x157 ./src/UDS_TesterPresent_program.o
 .debug_line    0x00005529      0x1af ./src/UDS_TransferData_program.o
 .debug_line    0x000056d8      0x176 ./src/UDS_WriteDataById_program.o
 .debug_line    0x0000584e      0x1d0 ./src/USONIC_program.o
 .debug_line    0x00005a1e      0x121 ./src/VSEN_program.o
 .debug_line    0x00005b3f      0x436 ./src/heap_2.o
 .debug_line    0x00005f75      0x3f7 ./src/list.o
 .debug_line    0x0000636c      0x363 ./src/main.o
 .debug_line    0x000066cf      0x3ad ./src/my_tasks.o
 .debug_line    0x00006a7c      0x2e8 ./src/port.o
 .debug_line    0x00006d64      0xa3b ./src/queue.o
 .debug_line    0x0000779f      0xe33 ./src/tasks.o
 .debug_line    0x000085d2      0x69d ./src/timers.o

.debug_frame    0x00000000     0x239c
 *(.debug_frame)
 .debug_frame   0x00000000       0x38 ./system/src/newlib/_exit.o
 .debug_frame   0x00000038       0x28 ./system/src/newlib/_sbrk.o
 .debug_frame   0x00000060       0x7c ./system/src/newlib/_startup.o
 .debug_frame   0x000000dc       0x50 ./system/src/newlib/_syscalls.o
 .debug_frame   0x0000012c       0x94 ./system/src/diag/Trace.o
 .debug_frame   0x000001c0       0x64 ./system/src/diag/trace_impl.o
 .debug_frame   0x00000224       0x40 ./system/src/cortexm/_initialize_hardware.o
 .debug_frame   0x00000264      0x158 ./system/src/cortexm/exception_handlers.o
 .debug_frame   0x000003bc       0x6c ./system/src/cmsis/system_stm32f10x.o
 .debug_frame   0x00000428       0x20 ./system/src/cmsis/vectors_stm32f10x.o
 .debug_frame   0x00000448       0xac ./src/ADC_program.o
 .debug_frame   0x000004f4      0x110 ./src/CAN_program.o
 .debug_frame   0x00000604       0x70 ./src/CAR_program.o
 .debug_frame   0x00000674       0xd0 ./src/DIO_program.o
 .debug_frame   0x00000744       0x4c ./src/DTC_program.o
 .debug_frame   0x00000790       0x8c ./src/DoCAN_program.o
 .debug_frame   0x0000081c       0xfc ./src/EEPROM_program.o
 .debug_frame   0x00000918       0x84 ./src/I2C_program.o
 .debug_frame   0x0000099c       0x5c ./src/MOTOR_program.o
 .debug_frame   0x000009f8       0x8c ./src/NVIC_program.o
 .debug_frame   0x00000a84       0x40 ./src/RCC_program.o
 .debug_frame   0x00000ac4       0x2c ./src/SPEED_program.o
 .debug_frame   0x00000af0      0x138 ./src/TIMER_program.o
 .debug_frame   0x00000c28       0x74 ./src/UART_program.o
 .debug_frame   0x00000c9c       0x78 ./src/UDSHandler_program.o
 .debug_frame   0x00000d14       0x30 ./src/UDS_ClearDiagnosticInformation_program.o
 .debug_frame   0x00000d44       0x30 ./src/UDS_ControlDTCSetting_program.o
 .debug_frame   0x00000d74       0x30 ./src/UDS_DiagnosticSessionControl_program.o
 .debug_frame   0x00000da4       0x30 ./src/UDS_ECUReset_program.o
 .debug_frame   0x00000dd4       0x3c ./src/UDS_ReadDTCInformation_program.o
 .debug_frame   0x00000e10       0x78 ./src/UDS_ReadDataById_program.o
 .debug_frame   0x00000e88       0x38 ./src/UDS_RequestDownload_program.o
 .debug_frame   0x00000ec0       0x34 ./src/UDS_RequestTransferExit_program.o
 .debug_frame   0x00000ef4       0x30 ./src/UDS_TesterPresent_program.o
 .debug_frame   0x00000f24       0x38 ./src/UDS_TransferData_program.o
 .debug_frame   0x00000f5c       0x58 ./src/UDS_WriteDataById_program.o
 .debug_frame   0x00000fb4       0x4c ./src/USONIC_program.o
 .debug_frame   0x00001000       0x2c ./src/VSEN_program.o
 .debug_frame   0x0000102c       0x84 ./src/heap_2.o
 .debug_frame   0x000010b0       0x6c ./src/list.o
 .debug_frame   0x0000111c       0x38 ./src/main.o
 .debug_frame   0x00001154      0x110 ./src/my_tasks.o
 .debug_frame   0x00001264       0xf0 ./src/port.o
 .debug_frame   0x00001354      0x2f8 ./src/queue.o
 .debug_frame   0x0000164c      0x580 ./src/tasks.o
 .debug_frame   0x00001bcc      0x268 ./src/timers.o
 .debug_frame   0x00001e34       0xac d:/courses/imt arm/imt_arm_course/02- tools/03- imt sdk/imt_sdk_win_64/winarm/armgcc/bin/../lib/gcc/arm-none-eabi/7.2.1/thumb/v7-m\libgcc.a(_arm_addsubdf3.o)
 .debug_frame   0x00001ee0       0x50 d:/courses/imt arm/imt_arm_course/02- tools/03- imt sdk/imt_sdk_win_64/winarm/armgcc/bin/../lib/gcc/arm-none-eabi/7.2.1/thumb/v7-m\libgcc.a(_arm_muldivdf3.o)
 .debug_frame   0x00001f30       0x24 d:/courses/imt arm/imt_arm_course/02- tools/03- imt sdk/imt_sdk_win_64/winarm/armgcc/bin/../lib/gcc/arm-none-eabi/7.2.1/thumb/v7-m\libgcc.a(_arm_fixunsdfsi.o)
 .debug_frame   0x00001f54       0x24 d:/courses/imt arm/imt_arm_course/02- tools/03- imt sdk/imt_sdk_win_64/winarm/armgcc/bin/../lib/gcc/arm-none-eabi/7.2.1/thumb/v7-m\libgcc.a(_arm_truncdfsf2.o)
 .debug_frame   0x00001f78       0x4c d:/courses/imt arm/imt_arm_course/02- tools/03- imt sdk/imt_sdk_win_64/winarm/armgcc/bin/../lib/gcc/arm-none-eabi/7.2.1/thumb/v7-m\libgcc.a(_arm_addsubsf3.o)
 .debug_frame   0x00001fc4       0xc8 d:/courses/imt arm/imt_arm_course/02- tools/03- imt sdk/imt_sdk_win_64/winarm/armgcc/bin/../lib/gcc/arm-none-eabi/7.2.1/thumb/v7-m\libgcc.a(_arm_cmpsf2.o)
 .debug_frame   0x0000208c       0x20 d:/courses/imt arm/imt_arm_course/02- tools/03- imt sdk/imt_sdk_win_64/winarm/armgcc/bin/../lib/gcc/arm-none-eabi/7.2.1/../../../../arm-none-eabi/lib/thumb/v7-m\libg_nano.a(lib_a-errno.o)
 .debug_frame   0x000020ac       0x28 d:/courses/imt arm/imt_arm_course/02- tools/03- imt sdk/imt_sdk_win_64/winarm/armgcc/bin/../lib/gcc/arm-none-eabi/7.2.1/../../../../arm-none-eabi/lib/thumb/v7-m\libg_nano.a(lib_a-memcpy-stub.o)
 .debug_frame   0x000020d4       0x20 d:/courses/imt arm/imt_arm_course/02- tools/03- imt sdk/imt_sdk_win_64/winarm/armgcc/bin/../lib/gcc/arm-none-eabi/7.2.1/../../../../arm-none-eabi/lib/thumb/v7-m\libg_nano.a(lib_a-memset.o)
 .debug_frame   0x000020f4       0x4c d:/courses/imt arm/imt_arm_course/02- tools/03- imt sdk/imt_sdk_win_64/winarm/armgcc/bin/../lib/gcc/arm-none-eabi/7.2.1/../../../../arm-none-eabi/lib/thumb/v7-m\libg_nano.a(lib_a-vsnprintf.o)
 .debug_frame   0x00002140       0x90 d:/courses/imt arm/imt_arm_course/02- tools/03- imt sdk/imt_sdk_win_64/winarm/armgcc/bin/../lib/gcc/arm-none-eabi/7.2.1/../../../../arm-none-eabi/lib/thumb/v7-m\libg_nano.a(lib_a-nano-svfprintf.o)
 .debug_frame   0x000021d0       0x60 d:/courses/imt arm/imt_arm_course/02- tools/03- imt sdk/imt_sdk_win_64/winarm/armgcc/bin/../lib/gcc/arm-none-eabi/7.2.1/../../../../arm-none-eabi/lib/thumb/v7-m\libg_nano.a(lib_a-nano-vfprintf_i.o)
 .debug_frame   0x00002230       0x28 d:/courses/imt arm/imt_arm_course/02- tools/03- imt sdk/imt_sdk_win_64/winarm/armgcc/bin/../lib/gcc/arm-none-eabi/7.2.1/../../../../arm-none-eabi/lib/thumb/v7-m\libg_nano.a(lib_a-memchr-stub.o)
 .debug_frame   0x00002258       0x28 d:/courses/imt arm/imt_arm_course/02- tools/03- imt sdk/imt_sdk_win_64/winarm/armgcc/bin/../lib/gcc/arm-none-eabi/7.2.1/../../../../arm-none-eabi/lib/thumb/v7-m\libg_nano.a(lib_a-memmove.o)
 .debug_frame   0x00002280       0x38 d:/courses/imt arm/imt_arm_course/02- tools/03- imt sdk/imt_sdk_win_64/winarm/armgcc/bin/../lib/gcc/arm-none-eabi/7.2.1/../../../../arm-none-eabi/lib/thumb/v7-m\libg_nano.a(lib_a-nano-freer.o)
 .debug_frame   0x000022b8       0x2c d:/courses/imt arm/imt_arm_course/02- tools/03- imt sdk/imt_sdk_win_64/winarm/armgcc/bin/../lib/gcc/arm-none-eabi/7.2.1/../../../../arm-none-eabi/lib/thumb/v7-m\libg_nano.a(lib_a-nano-mallocr.o)
 .debug_frame   0x000022e4       0x3c d:/courses/imt arm/imt_arm_course/02- tools/03- imt sdk/imt_sdk_win_64/winarm/armgcc/bin/../lib/gcc/arm-none-eabi/7.2.1/../../../../arm-none-eabi/lib/thumb/v7-m\libg_nano.a(lib_a-nano-reallocr.o)
 .debug_frame   0x00002320       0x2c d:/courses/imt arm/imt_arm_course/02- tools/03- imt sdk/imt_sdk_win_64/winarm/armgcc/bin/../lib/gcc/arm-none-eabi/7.2.1/../../../../arm-none-eabi/lib/thumb/v7-m\libg_nano.a(lib_a-sbrkr.o)
 .debug_frame   0x0000234c       0x30 d:/courses/imt arm/imt_arm_course/02- tools/03- imt sdk/imt_sdk_win_64/winarm/armgcc/bin/../lib/gcc/arm-none-eabi/7.2.1/../../../../arm-none-eabi/lib/thumb/v7-m\libg_nano.a(lib_a-mlock.o)
 .debug_frame   0x0000237c       0x20 d:/courses/imt arm/imt_arm_course/02- tools/03- imt sdk/imt_sdk_win_64/winarm/armgcc/bin/../lib/gcc/arm-none-eabi/7.2.1/../../../../arm-none-eabi/lib/thumb/v7-m\libg_nano.a(lib_a-nano-msizer.o)

.debug_str      0x00000000    0x642cf
 *(.debug_str)