Archive member included to satisfy reference by file (symbol)

d:/courses/imt arm/imt_arm_course/02- tools/03- imt sdk/imt_sdk_win_64/winarm/armgcc/bin/../lib/gcc/arm-none-eabi/7.2.1/thumb/v7-m\libgcc.a(_arm_addsubdf3.o)
                              ./src/USONIC_program.o (__aeabi_f2d)
d:/courses/imt arm/imt_arm_course/02- tools/03- imt sdk/imt_sdk_win_64/winarm/armgcc/bin/../lib/gcc/arm-none-eabi/7.2.1/thumb/v7-m\libgcc.a(_arm_muldivdf3.o)
                              ./src/USONIC_program.o (__aeabi_ddiv)
d:/courses/imt arm/imt_arm_course/02- tools/03- imt sdk/imt_sdk_win_64/winarm/armgcc/bin/../lib/gcc/arm-none-eabi/7.2.1/thumb/v7-m\libgcc.a(_arm_truncdfsf2.o)
                              ./src/USONIC_program.o (__aeabi_d2f)
d:/courses/imt arm/imt_arm_course/02- tools/03- imt sdk/imt_sdk_win_64/winarm/armgcc/bin/../lib/gcc/arm-none-eabi/7.2.1/thumb/v7-m\libgcc.a(_arm_addsubsf3.o)
                              ./src/USONIC_program.o (__aeabi_ui2f)
d:/courses/imt arm/imt_arm_course/02- tools/03- imt sdk/imt_sdk_win_64/winarm/armgcc/bin/../lib/gcc/arm-none-eabi/7.2.1/../../../../arm-none-eabi/lib/thumb/v7-m\libg_nano.a(lib_a-errno.o)
                              ./system/src/newlib/_sbrk.o (__errno)
d:/courses/imt arm/imt_arm_course/02- tools/03- imt sdk/imt_sdk_win_64/winarm/armgcc/bin/../lib/gcc/arm-none-eabi/7.2.1/../../../../arm-none-eabi/lib/thumb/v7-m\libg_nano.a(lib_a-impure.o)
                              d:/courses/imt arm/imt_arm_course/02- tools/03- imt sdk/imt_sdk_win_64/winarm/armgcc/bin/../lib/gcc/arm-none-eabi/7.2.1/../../../../arm-none-eabi/lib/thumb/v7-m\libg_nano.a(lib_a-errno.o) (_impure_ptr)
d:/courses/imt arm/imt_arm_course/02- tools/03- imt sdk/imt_sdk_win_64/winarm/armgcc/bin/../lib/gcc/arm-none-eabi/7.2.1/../../../../arm-none-eabi/lib/thumb/v7-m\libg_nano.a(lib_a-memset.o)
                              ./src/EEPROM_program.o (memset)
d:/courses/imt arm/imt_arm_course/02- tools/03- imt sdk/imt_sdk_win_64/winarm/armgcc/bin/../lib/gcc/arm-none-eabi/7.2.1/../../../../arm-none-eabi/lib/thumb/v7-m\libg_nano.a(lib_a-strlen.o)
                              ./system/src/diag/Trace.o (strlen)
d:/courses/imt arm/imt_arm_course/02- tools/03- imt sdk/imt_sdk_win_64/winarm/armgcc/bin/../lib/gcc/arm-none-eabi/7.2.1/../../../../arm-none-eabi/lib/thumb/v7-m\libg_nano.a(lib_a-vsnprintf.o)
                              ./system/src/diag/Trace.o (vsnprintf)
d:/courses/imt arm/imt_arm_course/02- tools/03- imt sdk/imt_sdk_win_64/winarm/armgcc/bin/../lib/gcc/arm-none-eabi/7.2.1/../../../../arm-none-eabi/lib/thumb/v7-m\libg_nano.a(lib_a-nano-svfprintf.o)
                              d:/courses/imt arm/imt_arm_course/02- tools/03- imt sdk/imt_sdk_win_64/winarm/armgcc/bin/../lib/gcc/arm-none-eabi/7.2.1/../../../../arm-none-eabi/lib/thumb/v7-m\libg_nano.a(lib_a-vsnprintf.o) (_svfprintf_r)
d:/courses/imt arm/imt_arm_course/02- tools/03- imt sdk/imt_sdk_win_64/winarm/armgcc/bin/../lib/gcc/arm-none-eabi/7.2.1/../../../../arm-none-eabi/lib/thumb/v7-m\libg_nano.a(lib_a-nano-vfprintf_i.o)
                              d:/courses/imt arm/imt_arm_course/02- tools/03- imt sdk/imt_sdk_win_64/winarm/armgcc/bin/../lib/gcc/arm-none-eabi/7.2.1/../../../../arm-none-eabi/lib/thumb/v7-m\libg_nano.a(lib_a-nano-svfprintf.o) (_printf_i)
d:/courses/imt arm/imt_arm_course/02- tools/03- imt sdk/imt_sdk_win_64/winarm/armgcc/bin/../lib/gcc/arm-none-eabi/7.2.1/../../../../arm-none-eabi/lib/thumb/v7-m\libg_nano.a(lib_a-memchr-stub.o)
                              d:/courses/imt arm/imt_arm_course/02- tools/03- imt sdk/imt_sdk_win_64/winarm/armgcc/bin/../lib/gcc/arm-none-eabi/7.2.1/../../../../arm-none-eabi/lib/thumb/v7-m\libg_nano.a(lib_a-nano-svfprintf.o) (memchr)
d:/courses/imt arm/imt_arm_course/02- tools/03- imt sdk/imt_sdk_win_64/winarm/armgcc/bin/../lib/gcc/arm-none-eabi/7.2.1/../../../../arm-none-eabi/lib/thumb/v7-m\libg_nano.a(lib_a-memcpy-stub.o)
                              d:/courses/imt arm/imt_arm_course/02- tools/03- imt sdk/imt_sdk_win_64/winarm/armgcc/bin/../lib/gcc/arm-none-eabi/7.2.1/../../../../arm-none-eabi/lib/thumb/v7-m\libg_nano.a(lib_a-nano-svfprintf.o) (memcpy)
d:/courses/imt arm/imt_arm_course/02- tools/03- imt sdk/imt_sdk_win_64/winarm/armgcc/bin/../lib/gcc/arm-none-eabi/7.2.1/../../../../arm-none-eabi/lib/thumb/v7-m\libg_nano.a(lib_a-memmove.o)
                              d:/courses/imt arm/imt_arm_course/02- tools/03- imt sdk/imt_sdk_win_64/winarm/armgcc/bin/../lib/gcc/arm-none-eabi/7.2.1/../../../../arm-none-eabi/lib/thumb/v7-m\libg_nano.a(lib_a-nano-svfprintf.o) (memmove)
d:/courses/imt arm/imt_arm_course/02- tools/03- imt sdk/imt_sdk_win_64/winarm/armgcc/bin/../lib/gcc/arm-none-eabi/7.2.1/../../../../arm-none-eabi/lib/thumb/v7-m\libg_nano.a(lib_a-nano-freer.o)
                              d:/courses/imt arm/imt_arm_course/02- tools/03- imt sdk/imt_sdk_win_64/winarm/armgcc/bin/../lib/gcc/arm-none-eabi/7.2.1/../../../../arm-none-eabi/lib/thumb/v7-m\libg_nano.a(lib_a-nano-svfprintf.o) (_free_r)
[...]
Memory Configuration

Name             Origin             Length             Attributes
RAM              0x20000000         0x00005000         xrw
CCMRAM           0x00000000         0x00000000         xrw
FLASH            0x08000000         0x00010000         xr
FLASHB1          0x00000000         0x00000000         xr
EXTMEMB0         0x00000000         0x00000000         xr
EXTMEMB1         0x00000000         0x00000000         xr
EXTMEMB2         0x00000000         0x00000000         xr
EXTMEMB3         0x00000000         0x00000000         xr
MEMORY_ARRAY     0x00000000         0x00000000         xrw
*default*        0x00000000         0xffffffff

Linker script and memory map

LOAD ./system/src/stm32f1-stdperiph/misc.o
LOAD ./system/src/stm32f1-stdperiph/stm32f10x_gpio.o
LOAD ./system/src/stm32f1-stdperiph/stm32f10x_rcc.o
LOAD ./system/src/newlib/_cxx.o
LOAD ./system/src/newlib/_exit.o
LOAD ./system/src/newlib/_sbrk.o
LOAD ./system/src/newlib/_startup.o
LOAD ./system/src/newlib/_syscalls.o
LOAD ./system/src/newlib/assert.o
LOAD ./system/src/diag/Trace.o
LOAD ./system/src/diag/trace_impl.o
LOAD ./system/src/cortexm/_initialize_hardware.o
LOAD ./system/src/cortexm/_reset_hardware.o
LOAD ./system/src/cortexm/exception_handlers.o
LOAD ./system/src/cmsis/system_stm32f10x.o
LOAD ./system/src/cmsis/vectors_stm32f10x.o
LOAD ./src/CAN_program.o
LOAD ./src/DIO_program.o
LOAD ./src/DTC_program.o
LOAD ./src/DoCAN_program.o
LOAD ./src/EEPROM_program.o
LOAD ./src/I2C_program.o
LOAD ./src/NVIC_program.o
LOAD ./src/RCC_program.o
LOAD ./src/TIMER_program.o
LOAD ./src/UART_program.o
LOAD ./src/UDSHandler_program.o
LOAD ./src/UDS_ClearDiagnosticInformation_program.o
LOAD ./src/UDS_ControlDTCSetting_program.o
LOAD ./src/UDS_DiagnosticSessionControl_program.o
LOAD ./src/UDS_ECUReset_program.o
LOAD ./src/UDS_ReadDTCInformation_program.o
LOAD ./src/UDS_ReadDataById_program.o
LOAD ./src/UDS_RequestDownload_program.o
LOAD ./src/UDS_RequestTransferExit_program.o
LOAD ./src/UDS_TesterPresent_program.o
LOAD ./src/UDS_TransferData_program.o
LOAD ./src/UDS_WriteDataById_program.o
LOAD ./src/USONIC_program.o
LOAD ./src/main.o
LOAD d:/courses/imt arm/imt_arm_course/02- tools/03- imt sdk/imt_sdk_win_64/winarm/armgcc/bin/../lib/gcc/arm-none-eabi/7.2.1/../../../../arm-none-eabi/lib/thumb/v7-m\libstdc++_nano.a
LOAD d:/courses/imt arm/imt_arm_course/02- tools/03- imt sdk/imt_sdk_win_64/winarm/armgcc/bin/../lib/gcc/arm-none-eabi/7.2.1/../../../../arm-none-eabi/lib/thumb/v7-m\libm.a
START GROUP
LOAD d:/courses/imt arm/imt_arm_course/02- tools/03- imt sdk/imt_sdk_win_64/winarm/armgcc/bin/../lib/gcc/arm-none-eabi/7.2.1/thumb/v7-m\libgcc.a
LOAD d:/courses/imt arm/imt_arm_course/02- tools/03- imt sdk/imt_sdk_win_64/winarm/armgcc/bin/../lib/gcc/arm-none-eabi/7.2.1/../../../../arm-none-eabi/lib/thumb/v7-m\libg_nano.a
LOAD d:/courses/imt arm/imt_arm_course/02- tools/03- imt sdk/imt_sdk_win_64/winarm/armgcc/bin/../lib/gcc/arm-none-eabi/7.2.1/../../../../arm-none-eabi/lib/thumb/v7-m\libc_nano.a
END GROUP
START GROUP
LOAD d:/courses/imt arm/imt_arm_course/02- tools/03- imt sdk/imt_sdk_win_64/winarm/armgcc/bin/../lib/gcc/arm-none-eabi/7.2.1/thumb/v7-m\libgcc.a
LOAD d:/courses/imt arm/imt_arm_course/02- tools/03- imt sdk/imt_sdk_win_64/winarm/armgcc/bin/../lib/gcc/arm-none-eabi/7.2.1/../../../../arm-none-eabi/lib/thumb/v7-m\libc_nano.a
END GROUP
                0x20005000                __stack = (ORIGIN (RAM) + LENGTH (RAM))
                0x20005000                _estack = __stack
                0x00000400                __Main_Stack_Size = 0x400
                [!provide]                PROVIDE (_Main_Stack_Size, __Main_Stack_Size)
                0x20004c00                __Main_Stack_Limit = (__stack - __Main_Stack_Size)
                [!provide]                PROVIDE (_Main_Stack_Limit, __Main_Stack_Limit)
                0x00000100                _Minimum_Stack_Size = 0x100
                0x200002b0                PROVIDE (_Heap_Begin, _end_noinit)
                0x20004c00                PROVIDE (_Heap_Limit, (__stack - __Main_Stack_Size))

.isr_vector     0x08000000      0x350
 FILL mask 0xff
                0x08000000                __vectors_start = ABSOLUTE (.)
                0x08000000                __vectors_start__ = ABSOLUTE (.)
 *(.isr_vector)
 .isr_vector    0x08000000      0x10c ./system/src/cmsis/vectors_stm32f10x.o
                0x08000000                __isr_vectors
 *(.cfmconfig)
 *(.after_vectors .after_vectors.*)
 .after_vectors
                0x0800010c      0x114 ./system/src/newlib/_startup.o
                0x0800010c                _start
 .after_vectors
                0x08000220      0x12c ./system/src/cortexm/exception_handlers.o
                0x08000220                Reset_Handler
                0x08000226                NMI_Handler
                0x0800022a                HardFault_Handler
                0x0800023e                HardFault_Handler_C
                0x0800029c                MemManage_Handler
                0x080002a0                BusFault_Handler
                0x080002b4                BusFault_Handler_C
                0x080002e8                UsageFault_Handler
                0x080002fc                UsageFault_Handler_C
                0x08000330                SVC_Handler
                0x08000334                DebugMon_Handler
                0x08000338                PendSV_Handler
                0x0800033c                SysTick_Handler
 .after_vectors
                0x0800034c        0x4 ./system/src/cmsis/vectors_stm32f10x.o
                0x0800034c                EXTI2_IRQHandler
                0x0800034c                TIM8_TRG_COM_IRQHandler
                0x0800034c                TIM8_CC_IRQHandler
                0x0800034c                TIM1_CC_IRQHandler
                0x0800034c                TIM6_IRQHandler
                0x0800034c                PVD_IRQHandler
                0x0800034c                SDIO_IRQHandler
                0x0800034c                CAN2_RX1_IRQHandler
                0x0800034c                EXTI3_IRQHandler
                0x0800034c                TIM8_TRG_COM_TIM14_IRQHandler
                0x0800034c                TIM1_UP_TIM10_IRQHandler
                0x0800034c                TIM8_UP_TIM13_IRQHandler
                0x0800034c                EXTI0_IRQHandler
                0x0800034c                I2C2_EV_IRQHandler
                0x0800034c                CAN1_RX0_IRQHandler
                0x0800034c                TIM1_UP_TIM16_IRQHandler
                0x0800034c                CAN2_SCE_IRQHandler
                0x0800034c                ADC1_2_IRQHandler
                0x0800034c                SPI1_IRQHandler
                0x0800034c                TAMPER_IRQHandler
                0x0800034c                TIM6_DAC_IRQHandler
                0x0800034c                TIM1_BRK_TIM9_IRQHandler
                0x0800034c                CAN2_RX0_IRQHandler
                0x0800034c                TIM8_UP_IRQHandler
                0x0800034c                DMA2_Channel2_IRQHandler
                0x0800034c                DMA1_Channel4_IRQHandler
                0x0800034c                USART3_IRQHandler
                0x0800034c                RTC_IRQHandler
                0x0800034c                DMA1_Channel7_IRQHandler
                0x0800034c                UART5_IRQHandler
                0x0800034c                ADC3_IRQHandler
                0x0800034c                DMA2_Channel1_IRQHandler
                0x0800034c                I2C1_EV_IRQHandler
                0x0800034c                DMA1_Channel6_IRQHandler
                0x0800034c                UART4_IRQHandler
                0x0800034c                DMA2_Channel4_IRQHandler
                0x0800034c                RCC_IRQHandler
                0x0800034c                TIM8_BRK_TIM12_IRQHandler
                0x0800034c                TIM1_TRG_COM_IRQHandler
                0x0800034c                DMA1_Channel1_IRQHandler
                0x0800034c                Default_Handler
                0x0800034c                CEC_IRQHandler
                0x0800034c                EXTI15_10_IRQHandler
                0x0800034c                TIM14_IRQHandler
                0x0800034c                TIM13_IRQHandler
                0x0800034c                TIM12_IRQHandler
                0x0800034c                TIM7_IRQHandler
                0x0800034c                CAN2_TX_IRQHandler
                0x0800034c                EXTI9_5_IRQHandler
                0x0800034c                ETH_WKUP_IRQHandler
                0x0800034c                SPI2_IRQHandler
                0x0800034c                CAN1_TX_IRQHandler
                0x0800034c                DMA2_Channel5_IRQHandler
                0x0800034c                DMA1_Channel5_IRQHandler
                0x0800034c                EXTI4_IRQHandler
                0x0800034c                TIM1_TRG_COM_TIM17_IRQHandler
                0x0800034c                DMA1_Channel3_IRQHandler
                0x0800034c                FSMC_IRQHandler
                0x0800034c                ETH_IRQHandler
                0x0800034c                TIM1_UP_IRQHandler
                0x0800034c                WWDG_IRQHandler
                0x0800034c                OTG_FS_WKUP_IRQHandler
                0x0800034c                TIM1_TRG_COM_TIM11_IRQHandler
                0x0800034c                TIM1_BRK_IRQHandler
                0x0800034c                EXTI1_IRQHandler
                0x0800034c                RTCAlarm_IRQHandler
                0x0800034c                DMA2_Channel4_5_IRQHandler
                0x0800034c                USART2_IRQHandler
                0x0800034c                I2C2_ER_IRQHandler
                0x0800034c                DMA1_Channel2_IRQHandler
                0x0800034c                TIM8_BRK_IRQHandler
                0x0800034c                CAN1_SCE_IRQHandler
                0x0800034c                FLASH_IRQHandler
                0x0800034c                OTG_FS_IRQHandler
                0x0800034c                SPI3_IRQHandler
                0x0800034c                I2C1_ER_IRQHandler
                0x0800034c                USBWakeUp_IRQHandler
                0x0800034c                DMA2_Channel3_IRQHandler
                0x0800034c                TIM1_BRK_TIM15_IRQHandler

.inits          0x08000350       0x28
                0x08000350                __data_regions_array_start = .
                0x08000350        0x4 LONG 0x8003eb0 LOADADDR (.data)
                0x08000354        0x4 LONG 0x20000000 ADDR (.data)
                0x08000358        0x4 LONG 0x2000008c (ADDR (.data) + SIZEOF (.data))
                0x0800035c        0x4 LONG 0x8003eb0 LOADADDR (.data_CCMRAM)
                0x08000360        0x4 LONG 0x0 ADDR (.data_CCMRAM)
                0x08000364        0x4 LONG 0x0 (ADDR (.data_CCMRAM) + SIZEOF (.data_CCMRAM))
                0x08000368                __data_regions_array_end = .
                0x08000368                __bss_regions_array_start = .
                0x08000368        0x4 LONG 0x2000008c ADDR (.bss)
                0x0800036c        0x4 LONG 0x200002b0 (ADDR (.bss) + SIZEOF (.bss))
                0x08000370        0x4 LONG 0x0 ADDR (.bss_CCMRAM)
                0x08000374        0x4 LONG 0x0 (ADDR (.bss_CCMRAM) + SIZEOF (.bss_CCMRAM))
                0x08000378                __bss_regions_array_end = .
 *(.init)
 *(.fini)
                0x08000378                . = ALIGN (0x4)
                0x08000378                PROVIDE (__preinit_array_start, .)
 *(.preinit_array_sysinit .preinit_array_sysinit.*)
 *(.preinit_array_platform .preinit_array_platform.*)
 *(.preinit_array .preinit_array.*)
                0x08000378                PROVIDE (__preinit_array_end, .)
                0x08000378                . = ALIGN (0x4)
                0x08000378                PROVIDE (__init_array_start, .)
 *(SORT_BY_NAME(.init_array.*))
 *(.init_array)
                0x08000378                PROVIDE (__init_array_end, .)
                0x08000378                . = ALIGN (0x4)
                0x08000378                PROVIDE (__fini_array_start, .)
 *(SORT_BY_NAME(.fini_array.*))
 *(.fini_array)
                0x08000378                PROVIDE (__fini_array_end, .)

.flashtext
 *(.flashtext .flashtext.*)

.text           0x08000378     0x3b36
 *(.text .text.*)
 .text._exit    0x08000378        0x2 ./system/src/newlib/_exit.o
                0x08000378                _exit
 *fill*         0x0800037a        0x2 
 .text._sbrk    0x0800037c       0x44 ./system/src/newlib/_sbrk.o
                0x0800037c                _sbrk
 .text.__initialize_args
                0x080003c0       0x10 ./system/src/newlib/_syscalls.o
                0x080003c0                __initialize_args
 .text.trace_printf
                0x080003d0       0x30 ./system/src/diag/Trace.o
                0x080003d0                trace_printf
 .text._trace_write_semihosting_debug
                0x08000400       0x60 ./system/src/diag/trace_impl.o
 .text.trace_write
                0x08000460        0x8 ./system/src/diag/trace_impl.o
                0x08000460                trace_write
 .text.__initialize_hardware_early
                0x08000468       0x18 ./system/src/cortexm/_initialize_hardware.o
                0x08000468                __initialize_hardware_early
 .text.__initialize_hardware
                0x08000480        0x8 ./system/src/cortexm/_initialize_hardware.o
                0x08000480                __initialize_hardware
 .text.dumpExceptionStack
                0x08000488       0xf4 ./system/src/cortexm/exception_handlers.o
                0x08000488                dumpExceptionStack
 .text.isSemihosting
                0x0800057c       0x20 ./system/src/cortexm/exception_handlers.o
                0x0800057c                isSemihosting
 .text.SetSysClockTo72
                0x0800059c       0xc4 ./system/src/cmsis/system_stm32f10x.o
 .text.SetSysClock
                0x08000660        0x8 ./system/src/cmsis/system_stm32f10x.o
 .text.SystemInit
                0x08000668       0x50 ./system/src/cmsis/system_stm32f10x.o
                0x08000668                SystemInit
 .text.SystemCoreClockUpdate
                0x080006b8       0x94 ./system/src/cmsis/system_stm32f10x.o
                0x080006b8                SystemCoreClockUpdate
 .text.ReadMsg  0x0800074c       0x7c ./src/CAN_program.o
 .text.CAN_voidInit
                0x080007c8      0x110 ./src/CAN_program.o
                0x080007c8                CAN_voidInit
 .text.CAN_voidStart
                0x080008d8       0x1c ./src/CAN_program.o
                0x080008d8                CAN_voidStart
 .text.CAN_u8SetCallBack
                0x080008f4       0x14 ./src/CAN_program.o
                0x080008f4                CAN_u8SetCallBack
 .text.CAN_u8WriteMsg
                0x08000908      0x11c ./src/CAN_program.o
                0x08000908                CAN_u8WriteMsg
 .text.CAN_u8WriteFilter
                0x08000a24       0xc0 ./src/CAN_program.o
                0x08000a24                CAN_u8WriteFilter
 .text.USB_HP_CAN1_TX_IRQHandler
                0x08000ae4       0x48 ./src/CAN_program.o
                0x08000ae4                USB_HP_CAN1_TX_IRQHandler
 .text.USB_LP_CAN1_RX0_IRQHandler
                0x08000b2c       0x44 ./src/CAN_program.o
                0x08000b2c                USB_LP_CAN1_RX0_IRQHandler
 .text.CAN1_RX1_IRQHandler
                0x08000b70       0x44 ./src/CAN_program.o
                0x08000b70                CAN1_RX1_IRQHandler
 .text.Dio_ReadChannel
                0x08000bb4       0x50 ./src/DIO_program.o
                0x08000bb4                Dio_ReadChannel
 .text.Dio_WriteChannel
                0x08000c04       0xb4 ./src/DIO_program.o
                0x08000c04                Dio_WriteChannel
 .text.Port_SetPinDirection
                0x08000cb8       0xdc ./src/DIO_program.o
                0x08000cb8                Port_SetPinDirection
 .text.Port_SetPinMode
                0x08000d94      0x168 ./src/DIO_program.o
                0x08000d94                Port_SetPinMode
 .text.dtcSetFault
                0x08000efc       0x26 ./src/DTC_program.o
                0x08000efc                dtcSetFault
 .text.dtcSetPassed
                0x08000f22       0x14 ./src/DTC_program.o
                0x08000f22                dtcSetPassed
 *fill*         0x08000f36        0x2 
 .text.DTC_u8DetectFault
                0x08000f38       0xd4 ./src/DTC_program.o
                0x08000f38                DTC_u8DetectFault
 .text.DoCAN_voidSetCallBackForMassage
                0x0800100c        0xc ./src/DoCAN_program.o
                0x0800100c                DoCAN_voidSetCallBackForMassage
 .text.DoCAN_voidRequestUsData
                0x08001018      0x16a ./src/DoCAN_program.o
                0x08001018                DoCAN_voidRequestUsData
 *fill*         0x08001182        0x2 
 .text.DoCAN_voidIndicateUsData
                0x08001184      0x258 ./src/DoCAN_program.o
                0x08001184                DoCAN_voidIndicateUsData
 .text.delay    0x080013dc       0x14 ./src/EEPROM_program.o
                0x080013dc                delay
 .text.HEEPROM_voidWriteByte
                0x080013f0       0x30 ./src/EEPROM_program.o
                0x080013f0                HEEPROM_voidWriteByte
 .text.HEEPROM_u8ReadByte
                0x08001420       0x1a ./src/EEPROM_program.o
                0x08001420                HEEPROM_u8ReadByte
 .text.HEEPROM_u8DeleteByte
                0x0800143a       0x26 ./src/EEPROM_program.o
                0x0800143a                HEEPROM_u8DeleteByte
 .text.HEEPROM_voidReadMultipleBytes
                0x08001460       0x28 ./src/EEPROM_program.o
                0x08001460                HEEPROM_voidReadMultipleBytes
 .text.HEEPROM_voidDeleteMultipleBytes
                0x08001488       0x20 ./src/EEPROM_program.o
                0x08001488                HEEPROM_voidDeleteMultipleBytes
 .text.HEEPROM_voidDeletePages
                0x080014a8       0x66 ./src/EEPROM_program.o
                0x080014a8                HEEPROM_voidDeletePages
 *fill*         0x0800150e        0x2 
 .text.MI2C_voidInti
                0x08001510       0x2c ./src/I2C_program.o
                0x08001510                MI2C_voidInti
 .text.MI2C_voidTransmit
                0x0800153c       0x78 ./src/I2C_program.o
                0x0800153c                MI2C_voidTransmit
 .text.MI2C_voidReceiveFromAddress
                0x080015b4       0xc0 ./src/I2C_program.o
                0x080015b4                MI2C_voidReceiveFromAddress
 .text.NVIC_voidEnableInterrupt
                0x08001674       0x2c ./src/NVIC_program.o
                0x08001674                NVIC_voidEnableInterrupt
 .text.NVIC_voidSystemReset
                0x080016a0       0x10 ./src/NVIC_program.o
                0x080016a0                NVIC_voidSystemReset
 .text.RCC_voidInitSystemClock
                0x080016b0       0x14 ./src/RCC_program.o
                0x080016b0                RCC_voidInitSystemClock
 .text.RCC_voidEnableClock
                0x080016c4       0x4c ./src/RCC_program.o
                0x080016c4                RCC_voidEnableClock
 .text.TIMER_voidSetPrescaler
                0x08001710       0x44 ./src/TIMER_program.o
                0x08001710                TIMER_voidSetPrescaler
 .text.TIMER_voidSetBusyWait
                0x08001754      0x1e0 ./src/TIMER_program.o
                0x08001754                TIMER_voidSetBusyWait
 .text.TIMER_u16GetElapsedTime
                0x08001934       0x40 ./src/TIMER_program.o
                0x08001934                TIMER_u16GetElapsedTime
 .text.TIMER_voidSetResetTimer
                0x08001974       0x8c ./src/TIMER_program.o
                0x08001974                TIMER_voidSetResetTimer
 .text.TIMER_voidStartStopCount
                0x08001a00       0x9c ./src/TIMER_program.o
                0x08001a00                TIMER_voidStartStopCount
 .text.TIM2_IRQHandler
                0x08001a9c       0x54 ./src/TIMER_program.o
                0x08001a9c                TIM2_IRQHandler
 .text.TIM3_IRQHandler
                0x08001af0       0x54 ./src/TIMER_program.o
                0x08001af0                TIM3_IRQHandler
 .text.TIM4_IRQHandler
                0x08001b44       0x54 ./src/TIMER_program.o
                0x08001b44                TIM4_IRQHandler
 .text.USART1_IRQHandler
                0x08001b98       0x18 ./src/UART_program.o
                0x08001b98                USART1_IRQHandler
 .text.UDSHandler_voidSendNegResponse
                0x08001bb0       0x4e ./src/UDSHandler_program.o
                0x08001bb0                UDSHandler_voidSendNegResponse
 *fill*         0x08001bfe        0x2 
 .text.UDSHandler_voidCallService
                0x08001c00       0xe0 ./src/UDSHandler_program.o
                0x08001c00                UDSHandler_voidCallService
 .text.UDSHandler_voidSendPosResponse
                0x08001ce0       0x54 ./src/UDSHandler_program.o
                0x08001ce0                UDSHandler_voidSendPosResponse
 .text.UDS_voidClearDiagnosticInformation
                0x08001d34       0x36 ./src/UDS_ClearDiagnosticInformation_program.o
                0x08001d34                UDS_voidClearDiagnosticInformation
 *fill*         0x08001d6a        0x2 
 .text.UDS_voidControlDTCSetting
                0x08001d6c       0x58 ./src/UDS_ControlDTCSetting_program.o
                0x08001d6c                UDS_voidControlDTCSetting
 .text.UDS_voidDiagnosticSessionControl
                0x08001dc4       0xe8 ./src/UDS_DiagnosticSessionControl_program.o
                0x08001dc4                UDS_voidDiagnosticSessionControl
 .text.UDS_voidECUReset
                0x08001eac       0x48 ./src/UDS_ECUReset_program.o
                0x08001eac                UDS_voidECUReset
 .text.UDS_voidReadDTCInformation
                0x08001ef4      0x156 ./src/UDS_ReadDTCInformation_program.o
                0x08001ef4                UDS_voidReadDTCInformation
 *fill*         0x0800204a        0x2 
 .text.UDS_voidReadDataById
                0x0800204c      0x1a8 ./src/UDS_ReadDataById_program.o
                0x0800204c                UDS_voidReadDataById
 .text.UDS_voidRequestDownload
                0x080021f4       0xf8 ./src/UDS_RequestDownload_program.o
                0x080021f4                UDS_voidRequestDownload
 .text.UDS_voidRequestTransferExit
                0x080022ec       0x88 ./src/UDS_RequestTransferExit_program.o
                0x080022ec                UDS_voidRequestTransferExit
 .text.UDS_voidTesterPresent
                0x08002374       0x48 ./src/UDS_TesterPresent_program.o
                0x08002374                UDS_voidTesterPresent
 .text.UDS_voidTransferData
                0x080023bc      0x160 ./src/UDS_TransferData_program.o
                0x080023bc                UDS_voidTransferData
 .text.UDS_voidWriteDataById
                0x0800251c      0x114 ./src/UDS_WriteDataById_program.o
                0x0800251c                UDS_voidWriteDataById
 .text.USONIC_voidInit
                0x08002630       0x9c ./src/USONIC_program.o
                0x08002630                USONIC_voidInit
 *fill*         0x080026cc        0x4 
 .text.USONIC_f32GetDistance
                0x080026d0      0x25c ./src/USONIC_program.o
                0x080026d0                USONIC_f32GetDistance
 .text.main     0x0800292c      0x128 ./src/main.o
                0x0800292c                main
 .text          0x08002a54      0x378 d:/courses/imt arm/imt_arm_course/02- tools/03- imt sdk/imt_sdk_win_64/winarm/armgcc/bin/../lib/gcc/arm-none-eabi/7.2.1/thumb/v7-m\libgcc.a(_arm_addsubdf3.o)
                0x08002a54                __aeabi_drsub
                0x08002a5c                __aeabi_dsub
                0x08002a5c                __subdf3
                0x08002a60                __aeabi_dadd
                0x08002a60                __adddf3
                0x08002cd8                __floatunsidf
                0x08002cd8                __aeabi_ui2d
                0x08002cf8                __floatsidf
                0x08002cf8                __aeabi_i2d
                0x08002d1c                __aeabi_f2d
                0x08002d1c                __extendsfdf2
                0x08002d60                __floatundidf
                0x08002d60                __aeabi_ul2d
                0x08002d70                __floatdidf
                0x08002d70                __aeabi_l2d
 .text          0x08002dcc      0x424 d:/courses/imt arm/imt_arm_course/02- tools/03- imt sdk/imt_sdk_win_64/winarm/armgcc/bin/../lib/gcc/arm-none-eabi/7.2.1/thumb/v7-m\libgcc.a(_arm_muldivdf3.o)
                0x08002dcc                __aeabi_dmul
                0x08002dcc                __muldf3
                0x08003020                __divdf3
                0x08003020                __aeabi_ddiv
 .text          0x080031f0       0xa0 d:/courses/imt arm/imt_arm_course/02- tools/03- imt sdk/imt_sdk_win_64/winarm/armgcc/bin/../lib/gcc/arm-none-eabi/7.2.1/thumb/v7-m\libgcc.a(_arm_truncdfsf2.o)
                0x080031f0                __truncdfsf2
                0x080031f0                __aeabi_d2f
 .text          0x08003290      0x21c d:/courses/imt arm/imt_arm_course/02- tools/03- imt sdk/imt_sdk_win_64/winarm/armgcc/bin/../lib/gcc/arm-none-eabi/7.2.1/thumb/v7-m\libgcc.a(_arm_addsubsf3.o)
                0x08003290                __aeabi_frsub
                0x08003298                __subsf3
                0x08003298                __aeabi_fsub
                0x0800329c                __aeabi_fadd
                0x0800329c                __addsf3
                0x080033fc                __aeabi_ui2f
                0x080033fc                __floatunsisf
                0x08003404                __aeabi_i2f
                0x08003404                __floatsisf
                0x08003420                __aeabi_ul2f
                0x08003420                __floatundisf
                0x08003430                __aeabi_l2f
                0x08003430                __floatdisf
 .text.__errno  0x080034ac        0xc d:/courses/imt arm/imt_arm_course/02- tools/03- imt sdk/imt_sdk_win_64/winarm/armgcc/bin/../lib/gcc/arm-none-eabi/7.2.1/../../../../arm-none-eabi/lib/thumb/v7-m\libg_nano.a(lib_a-errno.o)
                0x080034ac                __errno
 .text.memset   0x080034b8       0x10 d:/courses/imt arm/imt_arm_course/02- tools/03- imt sdk/imt_sdk_win_64/winarm/armgcc/bin/../lib/gcc/arm-none-eabi/7.2.1/../../../../arm-none-eabi/lib/thumb/v7-m\libg_nano.a(lib_a-memset.o)
                0x080034b8                memset
 .text._vsnprintf_r
                0x080034c8       0x58 d:/courses/imt arm/imt_arm_course/02- tools/03- imt sdk/imt_sdk_win_64/winarm/armgcc/bin/../lib/gcc/arm-none-eabi/7.2.1/../../../../arm-none-eabi/lib/thumb/v7-m\libg_nano.a(lib_a-vsnprintf.o)
                0x080034c8                _vsniprintf_r
                0x080034c8                _vsnprintf_r
 .text.vsnprintf
                0x08003520       0x1c d:/courses/imt arm/imt_arm_course/02- tools/03- imt sdk/imt_sdk_win_64/winarm/armgcc/bin/../lib/gcc/arm-none-eabi/7.2.1/../../../../arm-none-eabi/lib/thumb/v7-m\libg_nano.a(lib_a-vsnprintf.o)
                0x08003520                vsniprintf
                0x08003520                vsnprintf
 .text.__ssputs_r
                0x0800353c       0xb4 d:/courses/imt arm/imt_arm_course/02- tools/03- imt sdk/imt_sdk_win_64/winarm/armgcc/bin/../lib/gcc/arm-none-eabi/7.2.1/../../../../arm-none-eabi/lib/thumb/v7-m\libg_nano.a(lib_a-nano-svfprintf.o)
                0x0800353c                __ssputs_r
 .text._svfprintf_r
                0x080035f0      0x1ec d:/courses/imt arm/imt_arm_course/02- tools/03- imt sdk/imt_sdk_win_64/winarm/armgcc/bin/../lib/gcc/arm-none-eabi/7.2.1/../../../../arm-none-eabi/lib/thumb/v7-m\libg_nano.a(lib_a-nano-svfprintf.o)
                0x080035f0                _svfiprintf_r
                0x080035f0                _svfprintf_r
 .text._printf_common
                0x080037dc       0xec d:/courses/imt arm/imt_arm_course/02- tools/03- imt sdk/imt_sdk_win_64/winarm/armgcc/bin/../lib/gcc/arm-none-eabi/7.2.1/../../../../arm-none-eabi/lib/thumb/v7-m\libg_nano.a(lib_a-nano-vfprintf_i.o)
                0x080037dc                _printf_common
 .text._printf_i
                0x080038c8      0x224 d:/courses/imt arm/imt_arm_course/02- tools/03- imt sdk/imt_sdk_win_64/winarm/armgcc/bin/../lib/gcc/arm-none-eabi/7.2.1/../../../../arm-none-eabi/lib/thumb/v7-m\libg_nano.a(lib_a-nano-vfprintf_i.o)
                0x080038c8                _printf_i
 .text.memchr   0x08003aec       0x1c d:/courses/imt arm/imt_arm_course/02- tools/03- imt sdk/imt_sdk_win_64/winarm/armgcc/bin/../lib/gcc/arm-none-eabi/7.2.1/../../../../arm-none-eabi/lib/thumb/v7-m\libg_nano.a(lib_a-memchr-stub.o)
                0x08003aec                memchr
 .text.memcpy   0x08003b08       0x16 d:/courses/imt arm/imt_arm_course/02- tools/03- imt sdk/imt_sdk_win_64/winarm/armgcc/bin/../lib/gcc/arm-none-eabi/7.2.1/../../../../arm-none-eabi/lib/thumb/v7-m\libg_nano.a(lib_a-memcpy-stub.o)
                0x08003b08                memcpy
 .text.memmove  0x08003b1e       0x32 d:/courses/imt arm/imt_arm_course/02- tools/03- imt sdk/imt_sdk_win_64/winarm/armgcc/bin/../lib/gcc/arm-none-eabi/7.2.1/../../../../arm-none-eabi/lib/thumb/v7-m\libg_nano.a(lib_a-memmove.o)
                0x08003b1e                memmove
 .text._free_r  0x08003b50       0x98 d:/courses/imt arm/imt_arm_course/02- tools/03- imt sdk/imt_sdk_win_64/winarm/armgcc/bin/../lib/gcc/arm-none-eabi/7.2.1/../../../../arm-none-eabi/lib/thumb/v7-m\libg_nano.a(lib_a-nano-freer.o)
                0x08003b50                _free_r
 .text._malloc_r
                0x08003be8       0xb4 d:/courses/imt arm/imt_arm_course/02- tools/03- imt sdk/imt_sdk_win_64/winarm/armgcc/bin/../lib/gcc/arm-none-eabi/7.2.1/../../../../arm-none-eabi/lib/thumb/v7-m\libg_nano.a(lib_a-nano-mallocr.o)
                0x08003be8                _malloc_r
 .text._realloc_r
                0x08003c9c       0x4c d:/courses/imt arm/imt_arm_course/02- tools/03- imt sdk/imt_sdk_win_64/winarm/armgcc/bin/../lib/gcc/arm-none-eabi/7.2.1/../../../../arm-none-eabi/lib/thumb/v7-m\libg_nano.a(lib_a-nano-reallocr.o)
                0x08003c9c                _realloc_r
 .text._sbrk_r  0x08003ce8       0x20 d:/courses/imt arm/imt_arm_course/02- tools/03- imt sdk/imt_sdk_win_64/winarm/armgcc/bin/../lib/gcc/arm-none-eabi/7.2.1/../../../../arm-none-eabi/lib/thumb/v7-m\libg_nano.a(lib_a-sbrkr.o)
                0x08003ce8                _sbrk_r
 .text.__malloc_lock
                0x08003d08        0x2 d:/courses/imt arm/imt_arm_course/02- tools/03- imt sdk/imt_sdk_win_64/winarm/armgcc/bin/../lib/gcc/arm-none-eabi/7.2.1/../../../../arm-none-eabi/lib/thumb/v7-m\libg_nano.a(lib_a-mlock.o)
                0x08003d08                __malloc_lock
 .text.__malloc_unlock
                0x08003d0a        0x2 d:/courses/imt arm/imt_arm_course/02- tools/03- imt sdk/imt_sdk_win_64/winarm/armgcc/bin/../lib/gcc/arm-none-eabi/7.2.1/../../../../arm-none-eabi/lib/thumb/v7-m\libg_nano.a(lib_a-mlock.o)
                0x08003d0a                __malloc_unlock
 .text._malloc_usable_size_r
                0x08003d0c       0x10 d:/courses/imt arm/imt_arm_course/02- tools/03- imt sdk/imt_sdk_win_64/winarm/armgcc/bin/../lib/gcc/arm-none-eabi/7.2.1/../../../../arm-none-eabi/lib/thumb/v7-m\libg_nano.a(lib_a-nano-msizer.o)
                0x08003d0c                _malloc_usable_size_r
 *(.rodata .rodata.* .constdata .constdata.*)
 .rodata.dumpExceptionStack.str1.4
                0x08003d1c      0x11a ./system/src/cortexm/exception_handlers.o
 *fill*         0x08003e36        0x2 
 .rodata.str1.4
                0x08003e38       0x2c ./system/src/cortexm/exception_handlers.o
                                 0x2a (size before relaxing)
 .rodata        0x08003e64        0xe ./src/UDS_DiagnosticSessionControl_program.o
 *fill*         0x08003e72        0x2 
 .rodata        0x08003e74        0x2 ./src/UDS_ECUReset_program.o
 *fill*         0x08003e76        0x2 
 .rodata        0x08003e78        0x3 ./src/UDS_RequestDownload_program.o
 .rodata._svfprintf_r.str1.1
                0x08003e7b       0x11 d:/courses/imt arm/imt_arm_course/02- tools/03- imt sdk/imt_sdk_win_64/winarm/armgcc/bin/../lib/gcc/arm-none-eabi/7.2.1/../../../../arm-none-eabi/lib/thumb/v7-m\libg_nano.a(lib_a-nano-svfprintf.o)
 .rodata._printf_i.str1.1
                0x08003e8c       0x22 d:/courses/imt arm/imt_arm_course/02- tools/03- imt sdk/imt_sdk_win_64/winarm/armgcc/bin/../lib/gcc/arm-none-eabi/7.2.1/../../../../arm-none-eabi/lib/thumb/v7-m\libg_nano.a(lib_a-nano-vfprintf_i.o)
 *(vtable)
 *(.eh_frame*)
 *(.glue_7)
 .glue_7        0x08003eae        0x0 linker stubs
 *(.glue_7t)
 .glue_7t       0x08003eae        0x0 linker stubs

.vfp11_veneer   0x08003eb0        0x0
 .vfp11_veneer  0x08003eb0        0x0 linker stubs

.v4_bx          0x08003eb0        0x0
 .v4_bx         0x08003eb0        0x0 linker stubs

.iplt           0x08003eb0        0x0
 .iplt          0x08003eb0        0x0 ./system/src/newlib/_exit.o

.rel.dyn        0x08003eb0        0x0
 .rel.iplt      0x08003eb0        0x0 ./system/src/newlib/_exit.o

.ARM.extab
 *(.ARM.extab* .gnu.linkonce.armextab.*)
                0x08003eb0                . = ALIGN (0x4)
                0x08003eb0                __exidx_start = .

.ARM.exidx
 *(.ARM.exidx* .gnu.linkonce.armexidx.*)
                0x08003eb0                __exidx_end = .
                0x08003eb0                . = ALIGN (0x4)
                0x08003eb0                _etext = .
                0x08003eb0                __etext = .

.data_CCMRAM    0x00000000        0x0 load address 0x08003eb0
 FILL mask 0xff
 *(.data.CCMRAM .data.CCMRAM.*)
                0x00000000                . = ALIGN (0x4)
                0x08003eb0                _sidata = LOADADDR (.data)

.data           0x20000000       0x8c load address 0x08003eb0
 FILL mask 0xff
                0x20000000                _sdata = .
                0x20000000                __data_start__ = .
 *(.data_begin .data_begin.*)
 .data_begin    0x20000000        0x4 ./system/src/newlib/_startup.o
 *(.data .data.*)
 .data.argv.4310
                0x20000004        0x8 ./system/src/newlib/_syscalls.o
 .data.AHBPrescTable
                0x2000000c       0x10 ./system/src/cmsis/system_stm32f10x.o
                0x2000000c                AHBPrescTable
 .data.SystemCoreClock
                0x2000001c        0x4 ./system/src/cmsis/system_stm32f10x.o
                0x2000001c                SystemCoreClock
 .data.Expected_SN.3733
                0x20000020        0x1 ./src/DoCAN_program.o
 .data.UDS_u8DTCSetting
                0x20000021        0x1 ./src/UDS_ControlDTCSetting_program.o
                0x20000021                UDS_u8DTCSetting
 .data.UDS_u8ActiveSession
                0x20000022        0x1 ./src/UDS_DiagnosticSessionControl_program.o
                0x20000022                UDS_u8ActiveSession
 .data.TransferData_u8ExpectedBSC
                0x20000023        0x1 ./src/UDS_TransferData_program.o
                0x20000023                TransferData_u8ExpectedBSC
 .data._impure_ptr
                0x20000024        0x4 d:/courses/imt arm/imt_arm_course/02- tools/03- imt sdk/imt_sdk_win_64/winarm/armgcc/bin/../lib/gcc/arm-none-eabi/7.2.1/../../../../arm-none-eabi/lib/thumb/v7-m\libg_nano.a(lib_a-impure.o)
                0x20000024                _impure_ptr
 .data.impure_data
                0x20000028       0x60 d:/courses/imt arm/imt_arm_course/02- tools/03- imt sdk/imt_sdk_win_64/winarm/armgcc/bin/../lib/gcc/arm-none-eabi/7.2.1/../../../../arm-none-eabi/lib/thumb/v7-m\libg_nano.a(lib_a-impure.o)
 *(.data_end .data_end.*)
 .data_end      0x20000088        0x4 ./system/src/newlib/_startup.o
                0x2000008c                . = ALIGN (0x4)
                0x2000008c                _edata = .
                0x2000008c                __data_end__ = .

.igot.plt       0x2000008c        0x0 load address 0x08003f3c
 .igot.plt      0x2000008c        0x0 ./system/src/newlib/_exit.o

.bss_CCMRAM     0x00000000        0x0
 *(.bss.CCMRAM .bss.CCMRAM.*)

.bss            0x2000008c      0x224
                0x2000008c                __bss_start__ = .
                0x2000008c                _sbss = .
 *(.bss_begin .bss_begin.*)
 .bss_begin     0x2000008c        0x4 ./system/src/newlib/_startup.o
 *(.bss .bss.*)
 .bss.current_heap_end.3961
                0x20000090        0x4 ./system/src/newlib/_sbrk.o
 .bss.name.4309
                0x20000094        0x1 ./system/src/newlib/_syscalls.o
 *fill*         0x20000095        0x3 
 .bss.buf.5205  0x20000098       0x80 ./system/src/diag/Trace.o
 .bss.CAN_CallBackFunc
                0x20000118        0x4 ./src/CAN_program.o
 .bss.CAN_DTC   0x2000011c       0x10 ./src/CAN_program.o
 .bss.CAN_PROP  0x2000012c        0xc ./src/CAN_program.o
 .bss.Local_u8FilterIndex.3828
                0x20000138        0x1 ./src/CAN_program.o
 *fill*         0x20000139        0x1 
 .bss.i.3729    0x2000013a        0x2 ./src/DoCAN_program.o
 .bss.TIMER_Callback
                0x2000013c       0x18 ./src/TIMER_program.o
 .bss.TIMER_u8IntervalType
                0x20000154        0x6 ./src/TIMER_program.o
 *fill*         0x2000015a        0x2 
 .bss.UART_CallBack
                0x2000015c        0x8 ./src/UART_program.o
 .bss.UDS_u8SessionTimer
                0x20000164        0x1 ./src/UDS_DiagnosticSessionControl_program.o
                0x20000164                UDS_u8SessionTimer
 .bss.RequestDownload_u8ActiveFlag
                0x20000165        0x1 ./src/UDS_RequestDownload_program.o
                0x20000165                RequestDownload_u8ActiveFlag
 .bss.TransferData_u16NumOfLines
                0x20000166        0x2 ./src/UDS_TransferData_program.o
                0x20000166                TransferData_u16NumOfLines
 .bss.TransferData_u32ReceivedBytes
                0x20000168        0x4 ./src/UDS_TransferData_program.o
                0x20000168                TransferData_u32ReceivedBytes
 .bss.TransferData_u8NextAddress
                0x2000016c        0x2 ./src/UDS_TransferData_program.o
                0x2000016c                TransferData_u8NextAddress
 .bss.Local_u8Flag
                0x2000016e        0x1 ./src/USONIC_program.o
                0x2000016e                Local_u8Flag
 *fill*         0x2000016f        0x1 
 .bss.USONIC_PROP
                0x20000170       0x3c ./src/USONIC_program.o
 .bss.dtc_usonic
                0x200001ac       0x50 ./src/USONIC_program.o
 .bss.__malloc_free_list
                0x200001fc        0x4 d:/courses/imt arm/imt_arm_course/02- tools/03- imt sdk/imt_sdk_win_64/winarm/armgcc/bin/../lib/gcc/arm-none-eabi/7.2.1/../../../../arm-none-eabi/lib/thumb/v7-m\libg_nano.a(lib_a-nano-mallocr.o)
                0x200001fc                __malloc_free_list
 .bss.__malloc_sbrk_start
                0x20000200        0x4 d:/courses/imt arm/imt_arm_course/02- tools/03- imt sdk/imt_sdk_win_64/winarm/armgcc/bin/../lib/gcc/arm-none-eabi/7.2.1/../../../../arm-none-eabi/lib/thumb/v7-m\libg_nano.a(lib_a-nano-mallocr.o)
                0x20000200                __malloc_sbrk_start
 *(COMMON)
 COMMON         0x20000204        0x4 ./system/src/newlib/_syscalls.o
                0x20000204                errno
 COMMON         0x20000208        0xb ./src/CAN_program.o
                0x20000208                CAN_RECIEVED_MSG
 *fill*         0x20000213        0x1 
 COMMON         0x20000214       0x73 ./src/DTC_program.o
                0x20000214                RequestMassage
                0x2000024c                Received_Data
                0x20000284                Received_FlowControl
 *fill*         0x20000287        0x1 
 COMMON         0x20000288        0x8 ./src/DoCAN_program.o
                0x20000288                FlowControlIndication
                0x2000028c                MassageIndication
 COMMON         0x20000290       0x10 ./src/UDS_ReadDataById_program.o
                0x20000290                GetFrontDistanceValue
                0x20000294                GetVoltValue
                0x20000298                GetSpeedValue
                0x2000029c                GetBackDistanceValue
 COMMON         0x200002a0        0x4 ./src/UDS_RequestDownload_program.o
                0x200002a0                RequestDownload_u32Size
 COMMON         0x200002a4        0x8 ./src/UDS_WriteDataById_program.o
                0x200002a4                SetZone2
                0x200002a8                SetZone1
 *(.bss_end .bss_end.*)
 .bss_end       0x200002ac        0x4 ./system/src/newlib/_startup.o
                0x200002b0                . = ALIGN (0x4)
                0x200002b0                __bss_end__ = .
                0x200002b0                _ebss = .

.noinit_CCMRAM
 *(.noinit.CCMRAM .noinit.CCMRAM.*)

.noinit         0x200002b0        0x0
                0x200002b0                _noinit = .
 *(.noinit .noinit.*)
                0x200002b0                . = ALIGN (0x4)
                0x200002b0                _end_noinit = .
                [!provide]                PROVIDE (end, _end_noinit)
                [!provide]                PROVIDE (_end, _end_noinit)
                [!provide]                PROVIDE (__end, _end_noinit)
                [!provide]                PROVIDE (__end__, _end_noinit)

._check_stack   0x200002b0      0x100
                0x200003b0                . = (. + _Minimum_Stack_Size)
 *fill*         0x200002b0      0x100 

.b1text
 *(.b1text)
 *(.b1rodata)
 *(.b1rodata.*)

.eb0text
 *(.eb0text)
 *(.eb0rodata)
 *(.eb0rodata.*)

.eb1text
 *(.eb1text)
 *(.eb1rodata)
 *(.eb1rodata.*)

.eb2text
 *(.eb2text)
 *(.eb2rodata)
 *(.eb2rodata.*)

.eb3text
 *(.eb3text)
 *(.eb3rodata)
 *(.eb3rodata.*)

.stab
 *(.stab)

.stabstr
 *(.stabstr)

.stab.excl
 *(.stab.excl)

.stab.exclstr
 *(.stab.exclstr)

.stab.index
 *(.stab.index)

.stab.indexstr
 *(.stab.indexstr)

.comment        0x00000000       0x7e
 *(.comment)
 .comment       0x00000000       0x7e ./system/src/newlib/_exit.o
                                 0x7f (size before relaxing)
 .comment       0x0000007e       0x7f ./system/src/newlib/_sbrk.o
 .comment       0x0000007e       0x7f ./system/src/newlib/_startup.o
 .comment       0x0000007e       0x7f ./system/src/newlib/_syscalls.o
 .comment       0x0000007e       0x7f ./system/src/diag/Trace.o
 .comment       0x0000007e       0x7f ./system/src/diag/trace_impl.o
 .comment       0x0000007e       0x7f ./system/src/cortexm/_initialize_hardware.o
 .comment       0x0000007e       0x7f ./system/src/cortexm/exception_handlers.o
 .comment       0x0000007e       0x7f ./system/src/cmsis/system_stm32f10x.o
 .comment       0x0000007e       0x7f ./system/src/cmsis/vectors_stm32f10x.o
 .comment       0x0000007e       0x7f ./src/CAN_program.o
 .comment       0x0000007e       0x7f ./src/DIO_program.o
 .comment       0x0000007e       0x7f ./src/DTC_program.o
 .comment       0x0000007e       0x7f ./src/DoCAN_program.o
 .comment       0x0000007e       0x7f ./src/EEPROM_program.o
 .comment       0x0000007e       0x7f ./src/I2C_program.o
 .comment       0x0000007e       0x7f ./src/NVIC_program.o
 .comment       0x0000007e       0x7f ./src/RCC_program.o
 .comment       0x0000007e       0x7f ./src/TIMER_program.o
 .comment       0x0000007e       0x7f ./src/UART_program.o
 .comment       0x0000007e       0x7f ./src/UDSHandler_program.o
 .comment       0x0000007e       0x7f ./src/UDS_ClearDiagnosticInformation_program.o
 .comment       0x0000007e       0x7f ./src/UDS_ControlDTCSetting_program.o
 .comment       0x0000007e       0x7f ./src/UDS_DiagnosticSessionControl_program.o
 .comment       0x0000007e       0x7f ./src/UDS_ECUReset_program.o
 .comment       0x0000007e       0x7f ./src/UDS_ReadDTCInformation_program.o
 .comment       0x0000007e       0x7f ./src/UDS_ReadDataById_program.o
 .comment       0x0000007e       0x7f ./src/UDS_RequestDownload_program.o
 .comment       0x0000007e       0x7f ./src/UDS_RequestTransferExit_program.o
 .comment       0x0000007e       0x7f ./src/UDS_TesterPresent_program.o
 .comment       0x0000007e       0x7f ./src/UDS_TransferData_program.o
 .comment       0x0000007e       0x7f ./src/UDS_WriteDataById_program.o
 .comment       0x0000007e       0x7f ./src/USONIC_program.o
 .comment       0x0000007e       0x7f ./src/main.o

.ARM.attributes
                0x00000000       0x31
 .ARM.attributes
                0x00000000       0x33 ./system/src/newlib/_exit.o
 .ARM.attributes
                0x00000033       0x33 ./system/src/newlib/_sbrk.o
 .ARM.attributes
                0x00000066       0x33 ./system/src/newlib/_startup.o
 .ARM.attributes
                0x00000099       0x33 ./system/src/newlib/_syscalls.o
 .ARM.attributes
                0x000000cc       0x33 ./system/src/diag/Trace.o
 .ARM.attributes
                0x000000ff       0x33 ./system/src/diag/trace_impl.o
 .ARM.attributes
                0x00000132       0x33 ./system/src/cortexm/_initialize_hardware.o
 .ARM.attributes
                0x00000165       0x33 ./system/src/cortexm/exception_handlers.o
 .ARM.attributes
                0x00000198       0x33 ./system/src/cmsis/system_stm32f10x.o
 .ARM.attributes
                0x000001cb       0x33 ./system/src/cmsis/vectors_stm32f10x.o
 .ARM.attributes
                0x000001fe       0x33 ./src/CAN_program.o
 .ARM.attributes
                0x00000231       0x33 ./src/DIO_program.o
 .ARM.attributes
                0x00000264       0x33 ./src/DTC_program.o
 .ARM.attributes
                0x00000297       0x33 ./src/DoCAN_program.o
 .ARM.attributes
                0x000002ca       0x33 ./src/EEPROM_program.o
 .ARM.attributes
                0x000002fd       0x33 ./src/I2C_program.o
 .ARM.attributes
                0x00000330       0x33 ./src/NVIC_program.o
 .ARM.attributes
                0x00000363       0x33 ./src/RCC_program.o
 .ARM.attributes
                0x00000396       0x33 ./src/TIMER_program.o
 .ARM.attributes
                0x000003c9       0x33 ./src/UART_program.o
 .ARM.attributes
                0x000003fc       0x33 ./src/UDSHandler_program.o
 .ARM.attributes
                0x0000042f       0x33 ./src/UDS_ClearDiagnosticInformation_program.o
 .ARM.attributes
                0x00000462       0x33 ./src/UDS_ControlDTCSetting_program.o
 .ARM.attributes
                0x00000495       0x33 ./src/UDS_DiagnosticSessionControl_program.o
 .ARM.attributes
                0x000004c8       0x33 ./src/UDS_ECUReset_program.o
 .ARM.attributes
                0x000004fb       0x33 ./src/UDS_ReadDTCInformation_program.o
 .ARM.attributes
                0x0000052e       0x33 ./src/UDS_ReadDataById_program.o
 .ARM.attributes
                0x00000561       0x33 ./src/UDS_RequestDownload_program.o
 .ARM.attributes
                0x00000594       0x33 ./src/UDS_RequestTransferExit_program.o
 .ARM.attributes
                0x000005c7       0x33 ./src/UDS_TesterPresent_program.o
 .ARM.attributes
                0x000005fa       0x33 ./src/UDS_TransferData_program.o
 .ARM.attributes
                0x0000062d       0x33 ./src/UDS_WriteDataById_program.o
 .ARM.attributes
                0x00000660       0x33 ./src/USONIC_program.o
 .ARM.attributes
                0x00000693       0x33 ./src/main.o
 .ARM.attributes
                0x000006c6       0x1d d:/courses/imt arm/imt_arm_course/02- tools/03- imt sdk/imt_sdk_win_64/winarm/armgcc/bin/../lib/gcc/arm-none-eabi/7.2.1/thumb/v7-m\libgcc.a(_arm_addsubdf3.o)
 .ARM.attributes
                0x000006e3       0x1d d:/courses/imt arm/imt_arm_course/02- tools/03- imt sdk/imt_sdk_win_64/winarm/armgcc/bin/../lib/gcc/arm-none-eabi/7.2.1/thumb/v7-m\libgcc.a(_arm_muldivdf3.o)
 .ARM.attributes
                0x00000700       0x1d d:/courses/imt arm/imt_arm_course/02- tools/03- imt sdk/imt_sdk_win_64/winarm/armgcc/bin/../lib/gcc/arm-none-eabi/7.2.1/thumb/v7-m\libgcc.a(_arm_truncdfsf2.o)
 .ARM.attributes
                0x0000071d       0x1d d:/courses/imt arm/imt_arm_course/02- tools/03- imt sdk/imt_sdk_win_64/winarm/armgcc/bin/../lib/gcc/arm-none-eabi/7.2.1/thumb/v7-m\libgcc.a(_arm_addsubsf3.o)
 .ARM.attributes
                0x0000073a       0x2d d:/courses/imt arm/imt_arm_course/02- tools/03- imt sdk/imt_sdk_win_64/winarm/armgcc/bin/../lib/gcc/arm-none-eabi/7.2.1/../../../../arm-none-eabi/lib/thumb/v7-m\libg_nano.a(lib_a-errno.o)
 .ARM.attributes
                0x00000767       0x2d d:/courses/imt arm/imt_arm_course/02- tools/03- imt sdk/imt_sdk_win_64/winarm/armgcc/bin/../lib/gcc/arm-none-eabi/7.2.1/../../../../arm-none-eabi/lib/thumb/v7-m\libg_nano.a(lib_a-impure.o)
 .ARM.attributes
                0x00000794       0x2d d:/courses/imt arm/imt_arm_course/02- tools/03- imt sdk/imt_sdk_win_64/winarm/armgcc/bin/../lib/gcc/arm-none-eabi/7.2.1/../../../../arm-none-eabi/lib/thumb/v7-m\libg_nano.a(lib_a-memset.o)
 .ARM.attributes
                0x000007c1       0x2d d:/courses/imt arm/imt_arm_course/02- tools/03- imt sdk/imt_sdk_win_64/winarm/armgcc/bin/../lib/gcc/arm-none-eabi/7.2.1/../../../../arm-none-eabi/lib/thumb/v7-m\libg_nano.a(lib_a-vsnprintf.o)
 .ARM.attributes
                0x000007ee       0x2d d:/courses/imt arm/imt_arm_course/02- tools/03- imt sdk/imt_sdk_win_64/winarm/armgcc/bin/../lib/gcc/arm-none-eabi/7.2.1/../../../../arm-none-eabi/lib/thumb/v7-m\libg_nano.a(lib_a-nano-svfprintf.o)
 .ARM.attributes
                0x0000081b       0x2d d:/courses/imt arm/imt_arm_course/02- tools/03- imt sdk/imt_sdk_win_64/winarm/armgcc/bin/../lib/gcc/arm-none-eabi/7.2.1/../../../../arm-none-eabi/lib/thumb/v7-m\libg_nano.a(lib_a-nano-vfprintf_i.o)
 .ARM.attributes
                0x00000848       0x2d d:/courses/imt arm/imt_arm_course/02- tools/03- imt sdk/imt_sdk_win_64/winarm/armgcc/bin/../lib/gcc/arm-none-eabi/7.2.1/../../../../arm-none-eabi/lib/thumb/v7-m\libg_nano.a(lib_a-memchr-stub.o)
 .ARM.attributes
                0x00000875       0x2d d:/courses/imt arm/imt_arm_course/02- tools/03- imt sdk/imt_sdk_win_64/winarm/armgcc/bin/../lib/gcc/arm-none-eabi/7.2.1/../../../../arm-none-eabi/lib/thumb/v7-m\libg_nano.a(lib_a-memcpy-stub.o)
 .ARM.attributes
                0x000008a2       0x2d d:/courses/imt arm/imt_arm_course/02- tools/03- imt sdk/imt_sdk_win_64/winarm/armgcc/bin/../lib/gcc/arm-none-eabi/7.2.1/../../../../arm-none-eabi/lib/thumb/v7-m\libg_nano.a(lib_a-memmove.o)
 .ARM.attributes
                0x000008cf       0x2d d:/courses/imt arm/imt_arm_course/02- tools/03- imt sdk/imt_sdk_win_64/winarm/armgcc/bin/../lib/gcc/arm-none-eabi/7.2.1/../../../../arm-none-eabi/lib/thumb/v7-m\libg_nano.a(lib_a-nano-freer.o)
 .ARM.attributes
                0x000008fc       0x2d d:/courses/imt arm/imt_arm_course/02- tools/03- imt sdk/imt_sdk_win_64/winarm/armgcc/bin/../lib/gcc/arm-none-eabi/7.2.1/../../../../arm-none-eabi/lib/thumb/v7-m\libg_nano.a(lib_a-nano-mallocr.o)
 .ARM.attributes
                0x00000929       0x2d d:/courses/imt arm/imt_arm_course/02- tools/03- imt sdk/imt_sdk_win_64/winarm/armgcc/bin/../lib/gcc/arm-none-eabi/7.2.1/../../../../arm-none-eabi/lib/thumb/v7-m\libg_nano.a(lib_a-nano-reallocr.o)
 .ARM.attributes
                0x00000956       0x2d d:/courses/imt arm/imt_arm_course/02- tools/03- imt sdk/imt_sdk_win_64/winarm/armgcc/bin/../lib/gcc/arm-none-eabi/7.2.1/../../../../arm-none-eabi/lib/thumb/v7-m\libg_nano.a(lib_a-sbrkr.o)
 .ARM.attributes
                0x00000983       0x2d d:/courses/imt arm/imt_arm_course/02- tools/03- imt sdk/imt_sdk_win_64/winarm/armgcc/bin/../lib/gcc/arm-none-eabi/7.2.1/../../../../arm-none-eabi/lib/thumb/v7-m\libg_nano.a(lib_a-mlock.o)
 .ARM.attributes
                0x000009b0       0x2d d:/courses/imt arm/imt_arm_course/02- tools/03- imt sdk/imt_sdk_win_64/winarm/armgcc/bin/../lib/gcc/arm-none-eabi/7.2.1/../../../../arm-none-eabi/lib/thumb/v7-m\libg_nano.a(lib_a-nano-msizer.o)

.debug
 *(.debug)

.line
 *(.line)

.debug_srcinfo
 *(.debug_srcinfo)

.debug_sfnames
 *(.debug_sfnames)

.debug_aranges  0x00000000      0x750
 *(.debug_aranges)
 .debug_aranges
                0x00000000       0x28 ./system/src/newlib/_exit.o
 .debug_aranges
                0x00000028       0x20 ./system/src/newlib/_sbrk.o
 .debug_aranges
                0x00000048       0x40 ./system/src/newlib/_startup.o
 .debug_aranges
                0x00000088       0x30 ./system/src/newlib/_syscalls.o
 .debug_aranges
                0x000000b8       0x38 ./system/src/diag/Trace.o
 .debug_aranges
                0x000000f0       0x30 ./system/src/diag/trace_impl.o
 .debug_aranges
                0x00000120       0x28 ./system/src/cortexm/_initialize_hardware.o
 .debug_aranges
                0x00000148       0x90 ./system/src/cortexm/exception_handlers.o
 .debug_aranges
                0x000001d8       0x38 ./system/src/cmsis/system_stm32f10x.o
 .debug_aranges
                0x00000210       0x20 ./system/src/cmsis/vectors_stm32f10x.o
 .debug_aranges
                0x00000230       0x70 ./src/CAN_program.o
 .debug_aranges
                0x000002a0       0x60 ./src/DIO_program.o
 .debug_aranges
                0x00000300       0x30 ./src/DTC_program.o
 .debug_aranges
                0x00000330       0x38 ./src/DoCAN_program.o
 .debug_aranges
                0x00000368       0x58 ./src/EEPROM_program.o
 .debug_aranges
                0x000003c0       0x38 ./src/I2C_program.o
 .debug_aranges
                0x000003f8       0x50 ./src/NVIC_program.o
 .debug_aranges
                0x00000448       0x30 ./src/RCC_program.o
 .debug_aranges
                0x00000478       0x90 ./src/TIMER_program.o
 .debug_aranges
                0x00000508       0x40 ./src/UART_program.o
 .debug_aranges
                0x00000548       0x30 ./src/UDSHandler_program.o
 .debug_aranges
                0x00000578       0x20 ./src/UDS_ClearDiagnosticInformation_program.o
 .debug_aranges
                0x00000598       0x20 ./src/UDS_ControlDTCSetting_program.o
 .debug_aranges
                0x000005b8       0x20 ./src/UDS_DiagnosticSessionControl_program.o
 .debug_aranges
                0x000005d8       0x20 ./src/UDS_ECUReset_program.o
 .debug_aranges
                0x000005f8       0x20 ./src/UDS_ReadDTCInformation_program.o
 .debug_aranges
                0x00000618       0x40 ./src/UDS_ReadDataById_program.o
 .debug_aranges
                0x00000658       0x20 ./src/UDS_RequestDownload_program.o
 .debug_aranges
                0x00000678       0x20 ./src/UDS_RequestTransferExit_program.o
 .debug_aranges
                0x00000698       0x20 ./src/UDS_TesterPresent_program.o
 .debug_aranges
                0x000006b8       0x20 ./src/UDS_TransferData_program.o
 .debug_aranges
                0x000006d8       0x30 ./src/UDS_WriteDataById_program.o
 .debug_aranges
                0x00000708       0x28 ./src/USONIC_program.o
 .debug_aranges
                0x00000730       0x20 ./src/main.o

.debug_pubnames
 *(.debug_pubnames)

.debug_info     0x00000000     0xb31f
 *(.debug_info .gnu.linkonce.wi.*)
 .debug_info    0x00000000      0x956 ./system/src/newlib/_exit.o
 .debug_info    0x00000956      0x942 ./system/src/newlib/_sbrk.o
 .debug_info    0x00001298      0x42e ./system/src/newlib/_startup.o
 .debug_info    0x000016c6      0xa19 ./system/src/newlib/_syscalls.o
 .debug_info    0x000020df      0xb2a ./system/src/diag/Trace.o
 .debug_info    0x00002c09      0x363 ./system/src/diag/trace_impl.o
 .debug_info    0x00002f6c      0x2b5 ./system/src/cortexm/_initialize_hardware.o
 .debug_info    0x00003221     0x1140 ./system/src/cortexm/exception_handlers.o
 .debug_info    0x00004361      0x494 ./system/src/cmsis/system_stm32f10x.o
 .debug_info    0x000047f5       0xca ./system/src/cmsis/vectors_stm32f10x.o
 .debug_info    0x000048bf      0x836 ./src/CAN_program.o
 .debug_info    0x000050f5      0x3a1 ./src/DIO_program.o
 .debug_info    0x00005496      0x40b ./src/DTC_program.o
 .debug_info    0x000058a1      0x42d ./src/DoCAN_program.o
 .debug_info    0x00005cce      0x4f5 ./src/EEPROM_program.o
 .debug_info    0x000061c3      0x25f ./src/I2C_program.o
 .debug_info    0x00006422      0x1b4 ./src/NVIC_program.o
 .debug_info    0x000065d6       0xf7 ./src/RCC_program.o
 .debug_info    0x000066cd      0x38d ./src/TIMER_program.o
 .debug_info    0x00006a5a      0x3d2 ./src/UART_program.o
 .debug_info    0x00006e2c      0x556 ./src/UDSHandler_program.o
 .debug_info    0x00007382      0x2ff ./src/UDS_ClearDiagnosticInformation_program.o
 .debug_info    0x00007681      0x308 ./src/UDS_ControlDTCSetting_program.o
 .debug_info    0x00007989      0x3f4 ./src/UDS_DiagnosticSessionControl_program.o
 .debug_info    0x00007d7d      0x310 ./src/UDS_ECUReset_program.o
 .debug_info    0x0000808d      0xc70 ./src/UDS_ReadDTCInformation_program.o
 .debug_info    0x00008cfd      0x40d ./src/UDS_ReadDataById_program.o
 .debug_info    0x0000910a      0x3e0 ./src/UDS_RequestDownload_program.o
 .debug_info    0x000094ea      0x3be ./src/UDS_RequestTransferExit_program.o
 .debug_info    0x000098a8      0x310 ./src/UDS_TesterPresent_program.o
 .debug_info    0x00009bb8      0x49d ./src/UDS_TransferData_program.o
 .debug_info    0x0000a055      0x37a ./src/UDS_WriteDataById_program.o
 .debug_info    0x0000a3cf      0x845 ./src/USONIC_program.o
 .debug_info    0x0000ac14      0x70b ./src/main.o

.debug_abbrev   0x00000000     0x3491
 *(.debug_abbrev)
 .debug_abbrev  0x00000000      0x1f3 ./system/src/newlib/_exit.o
 .debug_abbrev  0x000001f3      0x1fc ./system/src/newlib/_sbrk.o
 .debug_abbrev  0x000003ef      0x1b3 ./system/src/newlib/_startup.o
 .debug_abbrev  0x000005a2      0x234 ./system/src/newlib/_syscalls.o
 .debug_abbrev  0x000007d6      0x276 ./system/src/diag/Trace.o
 .debug_abbrev  0x00000a4c      0x1e2 ./system/src/diag/trace_impl.o
 .debug_abbrev  0x00000c2e       0xea ./system/src/cortexm/_initialize_hardware.o
 .debug_abbrev  0x00000d18      0x32b ./system/src/cortexm/exception_handlers.o
 .debug_abbrev  0x00001043      0x177 ./system/src/cmsis/system_stm32f10x.o
 .debug_abbrev  0x000011ba       0x9d ./system/src/cmsis/vectors_stm32f10x.o
 .debug_abbrev  0x00001257      0x293 ./src/CAN_program.o
 .debug_abbrev  0x000014ea      0x17c ./src/DIO_program.o
 .debug_abbrev  0x00001666      0x19c ./src/DTC_program.o
 .debug_abbrev  0x00001802      0x1cb ./src/DoCAN_program.o
 .debug_abbrev  0x000019cd      0x12f ./src/EEPROM_program.o
 .debug_abbrev  0x00001afc       0xe3 ./src/I2C_program.o
 .debug_abbrev  0x00001bdf       0xc2 ./src/NVIC_program.o
 .debug_abbrev  0x00001ca1       0x70 ./src/RCC_program.o
 .debug_abbrev  0x00001d11      0x12b ./src/TIMER_program.o
 .debug_abbrev  0x00001e3c      0x16b ./src/UART_program.o
 .debug_abbrev  0x00001fa7      0x184 ./src/UDSHandler_program.o
 .debug_abbrev  0x0000212b      0x13f ./src/UDS_ClearDiagnosticInformation_program.o
 .debug_abbrev  0x0000226a      0x15d ./src/UDS_ControlDTCSetting_program.o
 .debug_abbrev  0x000023c7      0x171 ./src/UDS_DiagnosticSessionControl_program.o
 .debug_abbrev  0x00002538      0x155 ./src/UDS_ECUReset_program.o
 .debug_abbrev  0x0000268d      0x279 ./src/UDS_ReadDTCInformation_program.o
 .debug_abbrev  0x00002906      0x19a ./src/UDS_ReadDataById_program.o
 .debug_abbrev  0x00002aa0      0x177 ./src/UDS_RequestDownload_program.o
 .debug_abbrev  0x00002c17      0x166 ./src/UDS_RequestTransferExit_program.o
 .debug_abbrev  0x00002d7d      0x15b ./src/UDS_TesterPresent_program.o
 .debug_abbrev  0x00002ed8      0x180 ./src/UDS_TransferData_program.o
 .debug_abbrev  0x00003058      0x185 ./src/UDS_WriteDataById_program.o
 .debug_abbrev  0x000031dd      0x15b ./src/USONIC_program.o
 .debug_abbrev  0x00003338      0x159 ./src/main.o

.debug_line     0x00000000     0x56c9
 *(.debug_line)
 .debug_line    0x00000000      0x3cb ./system/src/newlib/_exit.o
 .debug_line    0x000003cb      0x37f ./system/src/newlib/_sbrk.o
 .debug_line    0x0000074a      0x439 ./system/src/newlib/_startup.o
 .debug_line    0x00000b83      0x4b4 ./system/src/newlib/_syscalls.o
 .debug_line    0x00001037      0x447 ./system/src/diag/Trace.o
 .debug_line    0x0000147e      0x6b4 ./system/src/diag/trace_impl.o
 .debug_line    0x00001b32      0x393 ./system/src/cortexm/_initialize_hardware.o
 .debug_line    0x00001ec5      0x776 ./system/src/cortexm/exception_handlers.o
 .debug_line    0x0000263b      0x406 ./system/src/cmsis/system_stm32f10x.o
 .debug_line    0x00002a41      0x11f ./system/src/cmsis/vectors_stm32f10x.o
 .debug_line    0x00002b60      0x28d ./src/CAN_program.o
 .debug_line    0x00002ded      0x1c8 ./src/DIO_program.o
 .debug_line    0x00002fb5      0x16f ./src/DTC_program.o
 .debug_line    0x00003124      0x1c1 ./src/DoCAN_program.o
 .debug_line    0x000032e5      0x1cf ./src/EEPROM_program.o
 .debug_line    0x000034b4      0x173 ./src/I2C_program.o
 .debug_line    0x00003627      0x130 ./src/NVIC_program.o
 .debug_line    0x00003757       0xd3 ./src/RCC_program.o
 .debug_line    0x0000382a      0x390 ./src/TIMER_program.o
 .debug_line    0x00003bba      0x1a8 ./src/UART_program.o
 .debug_line    0x00003d62      0x2e4 ./src/UDSHandler_program.o
 .debug_line    0x00004046      0x17d ./src/UDS_ClearDiagnosticInformation_program.o
 .debug_line    0x000041c3      0x13d ./src/UDS_ControlDTCSetting_program.o
 .debug_line    0x00004300      0x19d ./src/UDS_DiagnosticSessionControl_program.o
 .debug_line    0x0000449d      0x12b ./src/UDS_ECUReset_program.o
 .debug_line    0x000045c8      0x465 ./src/UDS_ReadDTCInformation_program.o
 .debug_line    0x00004a2d      0x194 ./src/UDS_ReadDataById_program.o
 .debug_line    0x00004bc1      0x1a5 ./src/UDS_RequestDownload_program.o
 .debug_line    0x00004d66      0x1a5 ./src/UDS_RequestTransferExit_program.o
 .debug_line    0x00004f0b      0x157 ./src/UDS_TesterPresent_program.o
 .debug_line    0x00005062      0x1af ./src/UDS_TransferData_program.o
 .debug_line    0x00005211      0x176 ./src/UDS_WriteDataById_program.o
 .debug_line    0x00005387      0x1d0 ./src/USONIC_program.o
 .debug_line    0x00005557      0x172 ./src/main.o

.debug_frame    0x00000000     0x1308
 *(.debug_frame)
 .debug_frame   0x00000000       0x38 ./system/src/newlib/_exit.o
 .debug_frame   0x00000038       0x28 ./system/src/newlib/_sbrk.o
 .debug_frame   0x00000060       0x7c ./system/src/newlib/_startup.o
 .debug_frame   0x000000dc       0x50 ./system/src/newlib/_syscalls.o
 .debug_frame   0x0000012c       0x94 ./system/src/diag/Trace.o
 .debug_frame   0x000001c0       0x64 ./system/src/diag/trace_impl.o
 .debug_frame   0x00000224       0x40 ./system/src/cortexm/_initialize_hardware.o
 .debug_frame   0x00000264      0x158 ./system/src/cortexm/exception_handlers.o
 .debug_frame   0x000003bc       0x6c ./system/src/cmsis/system_stm32f10x.o
 .debug_frame   0x00000428       0x20 ./system/src/cmsis/vectors_stm32f10x.o
 .debug_frame   0x00000448      0x110 ./src/CAN_program.o
 .debug_frame   0x00000558       0xd0 ./src/DIO_program.o
 .debug_frame   0x00000628       0x4c ./src/DTC_program.o
 .debug_frame   0x00000674       0x8c ./src/DoCAN_program.o
 .debug_frame   0x00000700       0xfc ./src/EEPROM_program.o
 .debug_frame   0x000007fc       0x84 ./src/I2C_program.o
 .debug_frame   0x00000880       0x8c ./src/NVIC_program.o
 .debug_frame   0x0000090c       0x40 ./src/RCC_program.o
 .debug_frame   0x0000094c      0x138 ./src/TIMER_program.o
 .debug_frame   0x00000a84       0x74 ./src/UART_program.o
 .debug_frame   0x00000af8       0x78 ./src/UDSHandler_program.o
 .debug_frame   0x00000b70       0x30 ./src/UDS_ClearDiagnosticInformation_program.o
 .debug_frame   0x00000ba0       0x30 ./src/UDS_ControlDTCSetting_program.o
 .debug_frame   0x00000bd0       0x30 ./src/UDS_DiagnosticSessionControl_program.o
 .debug_frame   0x00000c00       0x30 ./src/UDS_ECUReset_program.o
 .debug_frame   0x00000c30       0x3c ./src/UDS_ReadDTCInformation_program.o
 .debug_frame   0x00000c6c       0x78 ./src/UDS_ReadDataById_program.o
 .debug_frame   0x00000ce4       0x38 ./src/UDS_RequestDownload_program.o
 .debug_frame   0x00000d1c       0x34 ./src/UDS_RequestTransferExit_program.o
 .debug_frame   0x00000d50       0x30 ./src/UDS_TesterPresent_program.o
 .debug_frame   0x00000d80       0x38 ./src/UDS_TransferData_program.o
 .debug_frame   0x00000db8       0x58 ./src/UDS_WriteDataById_program.o
 .debug_frame   0x00000e10       0x4c ./src/USONIC_program.o
 .debug_frame   0x00000e5c       0x30 ./src/main.o
 .debug_frame   0x00000e8c       0xac d:/courses/imt arm/imt_arm_course/02- tools/03- imt sdk/imt_sdk_win_64/winarm/armgcc/bin/../lib/gcc/arm-none-eabi/7.2.1/thumb/v7-m\libgcc.a(_arm_addsubdf3.o)
 .debug_frame   0x00000f38       0x50 d:/courses/imt arm/imt_arm_course/02- tools/03- imt sdk/imt_sdk_win_64/winarm/armgcc/bin/../lib/gcc/arm-none-eabi/7.2.1/thumb/v7-m\libgcc.a(_arm_muldivdf3.o)
 .debug_frame   0x00000f88       0x24 d:/courses/imt arm/imt_arm_course/02- tools/03- imt sdk/imt_sdk_win_64/winarm/armgcc/bin/../lib/gcc/arm-none-eabi/7.2.1/thumb/v7-m\libgcc.a(_arm_truncdfsf2.o)
 .debug_frame   0x00000fac       0x4c d:/courses/imt arm/imt_arm_course/02- tools/03- imt sdk/imt_sdk_win_64/winarm/armgcc/bin/../lib/gcc/arm-none-eabi/7.2.1/thumb/v7-m\libgcc.a(_arm_addsubsf3.o)
 .debug_frame   0x00000ff8       0x20 d:/courses/imt arm/imt_arm_course/02- tools/03- imt sdk/imt_sdk_win_64/winarm/armgcc/bin/../lib/gcc/arm-none-eabi/7.2.1/../../../../arm-none-eabi/lib/thumb/v7-m\libg_nano.a(lib_a-errno.o)
 .debug_frame   0x00001018       0x20 d:/courses/imt arm/imt_arm_course/02- tools/03- imt sdk/imt_sdk_win_64/winarm/armgcc/bin/../lib/gcc/arm-none-eabi/7.2.1/../../../../arm-none-eabi/lib/thumb/v7-m\libg_nano.a(lib_a-memset.o)
 .debug_frame   0x00001038       0x4c d:/courses/imt arm/imt_arm_course/02- tools/03- imt sdk/imt_sdk_win_64/winarm/armgcc/bin/../lib/gcc/arm-none-eabi/7.2.1/../../../../arm-none-eabi/lib/thumb/v7-m\libg_nano.a(lib_a-vsnprintf.o)
 .debug_frame   0x00001084       0x90 d:/courses/imt arm/imt_arm_course/02- tools/03- imt sdk/imt_sdk_win_64/winarm/armgcc/bin/../lib/gcc/arm-none-eabi/7.2.1/../../../../arm-none-eabi/lib/thumb/v7-m\libg_nano.a(lib_a-nano-svfprintf.o)
 .debug_frame   0x00001114       0x60 d:/courses/imt arm/imt_arm_course/02- tools/03- imt sdk/imt_sdk_win_64/winarm/armgcc/bin/../lib/gcc/arm-none-eabi/7.2.1/../../../../arm-none-eabi/lib/thumb/v7-m\libg_nano.a(lib_a-nano-vfprintf_i.o)
 .debug_frame   0x00001174       0x28 d:/courses/imt arm/imt_arm_course/02- tools/03- imt sdk/imt_sdk_win_64/winarm/armgcc/bin/../lib/gcc/arm-none-eabi/7.2.1/../../../../arm-none-eabi/lib/thumb/v7-m\libg_nano.a(lib_a-memchr-stub.o)
 .debug_frame   0x0000119c       0x28 d:/courses/imt arm/imt_arm_course/02- tools/03- imt sdk/imt_sdk_win_64/winarm/armgcc/bin/../lib/gcc/arm-none-eabi/7.2.1/../../../../arm-none-eabi/lib/thumb/v7-m\libg_nano.a(lib_a-memcpy-stub.o)
 .debug_frame   0x000011c4       0x28 d:/courses/imt arm/imt_arm_course/02- tools/03- imt sdk/imt_sdk_win_64/winarm/armgcc/bin/../lib/gcc/arm-none-eabi/7.2.1/../../../../arm-none-eabi/lib/thumb/v7-m\libg_nano.a(lib_a-memmove.o)
 .debug_frame   0x000011ec       0x38 d:/courses/imt arm/imt_arm_course/02- tools/03- imt sdk/imt_sdk_win_64/winarm/armgcc/bin/../lib/gcc/arm-none-eabi/7.2.1/../../../../arm-none-eabi/lib/thumb/v7-m\libg_nano.a(lib_a-nano-freer.o)
 .debug_frame   0x00001224       0x2c d:/courses/imt arm/imt_arm_course/02- tools/03- imt sdk/imt_sdk_win_64/winarm/armgcc/bin/../lib/gcc/arm-none-eabi/7.2.1/../../../../arm-none-eabi/lib/thumb/v7-m\libg_nano.a(lib_a-nano-mallocr.o)
 .debug_frame   0x00001250       0x3c d:/courses/imt arm/imt_arm_course/02- tools/03- imt sdk/imt_sdk_win_64/winarm/armgcc/bin/../lib/gcc/arm-none-eabi/7.2.1/../../../../arm-none-eabi/lib/thumb/v7-m\libg_nano.a(lib_a-nano-reallocr.o)
 .debug_frame   0x0000128c       0x2c d:/courses/imt arm/imt_arm_course/02- tools/03- imt sdk/imt_sdk_win_64/winarm/armgcc/bin/../lib/gcc/arm-none-eabi/7.2.1/../../../../arm-none-eabi/lib/thumb/v7-m\libg_nano.a(lib_a-sbrkr.o)
 .debug_frame   0x000012b8       0x30 d:/courses/imt arm/imt_arm_course/02- tools/03- imt sdk/imt_sdk_win_64/winarm/armgcc/bin/../lib/gcc/arm-none-eabi/7.2.1/../../../../arm-none-eabi/lib/thumb/v7-m\libg_nano.a(lib_a-mlock.o)
 .debug_frame   0x000012e8       0x20 d:/courses/imt arm/imt_arm_course/02- tools/03- imt sdk/imt_sdk_win_64/winarm/armgcc/bin/../lib/gcc/arm-none-eabi/7.2.1/../../../../arm-none-eabi/lib/thumb/v7-m\libg_nano.a(lib_a-nano-msizer.o)

.debug_str      0x00000000    0x5ac3e
 *(.debug_str)
 .debug_str     0x00000000     0x7d0d ./system/src/newlib/_exit.o
                               0x7ee0 (size before relaxing)
 .debug_str     0x00007d0d      0x4f5 ./system/src/newlib/_sbrk.o
                               0x7292 (size before relaxing)
 .debug_str     0x00008202      0xbbd ./system/src/newlib/_startup.o
                               0x69cd (size before relaxing)
 .debug_str     0x00008dbf      0xe8b ./system/src/newlib/_syscalls.o
                               0x816d (size before relaxing)
 .debug_str     0x00009c4a      0x826 ./system/src/diag/Trace.o
                               0x8658 (size before relaxing)
 .debug_str     0x0000a470    0x4b2b9 ./system/src/diag/trace_impl.o
                              0x52a3e (size before relaxing)
 .debug_str     0x00055729       0xc4 ./system/src/cortexm/_initialize_hardware.o
                              0x4e82f (size before relaxing)
 .debug_str     0x000557ed      0x1a6 ./system/src/cortexm/exception_handlers.o
                              0x53c63 (size before relaxing)
 .debug_str     0x00055993      0x114 ./system/src/cmsis/system_stm32f10x.o
                              0x4e8c9 (size before relaxing)
 .debug_str     0x00055aa7       0x57 ./system/src/cmsis/vectors_stm32f10x.o
                               0x386e (size before relaxing)
 .debug_str     0x00055afe     0x14f1 ./src/CAN_program.o
                               0x42e2 (size before relaxing)
 .debug_str     0x00056fef      0x214 ./src/DIO_program.o
                               0x335f (size before relaxing)
 .debug_str     0x00057203      0x392 ./src/DTC_program.o
                               0x3487 (size before relaxing)
 .debug_str     0x00057595      0x115 ./src/DoCAN_program.o
                               0x31de (size before relaxing)
 .debug_str     0x000576aa      0x1f1 ./src/EEPROM_program.o
                               0x3199 (size before relaxing)
 .debug_str     0x0005789b      0x216 ./src/I2C_program.o
                               0x30eb (size before relaxing)
 .debug_str     0x00057ab1      0x3d2 ./src/NVIC_program.o
                               0x36df (size before relaxing)
 .debug_str     0x00057e83      0x6d2 ./src/RCC_program.o
                               0x3557 (size before relaxing)
 .debug_str     0x00058555     0x103c ./src/TIMER_program.o
                               0x3ece (size before relaxing)
 .debug_str     0x00059591      0x1c6 ./src/UART_program.o
                               0x33f4 (size before relaxing)
 .debug_str     0x00059757      0x97f ./src/UDSHandler_program.o
                               0x3aad (size before relaxing)
 .debug_str     0x0005a0d6       0xbb ./src/UDS_ClearDiagnosticInformation_program.o
                               0x3809 (size before relaxing)
 .debug_str     0x0005a191       0x93 ./src/UDS_ControlDTCSetting_program.o
                               0x3672 (size before relaxing)
 .debug_str     0x0005a224       0x95 ./src/UDS_DiagnosticSessionControl_program.o
                               0x3763 (size before relaxing)
 .debug_str     0x0005a2b9       0xaa ./src/UDS_ECUReset_program.o
                               0x3ac2 (size before relaxing)
 .debug_str     0x0005a363      0x13b ./src/UDS_ReadDTCInformation_program.o
                               0x6c09 (size before relaxing)
 .debug_str     0x0005a49e      0x1a9 ./src/UDS_ReadDataById_program.o
                               0x3739 (size before relaxing)
 .debug_str     0x0005a647       0xde ./src/UDS_RequestDownload_program.o
                               0x3865 (size before relaxing)
 .debug_str     0x0005a725       0xdf ./src/UDS_RequestTransferExit_program.o
                               0x3896 (size before relaxing)
 .debug_str     0x0005a804       0x86 ./src/UDS_TesterPresent_program.o
                               0x370c (size before relaxing)
 .debug_str     0x0005a88a       0x90 ./src/UDS_TransferData_program.o
                               0x382a (size before relaxing)
 .debug_str     0x0005a91a       0xbc ./src/UDS_WriteDataById_program.o
                               0x3653 (size before relaxing)
 .debug_str     0x0005a9d6      0x23d ./src/USONIC_program.o
                               0x394a (size before relaxing)
 .debug_str     0x0005ac13       0x2b ./src/main.o
                               0x4530 (size before relaxing)

.debug_loc      0x00000000     0x374a
 *(.debug_loc)
 .debug_loc     0x00000000       0x85 ./system/src/newlib/_sbrk.o
 .debug_loc     0x00000085      0x1a9 ./system/src/newlib/_startup.o
 .debug_loc     0x0000022e       0x63 ./system/src/newlib/_syscalls.o
 .debug_loc     0x00000291       0xf6 ./system/src/diag/Trace.o
 .debug_loc     0x00000387      0x121 ./system/src/diag/trace_impl.o
 .debug_loc     0x000004a8      0x291 ./system/src/cortexm/exception_handlers.o
 .debug_loc     0x00000739       0xdf ./system/src/cmsis/system_stm32f10x.o
 .debug_loc     0x00000818      0x19e ./src/CAN_program.o
 .debug_loc     0x000009b6      0x62c ./src/DIO_program.o
 .debug_loc     0x00000fe2       0xd2 ./src/DTC_program.o
 .debug_loc     0x000010b4       0xe6 ./src/DoCAN_program.o
 .debug_loc     0x0000119a      0x4ac ./src/EEPROM_program.o
 .debug_loc     0x00001646      0x19f ./src/I2C_program.o
 .debug_loc     0x000017e5      0x1bd ./src/NVIC_program.o
 .debug_loc     0x000019a2      0x14c ./src/RCC_program.o
 .debug_loc     0x00001aee      0xa6d ./src/TIMER_program.o
 .debug_loc     0x0000255b      0x256 ./src/UART_program.o
 .debug_loc     0x000027b1       0xac ./src/UDSHandler_program.o
 .debug_loc     0x0000285d       0x3a ./src/UDS_ClearDiagnosticInformation_program.o
 .debug_loc     0x00002897       0x53 ./src/UDS_ControlDTCSetting_program.o
 .debug_loc     0x000028ea       0xd0 ./src/UDS_DiagnosticSessionControl_program.o
 .debug_loc     0x000029ba       0x53 ./src/UDS_ECUReset_program.o
 .debug_loc     0x00002a0d      0x26d ./src/UDS_ReadDTCInformation_program.o
 .debug_loc     0x00002c7a      0x16b ./src/UDS_ReadDataById_program.o
 .debug_loc     0x00002de5      0x175 ./src/UDS_RequestDownload_program.o
 .debug_loc     0x00002f5a       0x7f ./src/UDS_RequestTransferExit_program.o
 .debug_loc     0x00002fd9       0x53 ./src/UDS_TesterPresent_program.o
 .debug_loc     0x0000302c      0x15f ./src/UDS_TransferData_program.o
 .debug_loc     0x0000318b      0x236 ./src/UDS_WriteDataById_program.o
 .debug_loc     0x000033c1      0x353 ./src/USONIC_program.o
 .debug_loc     0x00003714       0x36 ./src/main.o

.debug_macinfo
 *(.debug_macinfo)

.debug_weaknames
 *(.debug_weaknames)

.debug_funcnames
 *(.debug_funcnames)

.debug_typenames
 *(.debug_typenames)

.debug_varnames
 *(.debug_varnames)
OUTPUT(test_dtc_sonic.elf elf32-littlearm)

.debug_ranges   0x00000000      0x708
 .debug_ranges  0x00000000       0x18 ./system/src/newlib/_exit.o
 .debug_ranges  0x00000018       0x10 ./system/src/newlib/_sbrk.o
 .debug_ranges  0x00000028       0x78 ./system/src/newlib/_startup.o
 .debug_ranges  0x000000a0       0x20 ./system/src/newlib/_syscalls.o
 .debug_ranges  0x000000c0       0x28 ./system/src/diag/Trace.o
 .debug_ranges  0x000000e8       0x50 ./system/src/diag/trace_impl.o
 .debug_ranges  0x00000138       0x18 ./system/src/cortexm/_initialize_hardware.o
 .debug_ranges  0x00000150       0x80 ./system/src/cortexm/exception_handlers.o
 .debug_ranges  0x000001d0       0x28 ./system/src/cmsis/system_stm32f10x.o
 .debug_ranges  0x000001f8       0x10 ./system/src/cmsis/vectors_stm32f10x.o
 .debug_ranges  0x00000208       0x60 ./src/CAN_program.o
 .debug_ranges  0x00000268       0x50 ./src/DIO_program.o
 .debug_ranges  0x000002b8       0x20 ./src/DTC_program.o
 .debug_ranges  0x000002d8       0x40 ./src/DoCAN_program.o
 .debug_ranges  0x00000318       0x78 ./src/EEPROM_program.o
 .debug_ranges  0x00000390       0x28 ./src/I2C_program.o
 .debug_ranges  0x000003b8       0x40 ./src/NVIC_program.o
 .debug_ranges  0x000003f8       0x20 ./src/RCC_program.o
 .debug_ranges  0x00000418       0x80 ./src/TIMER_program.o
 .debug_ranges  0x00000498       0x88 ./src/UART_program.o
 .debug_ranges  0x00000520       0x20 ./src/UDSHandler_program.o
 .debug_ranges  0x00000540       0x10 ./src/UDS_ClearDiagnosticInformation_program.o
 .debug_ranges  0x00000550       0x10 ./src/UDS_ControlDTCSetting_program.o
 .debug_ranges  0x00000560       0x28 ./src/UDS_DiagnosticSessionControl_program.o
 .debug_ranges  0x00000588       0x10 ./src/UDS_ECUReset_program.o
 .debug_ranges  0x00000598       0x88 ./src/UDS_ReadDTCInformation_program.o
 .debug_ranges  0x00000620       0x30 ./src/UDS_ReadDataById_program.o
 .debug_ranges  0x00000650       0x10 ./src/UDS_RequestDownload_program.o
 .debug_ranges  0x00000660       0x10 ./src/UDS_RequestTransferExit_program.o
 .debug_ranges  0x00000670       0x10 ./src/UDS_TesterPresent_program.o
 .debug_ranges  0x00000680       0x40 ./src/UDS_TransferData_program.o
 .debug_ranges  0x000006c0       0x20 ./src/UDS_WriteDataById_program.o
 .debug_ranges  0x000006e0       0x18 ./src/USONIC_program.o
 .debug_ranges  0x000006f8       0x10 ./src/main.o

.debug_macro    0x00000000     0x3fff
 .debug_macro   0x00000000      0x1b4 ./system/src/newlib/_exit.o
 .debug_macro   0x000001b4       0x9c ./system/src/newlib/_exit.o
 .debug_macro   0x00000250      0x10e ./system/src/newlib/_exit.o
 .debug_macro   0x0000035e       0x8d ./system/src/newlib/_exit.o
 .debug_macro   0x000003eb       0x43 ./system/src/newlib/_exit.o
 .debug_macro   0x0000042e      0x330 ./system/src/newlib/_exit.o
 .debug_macro   0x0000075e       0x35 ./system/src/newlib/_exit.o
 .debug_macro   0x00000793      0x169 ./system/src/newlib/_sbrk.o
 .debug_macro   0x000008fc      0x174 ./system/src/newlib/_sbrk.o
 .debug_macro   0x00000a70       0x10 ./system/src/newlib/_sbrk.o
 .debug_macro   0x00000a80      0x23b ./system/src/newlib/_sbrk.o
 .debug_macro   0x00000cbb      0x173 ./system/src/newlib/_startup.o
 .debug_macro   0x00000e2e      0x217 ./system/src/newlib/_syscalls.o
 .debug_macro   0x00001045       0x1c ./system/src/newlib/_syscalls.o
 .debug_macro   0x00001061       0x10 ./system/src/newlib/_syscalls.o
 .debug_macro   0x00001071       0x10 ./system/src/newlib/_syscalls.o
 .debug_macro   0x00001081       0x10 ./system/src/newlib/_syscalls.o
 .debug_macro   0x00001091       0x35 ./system/src/newlib/_syscalls.o
 .debug_macro   0x000010c6      0x122 ./system/src/newlib/_syscalls.o
 .debug_macro   0x000011e8       0x88 ./system/src/newlib/_syscalls.o
 .debug_macro   0x00001270       0x2b ./system/src/newlib/_syscalls.o
 .debug_macro   0x0000129b      0x118 ./system/src/newlib/_syscalls.o
 .debug_macro   0x000013b3      0x189 ./system/src/newlib/_syscalls.o
 .debug_macro   0x0000153c       0x16 ./system/src/newlib/_syscalls.o
 .debug_macro   0x00001552      0x1fb ./system/src/diag/Trace.o
 .debug_macro   0x0000174d       0x16 ./system/src/diag/Trace.o
 .debug_macro   0x00001763       0x97 ./system/src/diag/Trace.o
 .debug_macro   0x000017fa       0xfd ./system/src/diag/Trace.o
 .debug_macro   0x000018f7       0x10 ./system/src/diag/Trace.o
 .debug_macro   0x00001907       0x16 ./system/src/diag/Trace.o
 .debug_macro   0x0000191d      0x16f ./system/src/diag/Trace.o
 .debug_macro   0x00001a8c       0x4c ./system/src/diag/Trace.o
 .debug_macro   0x00001ad8       0x16 ./system/src/diag/Trace.o
 .debug_macro   0x00001aee      0x2da ./system/src/diag/trace_impl.o
 .debug_macro   0x00001dc8       0x10 ./system/src/diag/trace_impl.o
 .debug_macro   0x00001dd8       0xcf ./system/src/diag/trace_impl.o
 .debug_macro   0x00001ea7       0xbe ./system/src/diag/trace_impl.o
 .debug_macro   0x00001f65       0x22 ./system/src/diag/trace_impl.o
 .debug_macro   0x00001f87      0x16b ./system/src/cortexm/_initialize_hardware.o
 .debug_macro   0x000020f2      0x324 ./system/src/cortexm/exception_handlers.o
 .debug_macro   0x00002416       0x3b ./system/src/cortexm/exception_handlers.o
 .debug_macro   0x00002451       0x10 ./system/src/cortexm/exception_handlers.o
 .debug_macro   0x00002461      0x16e ./system/src/cmsis/system_stm32f10x.o
 .debug_macro   0x000025cf       0x34 ./system/src/cmsis/vectors_stm32f10x.o
 .debug_macro   0x00002603       0x69 ./src/CAN_program.o
 .debug_macro   0x0000266c       0x28 ./src/CAN_program.o
 .debug_macro   0x00002694       0x22 ./src/CAN_program.o
 .debug_macro   0x000026b6      0x17e ./src/CAN_program.o
 .debug_macro   0x00002834      0x190 ./src/CAN_program.o
 .debug_macro   0x000029c4       0x2e ./src/CAN_program.o
 .debug_macro   0x000029f2       0x5e ./src/CAN_program.o
 .debug_macro   0x00002a50      0x18b ./src/CAN_program.o
 .debug_macro   0x00002bdb       0x8e ./src/CAN_program.o
 .debug_macro   0x00002c69       0x49 ./src/DIO_program.o
 .debug_macro   0x00002cb2       0x2e ./src/DIO_program.o
 .debug_macro   0x00002ce0       0x6f ./src/DTC_program.o
 .debug_macro   0x00002d4f       0x34 ./src/DTC_program.o
 .debug_macro   0x00002d83       0x16 ./src/DTC_program.o
 .debug_macro   0x00002d99       0x10 ./src/DTC_program.o
 .debug_macro   0x00002da9       0x40 ./src/DTC_program.o
 .debug_macro   0x00002de9       0x53 ./src/DoCAN_program.o
 .debug_macro   0x00002e3c       0x49 ./src/EEPROM_program.o
 .debug_macro   0x00002e85       0x10 ./src/EEPROM_program.o
 .debug_macro   0x00002e95       0x3e ./src/I2C_program.o
 .debug_macro   0x00002ed3       0x40 ./src/I2C_program.o
 .debug_macro   0x00002f13       0x40 ./src/I2C_program.o
 .debug_macro   0x00002f53       0x3f ./src/NVIC_program.o
 .debug_macro   0x00002f92       0x70 ./src/NVIC_program.o
 .debug_macro   0x00003002       0x3e ./src/RCC_program.o
 .debug_macro   0x00003040      0x10c ./src/RCC_program.o
 .debug_macro   0x0000314c       0xd0 ./src/RCC_program.o
 .debug_macro   0x0000321c       0x1c ./src/RCC_program.o
 .debug_macro   0x00003238       0x3f ./src/TIMER_program.o
 .debug_macro   0x00003277       0x82 ./src/TIMER_program.o
 .debug_macro   0x000032f9      0x1f6 ./src/TIMER_program.o
 .debug_macro   0x000034ef       0x47 ./src/UART_program.o
 .debug_macro   0x00003536       0x16 ./src/UART_program.o
 .debug_macro   0x0000354c       0x22 ./src/UART_program.o
 .debug_macro   0x0000356e       0x2e ./src/UART_program.o
 .debug_macro   0x0000359c       0xcc ./src/UDSHandler_program.o
 .debug_macro   0x00003668       0x28 ./src/UDSHandler_program.o
 .debug_macro   0x00003690       0x10 ./src/UDSHandler_program.o
 .debug_macro   0x000036a0      0x11e ./src/UDSHandler_program.o
 .debug_macro   0x000037be       0x1c ./src/UDSHandler_program.o
 .debug_macro   0x000037da       0x73 ./src/UDS_ClearDiagnosticInformation_program.o
 .debug_macro   0x0000384d       0x10 ./src/UDS_ClearDiagnosticInformation_program.o
 .debug_macro   0x0000385d       0x6a ./src/UDS_ControlDTCSetting_program.o
 .debug_macro   0x000038c7       0x10 ./src/UDS_ControlDTCSetting_program.o
 .debug_macro   0x000038d7       0x73 ./src/UDS_DiagnosticSessionControl_program.o
 .debug_macro   0x0000394a       0x10 ./src/UDS_DiagnosticSessionControl_program.o
 .debug_macro   0x0000395a       0x6a ./src/UDS_ECUReset_program.o
 .debug_macro   0x000039c4       0x22 ./src/UDS_ECUReset_program.o
 .debug_macro   0x000039e6      0x155 ./src/UDS_ReadDTCInformation_program.o
 .debug_macro   0x00003b3b       0x22 ./src/UDS_ReadDTCInformation_program.o
 .debug_macro   0x00003b5d       0x65 ./src/UDS_ReadDataById_program.o
 .debug_macro   0x00003bc2       0x22 ./src/UDS_ReadDataById_program.o
 .debug_macro   0x00003be4       0x72 ./src/UDS_RequestDownload_program.o
 .debug_macro   0x00003c56       0x16 ./src/UDS_RequestDownload_program.o
 .debug_macro   0x00003c6c       0x10 ./src/UDS_RequestDownload_program.o
 .debug_macro   0x00003c7c       0x7d ./src/UDS_RequestTransferExit_program.o
 .debug_macro   0x00003cf9       0x16 ./src/UDS_RequestTransferExit_program.o
 .debug_macro   0x00003d0f       0x6a ./src/UDS_TesterPresent_program.o
 .debug_macro   0x00003d79       0x16 ./src/UDS_TesterPresent_program.o
 .debug_macro   0x00003d8f       0x73 ./src/UDS_TransferData_program.o
 .debug_macro   0x00003e02       0x10 ./src/UDS_TransferData_program.o
 .debug_macro   0x00003e12       0x65 ./src/UDS_WriteDataById_program.o
 .debug_macro   0x00003e77       0x16 ./src/UDS_WriteDataById_program.o
 .debug_macro   0x00003e8d       0x69 ./src/USONIC_program.o
 .debug_macro   0x00003ef6       0x28 ./src/USONIC_program.o
 .debug_macro   0x00003f1e       0x22 ./src/USONIC_program.o
 .debug_macro   0x00003f40       0x28 ./src/USONIC_program.o
 .debug_macro   0x00003f68       0x97 ./src/main.o
