Archive member included to satisfy reference by file (symbol)

d:/courses/imt arm/imt_arm_course/02- tools/03- imt sdk/imt_sdk_win_64/winarm/armgcc/bin/../lib/gcc/arm-none-eabi/7.2.1/../../../../arm-none-eabi/lib/thumb/v7-m\libg_nano.a(lib_a-errno.o)
                              ./system/src/newlib/_sbrk.o (__errno)
d:/courses/imt arm/imt_arm_course/02- tools/03- imt sdk/imt_sdk_win_64/winarm/armgcc/bin/../lib/gcc/arm-none-eabi/7.2.1/../../../../arm-none-eabi/lib/thumb/v7-m\libg_nano.a(lib_a-impure.o)
                              d:/courses/imt arm/imt_arm_course/02- tools/03- imt sdk/imt_sdk_win_64/winarm/armgcc/bin/../lib/gcc/arm-none-eabi/7.2.1/../../../../arm-none-eabi/lib/thumb/v7-m\libg_nano.a(lib_a-errno.o) (_impure_ptr)
d:/courses/imt arm/imt_arm_course/02- tools/03- imt sdk/imt_sdk_win_64/winarm/armgcc/bin/../lib/gcc/arm-none-eabi/7.2.1/../../../../arm-none-eabi/lib/thumb/v7-m\libg_nano.a(lib_a-memset.o)
                              ./src/EEPROM_program.o (memset)
d:/courses/imt arm/imt_arm_course/02- tools/03- imt sdk/imt_sdk_win_64/winarm/armgcc/bin/../lib/gcc/arm-none-eabi/7.2.1/../../../../arm-none-eabi/lib/thumb/v7-m\libg_nano.a(lib_a-strlen.o)
                              ./system/src/diag/Trace.o (strlen)
d:/courses/imt arm/imt_arm_course/02- tools/03- imt sdk/imt_sdk_win_64/winarm/armgcc/bin/../lib/gcc/arm-none-eabi/7.2.1/../../../../arm-none-eabi/lib/thumb/v7-m\libg_nano.a(lib_a-vsnprintf.o)
                              ./system/src/diag/Trace.o (vsnprintf)
d:/courses/imt arm/imt_arm_course/02- tools/03- imt sdk/imt_sdk_win_64/winarm/armgcc/bin/../lib/gcc/arm-none-eabi/7.2.1/../../../../arm-none-eabi/lib/thumb/v7-m\libg_nano.a(lib_a-nano-svfprintf.o)
                              d:/courses/imt arm/imt_arm_course/02- tools/03- imt sdk/imt_sdk_win_64/winarm/armgcc/bin/../lib/gcc/arm-none-eabi/7.2.1/../../../../arm-none-eabi/lib/thumb/v7-m\libg_nano.a(lib_a-vsnprintf.o) (_svfprintf_r)
d:/courses/imt arm/imt_arm_course/02- tools/03- imt sdk/imt_sdk_win_64/winarm/armgcc/bin/../lib/gcc/arm-none-eabi/7.2.1/../../../../arm-none-eabi/lib/thumb/v7-m\libg_nano.a(lib_a-nano-vfprintf_i.o)
                              d:/courses/imt arm/imt_arm_course/02- tools/03- imt sdk/imt_sdk_win_64/winarm/armgcc/bin/../lib/gcc/arm-none-eabi/7.2.1/../../../../arm-none-eabi/lib/thumb/v7-m\libg_nano.a(lib_a-nano-svfprintf.o) (_printf_i)
d:/courses/imt arm/imt_arm_course/02- tools/03- imt sdk/imt_sdk_win_64/winarm/armgcc/bin/../lib/gcc/arm-none-eabi/7.2.1/../../../../arm-none-eabi/lib/thumb/v7-m\libg_nano.a(lib_a-memchr-stub.o)
                              d:/courses/imt arm/imt_arm_course/02- tools/03- imt sdk/imt_sdk_win_64/winarm/armgcc/bin/../lib/gcc/arm-none-eabi/7.2.1/../../../../arm-none-eabi/lib/thumb/v7-m\libg_nano.a(lib_a-nano-svfprintf.o) (memchr)
d:/courses/imt arm/imt_arm_course/02- tools/03- imt sdk/imt_sdk_win_64/winarm/armgcc/bin/../lib/gcc/arm-none-eabi/7.2.1/../../../../arm-none-eabi/lib/thumb/v7-m\libg_nano.a(lib_a-memcpy-stub.o)
                              d:/courses/imt arm/imt_arm_course/02- tools/03- imt sdk/imt_sdk_win_64/winarm/armgcc/bin/../lib/gcc/arm-none-eabi/7.2.1/../../../../arm-none-eabi/lib/thumb/v7-m\libg_nano.a(lib_a-nano-svfprintf.o) (memcpy)
d:/courses/imt arm/imt_arm_course/02- tools/03- imt sdk/imt_sdk_win_64/winarm/armgcc/bin/../lib/gcc/arm-none-eabi/7.2.1/../../../../arm-none-eabi/lib/thumb/v7-m\libg_nano.a(lib_a-memmove.o)
                              d:/courses/imt arm/imt_arm_course/02- tools/03- imt sdk/imt_sdk_win_64/winarm/armgcc/bin/../lib/gcc/arm-none-eabi/7.2.1/../../../../arm-none-eabi/lib/thumb/v7-m\libg_nano.a(lib_a-nano-svfprintf.o) (memmove)
d:/courses/imt arm/imt_arm_course/02- tools/03- imt sdk/imt_sdk_win_64/winarm/armgcc/bin/../lib/gcc/arm-none-eabi/7.2.1/../../../../arm-none-eabi/lib/thumb/v7-m\libg_nano.a(lib_a-nano-freer.o)
                              d:/courses/imt arm/imt_arm_course/02- tools/03- imt sdk/imt_sdk_win_64/winarm/armgcc/bin/../lib/gcc/arm-none-eabi/7.2.1/../../../../arm-none-eabi/lib/thumb/v7-m\libg_nano.a(lib_a-nano-svfprintf.o) (_free_r)
d:/courses/imt arm/imt_arm_course/02- tools/03- imt sdk/imt_sdk_win_64/winarm/armgcc/bin/../lib/gcc/arm-none-eabi/7.2.1/../../../../arm-none-eabi/lib/thumb/v7-m\libg_nano.a(lib_a-nano-mallocr.o)
                              d:/courses/imt arm/imt_arm_course/02- tools/03- imt sdk/imt_sdk_win_64/winarm/armgcc/bin/../lib/gcc/arm-none-eabi/7.2.1/../../../../arm-none-eabi/lib/thumb/v7-m\libg_nano.a(lib_a-nano-svfprintf.o) (_malloc_r)
d:/courses/imt arm/imt_arm_course/02- tools/03- imt sdk/imt_sdk_win_64/winarm/armgcc/bin/../lib/gcc/arm-none-eabi/7.2.1/../../../../arm-none-eabi/lib/thumb/v7-m\libg_nano.a(lib_a-nano-reallocr.o)
                              d:/courses/imt arm/imt_arm_course/02- tools/03- imt sdk/imt_sdk_win_64/winarm/armgcc/bin/../lib/gcc/arm-none-eabi/7.2.1/../../../../arm-none-eabi/lib/thumb/v7-m\libg_nano.a(lib_a-nano-svfprintf.o) (_realloc_r)
[...]
Memory Configuration

Name             Origin             Length             Attributes
RAM              0x20000000         0x00005000         xrw
CCMRAM           0x00000000         0x00000000         xrw
FLASH            0x08000000         0x00010000         xr
FLASHB1          0x00000000         0x00000000         xr
EXTMEMB0         0x00000000         0x00000000         xr
EXTMEMB1         0x00000000         0x00000000         xr
EXTMEMB2         0x00000000         0x00000000         xr
EXTMEMB3         0x00000000         0x00000000         xr
MEMORY_ARRAY     0x00000000         0x00000000         xrw
*default*        0x00000000         0xffffffff

Linker script and memory map

LOAD ./system/src/stm32f1-stdperiph/misc.o
LOAD ./system/src/stm32f1-stdperiph/stm32f10x_gpio.o
LOAD ./system/src/stm32f1-stdperiph/stm32f10x_rcc.o
LOAD ./system/src/newlib/_cxx.o
LOAD ./system/src/newlib/_exit.o
LOAD ./system/src/newlib/_sbrk.o
LOAD ./system/src/newlib/_startup.o
LOAD ./system/src/newlib/_syscalls.o
LOAD ./system/src/newlib/assert.o
LOAD ./system/src/diag/Trace.o
LOAD ./system/src/diag/trace_impl.o
LOAD ./system/src/cortexm/_initialize_hardware.o
LOAD ./system/src/cortexm/_reset_hardware.o
LOAD ./system/src/cortexm/exception_handlers.o
LOAD ./system/src/cmsis/system_stm32f10x.o
LOAD ./system/src/cmsis/vectors_stm32f10x.o
LOAD ./src/CAN_program.o
LOAD ./src/DIO_program.o
LOAD ./src/DTC_program.o
LOAD ./src/DoCAN_program.o
LOAD ./src/EEPROM_program.o
LOAD ./src/I2C_program.o
LOAD ./src/NVIC_program.o
LOAD ./src/RCC_program.o
LOAD ./src/UART_program.o
LOAD ./src/UDSHandler_program.o
LOAD ./src/UDS_ClearDiagnosticInformation_program.o
LOAD ./src/UDS_ControlDTCSetting_program.o
LOAD ./src/UDS_DiagnosticSessionControl_program.o
LOAD ./src/UDS_ECUReset_program.o
LOAD ./src/UDS_ReadDTCInformation_program.o
LOAD ./src/UDS_ReadDataById_program.o
LOAD ./src/UDS_RequestDownload_program.o
LOAD ./src/UDS_RequestTransferExit_program.o
LOAD ./src/UDS_TesterPresent_program.o
LOAD ./src/UDS_TransferData_program.o
LOAD ./src/UDS_WriteDataById_program.o
LOAD ./src/main.o
LOAD d:/courses/imt arm/imt_arm_course/02- tools/03- imt sdk/imt_sdk_win_64/winarm/armgcc/bin/../lib/gcc/arm-none-eabi/7.2.1/../../../../arm-none-eabi/lib/thumb/v7-m\libstdc++_nano.a
LOAD d:/courses/imt arm/imt_arm_course/02- tools/03- imt sdk/imt_sdk_win_64/winarm/armgcc/bin/../lib/gcc/arm-none-eabi/7.2.1/../../../../arm-none-eabi/lib/thumb/v7-m\libm.a
START GROUP
LOAD d:/courses/imt arm/imt_arm_course/02- tools/03- imt sdk/imt_sdk_win_64/winarm/armgcc/bin/../lib/gcc/arm-none-eabi/7.2.1/thumb/v7-m\libgcc.a
LOAD d:/courses/imt arm/imt_arm_course/02- tools/03- imt sdk/imt_sdk_win_64/winarm/armgcc/bin/../lib/gcc/arm-none-eabi/7.2.1/../../../../arm-none-eabi/lib/thumb/v7-m\libg_nano.a
LOAD d:/courses/imt arm/imt_arm_course/02- tools/03- imt sdk/imt_sdk_win_64/winarm/armgcc/bin/../lib/gcc/arm-none-eabi/7.2.1/../../../../arm-none-eabi/lib/thumb/v7-m\libc_nano.a
END GROUP
START GROUP
LOAD d:/courses/imt arm/imt_arm_course/02- tools/03- imt sdk/imt_sdk_win_64/winarm/armgcc/bin/../lib/gcc/arm-none-eabi/7.2.1/thumb/v7-m\libgcc.a
LOAD d:/courses/imt arm/imt_arm_course/02- tools/03- imt sdk/imt_sdk_win_64/winarm/armgcc/bin/../lib/gcc/arm-none-eabi/7.2.1/../../../../arm-none-eabi/lib/thumb/v7-m\libc_nano.a
END GROUP
                0x20005000                __stack = (ORIGIN (RAM) + LENGTH (RAM))
                0x20005000                _estack = __stack
                0x00000400                __Main_Stack_Size = 0x400
                [!provide]                PROVIDE (_Main_Stack_Size, __Main_Stack_Size)
                0x20004c00                __Main_Stack_Limit = (__stack - __Main_Stack_Size)
                [!provide]                PROVIDE (_Main_Stack_Limit, __Main_Stack_Limit)
                0x00000100                _Minimum_Stack_Size = 0x100
                0x20000204                PROVIDE (_Heap_Begin, _end_noinit)
                0x20004c00                PROVIDE (_Heap_Limit, (__stack - __Main_Stack_Size))

.isr_vector     0x08000000      0x350
 FILL mask 0xff
                0x08000000                __vectors_start = ABSOLUTE (.)
                0x08000000                __vectors_start__ = ABSOLUTE (.)
 *(.isr_vector)
 .isr_vector    0x08000000      0x10c ./system/src/cmsis/vectors_stm32f10x.o
                0x08000000                __isr_vectors
 *(.cfmconfig)
 *(.after_vectors .after_vectors.*)
 .after_vectors
                0x0800010c      0x114 ./system/src/newlib/_startup.o
                0x0800010c                _start
 .after_vectors
                0x08000220      0x12c ./system/src/cortexm/exception_handlers.o
                0x08000220                Reset_Handler
                0x08000226                NMI_Handler
                0x0800022a                HardFault_Handler
                0x0800023e                HardFault_Handler_C
                0x0800029c                MemManage_Handler
                0x080002a0                BusFault_Handler
                0x080002b4                BusFault_Handler_C
                0x080002e8                UsageFault_Handler
                0x080002fc                UsageFault_Handler_C
                0x08000330                SVC_Handler
                0x08000334                DebugMon_Handler
                0x08000338                PendSV_Handler
                0x0800033c                SysTick_Handler
 .after_vectors
                0x0800034c        0x4 ./system/src/cmsis/vectors_stm32f10x.o
                0x0800034c                EXTI2_IRQHandler
                0x0800034c                TIM8_TRG_COM_IRQHandler
                0x0800034c                TIM8_CC_IRQHandler
                0x0800034c                TIM1_CC_IRQHandler
                0x0800034c                TIM6_IRQHandler
                0x0800034c                PVD_IRQHandler
                0x0800034c                SDIO_IRQHandler
                0x0800034c                CAN2_RX1_IRQHandler
                0x0800034c                EXTI3_IRQHandler
                0x0800034c                TIM8_TRG_COM_TIM14_IRQHandler
                0x0800034c                TIM1_UP_TIM10_IRQHandler
                0x0800034c                TIM8_UP_TIM13_IRQHandler
                0x0800034c                EXTI0_IRQHandler
                0x0800034c                I2C2_EV_IRQHandler
                0x0800034c                CAN1_RX0_IRQHandler
                0x0800034c                TIM1_UP_TIM16_IRQHandler
                0x0800034c                CAN2_SCE_IRQHandler
                0x0800034c                ADC1_2_IRQHandler
                0x0800034c                SPI1_IRQHandler
                0x0800034c                TAMPER_IRQHandler
                0x0800034c                TIM6_DAC_IRQHandler
                0x0800034c                TIM1_BRK_TIM9_IRQHandler
                0x0800034c                CAN2_RX0_IRQHandler
                0x0800034c                TIM8_UP_IRQHandler
                0x0800034c                DMA2_Channel2_IRQHandler
                0x0800034c                DMA1_Channel4_IRQHandler
                0x0800034c                USART3_IRQHandler
                0x0800034c                RTC_IRQHandler
                0x0800034c                DMA1_Channel7_IRQHandler
                0x0800034c                UART5_IRQHandler
                0x0800034c                ADC3_IRQHandler
                0x0800034c                TIM4_IRQHandler
                0x0800034c                DMA2_Channel1_IRQHandler
                0x0800034c                I2C1_EV_IRQHandler
                0x0800034c                DMA1_Channel6_IRQHandler
                0x0800034c                UART4_IRQHandler
                0x0800034c                DMA2_Channel4_IRQHandler
                0x0800034c                TIM3_IRQHandler
                0x0800034c                RCC_IRQHandler
                0x0800034c                TIM8_BRK_TIM12_IRQHandler
                0x0800034c                TIM1_TRG_COM_IRQHandler
                0x0800034c                DMA1_Channel1_IRQHandler
                0x0800034c                Default_Handler
                0x0800034c                CEC_IRQHandler
                0x0800034c                EXTI15_10_IRQHandler
                0x0800034c                TIM14_IRQHandler
                0x0800034c                TIM13_IRQHandler
                0x0800034c                TIM12_IRQHandler
                0x0800034c                TIM7_IRQHandler
                0x0800034c                CAN2_TX_IRQHandler
                0x0800034c                TIM5_IRQHandler
                0x0800034c                EXTI9_5_IRQHandler
                0x0800034c                ETH_WKUP_IRQHandler
                0x0800034c                SPI2_IRQHandler
                0x0800034c                CAN1_TX_IRQHandler
                0x0800034c                DMA2_Channel5_IRQHandler
                0x0800034c                DMA1_Channel5_IRQHandler
                0x0800034c                EXTI4_IRQHandler
                0x0800034c                TIM1_TRG_COM_TIM17_IRQHandler
                0x0800034c                DMA1_Channel3_IRQHandler
                0x0800034c                FSMC_IRQHandler
                0x0800034c                ETH_IRQHandler
                0x0800034c                TIM1_UP_IRQHandler
                0x0800034c                WWDG_IRQHandler
                0x0800034c                TIM2_IRQHandler
                0x0800034c                OTG_FS_WKUP_IRQHandler
                0x0800034c                TIM1_TRG_COM_TIM11_IRQHandler
                0x0800034c                TIM1_BRK_IRQHandler
                0x0800034c                EXTI1_IRQHandler
                0x0800034c                RTCAlarm_IRQHandler
                0x0800034c                DMA2_Channel4_5_IRQHandler
                0x0800034c                USART2_IRQHandler
                0x0800034c                I2C2_ER_IRQHandler
                0x0800034c                DMA1_Channel2_IRQHandler
                0x0800034c                TIM8_BRK_IRQHandler
                0x0800034c                CAN1_SCE_IRQHandler
                0x0800034c                FLASH_IRQHandler
                0x0800034c                OTG_FS_IRQHandler
                0x0800034c                SPI3_IRQHandler
                0x0800034c                I2C1_ER_IRQHandler
                0x0800034c                USBWakeUp_IRQHandler
                0x0800034c                DMA2_Channel3_IRQHandler
                0x0800034c                TIM1_BRK_TIM15_IRQHandler

.inits          0x08000350       0x28
                0x08000350                __data_regions_array_start = .
                0x08000350        0x4 LONG 0x8002c54 LOADADDR (.data)
                0x08000354        0x4 LONG 0x20000000 ADDR (.data)
                0x08000358        0x4 LONG 0x2000008c (ADDR (.data) + SIZEOF (.data))
                0x0800035c        0x4 LONG 0x8002c54 LOADADDR (.data_CCMRAM)
                0x08000360        0x4 LONG 0x0 ADDR (.data_CCMRAM)
                0x08000364        0x4 LONG 0x0 (ADDR (.data_CCMRAM) + SIZEOF (.data_CCMRAM))
                0x08000368                __data_regions_array_end = .
                0x08000368                __bss_regions_array_start = .
                0x08000368        0x4 LONG 0x2000008c ADDR (.bss)
                0x0800036c        0x4 LONG 0x20000204 (ADDR (.bss) + SIZEOF (.bss))
                0x08000370        0x4 LONG 0x0 ADDR (.bss_CCMRAM)
                0x08000374        0x4 LONG 0x0 (ADDR (.bss_CCMRAM) + SIZEOF (.bss_CCMRAM))
                0x08000378                __bss_regions_array_end = .
 *(.init)
 *(.fini)
                0x08000378                . = ALIGN (0x4)
                0x08000378                PROVIDE (__preinit_array_start, .)
 *(.preinit_array_sysinit .preinit_array_sysinit.*)
 *(.preinit_array_platform .preinit_array_platform.*)
 *(.preinit_array .preinit_array.*)
                0x08000378                PROVIDE (__preinit_array_end, .)
                0x08000378                . = ALIGN (0x4)
                0x08000378                PROVIDE (__init_array_start, .)
 *(SORT_BY_NAME(.init_array.*))
 *(.init_array)
                0x08000378                PROVIDE (__init_array_end, .)
                0x08000378                . = ALIGN (0x4)
                0x08000378                PROVIDE (__fini_array_start, .)
 *(SORT_BY_NAME(.fini_array.*))
 *(.fini_array)
                0x08000378                PROVIDE (__fini_array_end, .)

.flashtext
 *(.flashtext .flashtext.*)

.text           0x08000378     0x28da
 *(.text .text.*)
 .text._exit    0x08000378        0x2 ./system/src/newlib/_exit.o
                0x08000378                _exit
 *fill*         0x0800037a        0x2 
 .text._sbrk    0x0800037c       0x44 ./system/src/newlib/_sbrk.o
                0x0800037c                _sbrk
 .text.__initialize_args
                0x080003c0       0x10 ./system/src/newlib/_syscalls.o
                0x080003c0                __initialize_args
 .text.trace_printf
                0x080003d0       0x30 ./system/src/diag/Trace.o
                0x080003d0                trace_printf
 .text._trace_write_semihosting_debug
                0x08000400       0x60 ./system/src/diag/trace_impl.o
 .text.trace_write
                0x08000460        0x8 ./system/src/diag/trace_impl.o
                0x08000460                trace_write
 .text.__initialize_hardware_early
                0x08000468       0x18 ./system/src/cortexm/_initialize_hardware.o
                0x08000468                __initialize_hardware_early
 .text.__initialize_hardware
                0x08000480        0x8 ./system/src/cortexm/_initialize_hardware.o
                0x08000480                __initialize_hardware
 .text.dumpExceptionStack
                0x08000488       0xf4 ./system/src/cortexm/exception_handlers.o
                0x08000488                dumpExceptionStack
 .text.isSemihosting
                0x0800057c       0x20 ./system/src/cortexm/exception_handlers.o
                0x0800057c                isSemihosting
 .text.SetSysClockTo72
                0x0800059c       0xc4 ./system/src/cmsis/system_stm32f10x.o
 .text.SetSysClock
                0x08000660        0x8 ./system/src/cmsis/system_stm32f10x.o
 .text.SystemInit
                0x08000668       0x50 ./system/src/cmsis/system_stm32f10x.o
                0x08000668                SystemInit
 .text.SystemCoreClockUpdate
                0x080006b8       0x94 ./system/src/cmsis/system_stm32f10x.o
                0x080006b8                SystemCoreClockUpdate
 .text.ReadMsg  0x0800074c       0x7c ./src/CAN_program.o
 .text.CAN_voidInit
                0x080007c8      0x110 ./src/CAN_program.o
                0x080007c8                CAN_voidInit
 .text.CAN_voidStart
                0x080008d8       0x1c ./src/CAN_program.o
                0x080008d8                CAN_voidStart
 .text.CAN_u8SetCallBack
                0x080008f4       0x14 ./src/CAN_program.o
                0x080008f4                CAN_u8SetCallBack
 .text.CAN_u8WriteMsg
                0x08000908      0x11c ./src/CAN_program.o
                0x08000908                CAN_u8WriteMsg
 .text.CAN_u8WriteFilter
                0x08000a24       0xc0 ./src/CAN_program.o
                0x08000a24                CAN_u8WriteFilter
 .text.USB_HP_CAN1_TX_IRQHandler
                0x08000ae4       0x48 ./src/CAN_program.o
                0x08000ae4                USB_HP_CAN1_TX_IRQHandler
 .text.USB_LP_CAN1_RX0_IRQHandler
                0x08000b2c       0x44 ./src/CAN_program.o
                0x08000b2c                USB_LP_CAN1_RX0_IRQHandler
 .text.CAN1_RX1_IRQHandler
                0x08000b70       0x44 ./src/CAN_program.o
                0x08000b70                CAN1_RX1_IRQHandler
 .text.Dio_WriteChannel
                0x08000bb4       0xb4 ./src/DIO_program.o
                0x08000bb4                Dio_WriteChannel
 .text.Port_SetPinDirection
                0x08000c68       0xdc ./src/DIO_program.o
                0x08000c68                Port_SetPinDirection
 .text.Port_SetPinMode
                0x08000d44      0x168 ./src/DIO_program.o
                0x08000d44                Port_SetPinMode
 .text.dtcSetFault
                0x08000eac       0x26 ./src/DTC_program.o
                0x08000eac                dtcSetFault
 .text.dtcSetPassed
                0x08000ed2       0x14 ./src/DTC_program.o
                0x08000ed2                dtcSetPassed
 *fill*         0x08000ee6        0x2 
 .text.DTC_u8DetectFault
                0x08000ee8       0xd4 ./src/DTC_program.o
                0x08000ee8                DTC_u8DetectFault
 .text.DoCAN_voidSetCallBackForMassage
                0x08000fbc        0xc ./src/DoCAN_program.o
                0x08000fbc                DoCAN_voidSetCallBackForMassage
 .text.DoCAN_voidRequestUsData
                0x08000fc8      0x16a ./src/DoCAN_program.o
                0x08000fc8                DoCAN_voidRequestUsData
 *fill*         0x08001132        0x2 
 .text.DoCAN_voidIndicateUsData
                0x08001134      0x258 ./src/DoCAN_program.o
                0x08001134                DoCAN_voidIndicateUsData
 .text.delay    0x0800138c       0x14 ./src/EEPROM_program.o
                0x0800138c                delay
 .text.HEEPROM_voidWriteByte
                0x080013a0       0x30 ./src/EEPROM_program.o
                0x080013a0                HEEPROM_voidWriteByte
 .text.HEEPROM_u8ReadByte
                0x080013d0       0x1a ./src/EEPROM_program.o
                0x080013d0                HEEPROM_u8ReadByte
 .text.HEEPROM_u8DeleteByte
                0x080013ea       0x26 ./src/EEPROM_program.o
                0x080013ea                HEEPROM_u8DeleteByte
 .text.HEEPROM_voidReadMultipleBytes
                0x08001410       0x28 ./src/EEPROM_program.o
                0x08001410                HEEPROM_voidReadMultipleBytes
 .text.HEEPROM_voidDeleteMultipleBytes
                0x08001438       0x20 ./src/EEPROM_program.o
                0x08001438                HEEPROM_voidDeleteMultipleBytes
 .text.HEEPROM_voidDeletePages
                0x08001458       0x66 ./src/EEPROM_program.o
                0x08001458                HEEPROM_voidDeletePages
 *fill*         0x080014be        0x2 
 .text.MI2C_voidInti
                0x080014c0       0x2c ./src/I2C_program.o
                0x080014c0                MI2C_voidInti
 .text.MI2C_voidTransmit
                0x080014ec       0x78 ./src/I2C_program.o
                0x080014ec                MI2C_voidTransmit
 .text.MI2C_voidReceiveFromAddress
                0x08001564       0xc0 ./src/I2C_program.o
                0x08001564                MI2C_voidReceiveFromAddress
 .text.NVIC_voidEnableInterrupt
                0x08001624       0x2c ./src/NVIC_program.o
                0x08001624                NVIC_voidEnableInterrupt
 .text.NVIC_voidSystemReset
                0x08001650       0x10 ./src/NVIC_program.o
                0x08001650                NVIC_voidSystemReset
 .text.RCC_voidInitSystemClock
                0x08001660       0x14 ./src/RCC_program.o
                0x08001660                RCC_voidInitSystemClock
 .text.RCC_voidEnableClock
                0x08001674       0x4c ./src/RCC_program.o
                0x08001674                RCC_voidEnableClock
 .text.USART1_IRQHandler
                0x080016c0       0x18 ./src/UART_program.o
                0x080016c0                USART1_IRQHandler
 .text.UDSHandler_voidSendNegResponse
                0x080016d8       0x4e ./src/UDSHandler_program.o
                0x080016d8                UDSHandler_voidSendNegResponse
 *fill*         0x08001726        0x2 
 .text.UDSHandler_voidCallService
                0x08001728       0xe0 ./src/UDSHandler_program.o
                0x08001728                UDSHandler_voidCallService
 .text.UDSHandler_voidSendPosResponse
                0x08001808       0x54 ./src/UDSHandler_program.o
                0x08001808                UDSHandler_voidSendPosResponse
 .text.UDS_voidClearDiagnosticInformation
                0x0800185c       0x36 ./src/UDS_ClearDiagnosticInformation_program.o
                0x0800185c                UDS_voidClearDiagnosticInformation
 *fill*         0x08001892        0x2 
 .text.UDS_voidControlDTCSetting
                0x08001894       0x58 ./src/UDS_ControlDTCSetting_program.o
                0x08001894                UDS_voidControlDTCSetting
 .text.UDS_voidDiagnosticSessionControl
                0x080018ec       0xe8 ./src/UDS_DiagnosticSessionControl_program.o
                0x080018ec                UDS_voidDiagnosticSessionControl
 .text.UDS_voidECUReset
                0x080019d4       0x48 ./src/UDS_ECUReset_program.o
                0x080019d4                UDS_voidECUReset
 .text.UDS_voidReadDTCInformation
                0x08001a1c      0x156 ./src/UDS_ReadDTCInformation_program.o
                0x08001a1c                UDS_voidReadDTCInformation
 *fill*         0x08001b72        0x2 
 .text.UDS_voidReadDataById
                0x08001b74      0x1a8 ./src/UDS_ReadDataById_program.o
                0x08001b74                UDS_voidReadDataById
 .text.UDS_voidRequestDownload
                0x08001d1c       0xf8 ./src/UDS_RequestDownload_program.o
                0x08001d1c                UDS_voidRequestDownload
 .text.UDS_voidRequestTransferExit
                0x08001e14       0x88 ./src/UDS_RequestTransferExit_program.o
                0x08001e14                UDS_voidRequestTransferExit
 .text.UDS_voidTesterPresent
                0x08001e9c       0x48 ./src/UDS_TesterPresent_program.o
                0x08001e9c                UDS_voidTesterPresent
 .text.UDS_voidTransferData
                0x08001ee4      0x160 ./src/UDS_TransferData_program.o
                0x08001ee4                UDS_voidTransferData
 .text.UDS_voidWriteDataById
                0x08002044      0x114 ./src/UDS_WriteDataById_program.o
                0x08002044                UDS_voidWriteDataById
 .text.main     0x08002158       0xf8 ./src/main.o
                0x08002158                main
 .text.__errno  0x08002250        0xc d:/courses/imt arm/imt_arm_course/02- tools/03- imt sdk/imt_sdk_win_64/winarm/armgcc/bin/../lib/gcc/arm-none-eabi/7.2.1/../../../../arm-none-eabi/lib/thumb/v7-m\libg_nano.a(lib_a-errno.o)
                0x08002250                __errno
 .text.memset   0x0800225c       0x10 d:/courses/imt arm/imt_arm_course/02- tools/03- imt sdk/imt_sdk_win_64/winarm/armgcc/bin/../lib/gcc/arm-none-eabi/7.2.1/../../../../arm-none-eabi/lib/thumb/v7-m\libg_nano.a(lib_a-memset.o)
                0x0800225c                memset
 .text._vsnprintf_r
                0x0800226c       0x58 d:/courses/imt arm/imt_arm_course/02- tools/03- imt sdk/imt_sdk_win_64/winarm/armgcc/bin/../lib/gcc/arm-none-eabi/7.2.1/../../../../arm-none-eabi/lib/thumb/v7-m\libg_nano.a(lib_a-vsnprintf.o)
                0x0800226c                _vsniprintf_r
                0x0800226c                _vsnprintf_r
 .text.vsnprintf
                0x080022c4       0x1c d:/courses/imt arm/imt_arm_course/02- tools/03- imt sdk/imt_sdk_win_64/winarm/armgcc/bin/../lib/gcc/arm-none-eabi/7.2.1/../../../../arm-none-eabi/lib/thumb/v7-m\libg_nano.a(lib_a-vsnprintf.o)
                0x080022c4                vsniprintf
                0x080022c4                vsnprintf
 .text.__ssputs_r
                0x080022e0       0xb4 d:/courses/imt arm/imt_arm_course/02- tools/03- imt sdk/imt_sdk_win_64/winarm/armgcc/bin/../lib/gcc/arm-none-eabi/7.2.1/../../../../arm-none-eabi/lib/thumb/v7-m\libg_nano.a(lib_a-nano-svfprintf.o)
                0x080022e0                __ssputs_r
 .text._svfprintf_r
                0x08002394      0x1ec d:/courses/imt arm/imt_arm_course/02- tools/03- imt sdk/imt_sdk_win_64/winarm/armgcc/bin/../lib/gcc/arm-none-eabi/7.2.1/../../../../arm-none-eabi/lib/thumb/v7-m\libg_nano.a(lib_a-nano-svfprintf.o)
                0x08002394                _svfiprintf_r
                0x08002394                _svfprintf_r
 .text._printf_common
                0x08002580       0xec d:/courses/imt arm/imt_arm_course/02- tools/03- imt sdk/imt_sdk_win_64/winarm/armgcc/bin/../lib/gcc/arm-none-eabi/7.2.1/../../../../arm-none-eabi/lib/thumb/v7-m\libg_nano.a(lib_a-nano-vfprintf_i.o)
                0x08002580                _printf_common
 .text._printf_i
                0x0800266c      0x224 d:/courses/imt arm/imt_arm_course/02- tools/03- imt sdk/imt_sdk_win_64/winarm/armgcc/bin/../lib/gcc/arm-none-eabi/7.2.1/../../../../arm-none-eabi/lib/thumb/v7-m\libg_nano.a(lib_a-nano-vfprintf_i.o)
                0x0800266c                _printf_i
 .text.memchr   0x08002890       0x1c d:/courses/imt arm/imt_arm_course/02- tools/03- imt sdk/imt_sdk_win_64/winarm/armgcc/bin/../lib/gcc/arm-none-eabi/7.2.1/../../../../arm-none-eabi/lib/thumb/v7-m\libg_nano.a(lib_a-memchr-stub.o)
                0x08002890                memchr
 .text.memcpy   0x080028ac       0x16 d:/courses/imt arm/imt_arm_course/02- tools/03- imt sdk/imt_sdk_win_64/winarm/armgcc/bin/../lib/gcc/arm-none-eabi/7.2.1/../../../../arm-none-eabi/lib/thumb/v7-m\libg_nano.a(lib_a-memcpy-stub.o)
                0x080028ac                memcpy
 .text.memmove  0x080028c2       0x32 d:/courses/imt arm/imt_arm_course/02- tools/03- imt sdk/imt_sdk_win_64/winarm/armgcc/bin/../lib/gcc/arm-none-eabi/7.2.1/../../../../arm-none-eabi/lib/thumb/v7-m\libg_nano.a(lib_a-memmove.o)
                0x080028c2                memmove
 .text._free_r  0x080028f4       0x98 d:/courses/imt arm/imt_arm_course/02- tools/03- imt sdk/imt_sdk_win_64/winarm/armgcc/bin/../lib/gcc/arm-none-eabi/7.2.1/../../../../arm-none-eabi/lib/thumb/v7-m\libg_nano.a(lib_a-nano-freer.o)
                0x080028f4                _free_r
 .text._malloc_r
                0x0800298c       0xb4 d:/courses/imt arm/imt_arm_course/02- tools/03- imt sdk/imt_sdk_win_64/winarm/armgcc/bin/../lib/gcc/arm-none-eabi/7.2.1/../../../../arm-none-eabi/lib/thumb/v7-m\libg_nano.a(lib_a-nano-mallocr.o)
                0x0800298c                _malloc_r
 .text._realloc_r
                0x08002a40       0x4c d:/courses/imt arm/imt_arm_course/02- tools/03- imt sdk/imt_sdk_win_64/winarm/armgcc/bin/../lib/gcc/arm-none-eabi/7.2.1/../../../../arm-none-eabi/lib/thumb/v7-m\libg_nano.a(lib_a-nano-reallocr.o)
                0x08002a40                _realloc_r
 .text._sbrk_r  0x08002a8c       0x20 d:/courses/imt arm/imt_arm_course/02- tools/03- imt sdk/imt_sdk_win_64/winarm/armgcc/bin/../lib/gcc/arm-none-eabi/7.2.1/../../../../arm-none-eabi/lib/thumb/v7-m\libg_nano.a(lib_a-sbrkr.o)
                0x08002a8c                _sbrk_r
 .text.__malloc_lock
                0x08002aac        0x2 d:/courses/imt arm/imt_arm_course/02- tools/03- imt sdk/imt_sdk_win_64/winarm/armgcc/bin/../lib/gcc/arm-none-eabi/7.2.1/../../../../arm-none-eabi/lib/thumb/v7-m\libg_nano.a(lib_a-mlock.o)
                0x08002aac                __malloc_lock
 .text.__malloc_unlock
                0x08002aae        0x2 d:/courses/imt arm/imt_arm_course/02- tools/03- imt sdk/imt_sdk_win_64/winarm/armgcc/bin/../lib/gcc/arm-none-eabi/7.2.1/../../../../arm-none-eabi/lib/thumb/v7-m\libg_nano.a(lib_a-mlock.o)
                0x08002aae                __malloc_unlock
 .text._malloc_usable_size_r
                0x08002ab0       0x10 d:/courses/imt arm/imt_arm_course/02- tools/03- imt sdk/imt_sdk_win_64/winarm/armgcc/bin/../lib/gcc/arm-none-eabi/7.2.1/../../../../arm-none-eabi/lib/thumb/v7-m\libg_nano.a(lib_a-nano-msizer.o)
                0x08002ab0                _malloc_usable_size_r
 *(.rodata .rodata.* .constdata .constdata.*)
 .rodata.dumpExceptionStack.str1.4
                0x08002ac0      0x11a ./system/src/cortexm/exception_handlers.o
 *fill*         0x08002bda        0x2 
 .rodata.str1.4
                0x08002bdc       0x2c ./system/src/cortexm/exception_handlers.o
                                 0x2a (size before relaxing)
 .rodata        0x08002c08        0xe ./src/UDS_DiagnosticSessionControl_program.o
 *fill*         0x08002c16        0x2 
 .rodata        0x08002c18        0x2 ./src/UDS_ECUReset_program.o
 *fill*         0x08002c1a        0x2 
 .rodata        0x08002c1c        0x3 ./src/UDS_RequestDownload_program.o
 .rodata._svfprintf_r.str1.1
                0x08002c1f       0x11 d:/courses/imt arm/imt_arm_course/02- tools/03- imt sdk/imt_sdk_win_64/winarm/armgcc/bin/../lib/gcc/arm-none-eabi/7.2.1/../../../../arm-none-eabi/lib/thumb/v7-m\libg_nano.a(lib_a-nano-svfprintf.o)
 .rodata._printf_i.str1.1
                0x08002c30       0x22 d:/courses/imt arm/imt_arm_course/02- tools/03- imt sdk/imt_sdk_win_64/winarm/armgcc/bin/../lib/gcc/arm-none-eabi/7.2.1/../../../../arm-none-eabi/lib/thumb/v7-m\libg_nano.a(lib_a-nano-vfprintf_i.o)
 *(vtable)
 *(.eh_frame*)
 *(.glue_7)
 .glue_7        0x08002c52        0x0 linker stubs
 *(.glue_7t)
 .glue_7t       0x08002c52        0x0 linker stubs

.vfp11_veneer   0x08002c54        0x0
 .vfp11_veneer  0x08002c54        0x0 linker stubs

.v4_bx          0x08002c54        0x0
 .v4_bx         0x08002c54        0x0 linker stubs

.iplt           0x08002c54        0x0
 .iplt          0x08002c54        0x0 ./system/src/newlib/_exit.o

.rel.dyn        0x08002c54        0x0
 .rel.iplt      0x08002c54        0x0 ./system/src/newlib/_exit.o

.ARM.extab
 *(.ARM.extab* .gnu.linkonce.armextab.*)
                0x08002c54                . = ALIGN (0x4)
                0x08002c54                __exidx_start = .

.ARM.exidx
 *(.ARM.exidx* .gnu.linkonce.armexidx.*)
                0x08002c54                __exidx_end = .
                0x08002c54                . = ALIGN (0x4)
                0x08002c54                _etext = .
                0x08002c54                __etext = .

.data_CCMRAM    0x00000000        0x0 load address 0x08002c54
 FILL mask 0xff
 *(.data.CCMRAM .data.CCMRAM.*)
                0x00000000                . = ALIGN (0x4)
                0x08002c54                _sidata = LOADADDR (.data)

.data           0x20000000       0x8c load address 0x08002c54
 FILL mask 0xff
                0x20000000                _sdata = .
                0x20000000                __data_start__ = .
 *(.data_begin .data_begin.*)
 .data_begin    0x20000000        0x4 ./system/src/newlib/_startup.o
 *(.data .data.*)
 .data.argv.4310
                0x20000004        0x8 ./system/src/newlib/_syscalls.o
 .data.AHBPrescTable
                0x2000000c       0x10 ./system/src/cmsis/system_stm32f10x.o
                0x2000000c                AHBPrescTable
 .data.SystemCoreClock
                0x2000001c        0x4 ./system/src/cmsis/system_stm32f10x.o
                0x2000001c                SystemCoreClock
 .data.Expected_SN.3733
                0x20000020        0x1 ./src/DoCAN_program.o
 .data.UDS_u8DTCSetting
                0x20000021        0x1 ./src/UDS_ControlDTCSetting_program.o
                0x20000021                UDS_u8DTCSetting
 .data.UDS_u8ActiveSession
                0x20000022        0x1 ./src/UDS_DiagnosticSessionControl_program.o
                0x20000022                UDS_u8ActiveSession
 .data.TransferData_u8ExpectedBSC
                0x20000023        0x1 ./src/UDS_TransferData_program.o
                0x20000023                TransferData_u8ExpectedBSC
 .data._impure_ptr
                0x20000024        0x4 d:/courses/imt arm/imt_arm_course/02- tools/03- imt sdk/imt_sdk_win_64/winarm/armgcc/bin/../lib/gcc/arm-none-eabi/7.2.1/../../../../arm-none-eabi/lib/thumb/v7-m\libg_nano.a(lib_a-impure.o)
                0x20000024                _impure_ptr
 .data.impure_data
                0x20000028       0x60 d:/courses/imt arm/imt_arm_course/02- tools/03- imt sdk/imt_sdk_win_64/winarm/armgcc/bin/../lib/gcc/arm-none-eabi/7.2.1/../../../../arm-none-eabi/lib/thumb/v7-m\libg_nano.a(lib_a-impure.o)
 *(.data_end .data_end.*)
 .data_end      0x20000088        0x4 ./system/src/newlib/_startup.o
                0x2000008c                . = ALIGN (0x4)
                0x2000008c                _edata = .
                0x2000008c                __data_end__ = .

.igot.plt       0x2000008c        0x0 load address 0x08002ce0
 .igot.plt      0x2000008c        0x0 ./system/src/newlib/_exit.o

.bss_CCMRAM     0x00000000        0x0
 *(.bss.CCMRAM .bss.CCMRAM.*)

.bss            0x2000008c      0x178
                0x2000008c                __bss_start__ = .
                0x2000008c                _sbss = .
 *(.bss_begin .bss_begin.*)
 .bss_begin     0x2000008c        0x4 ./system/src/newlib/_startup.o
 *(.bss .bss.*)
 .bss.current_heap_end.3961
                0x20000090        0x4 ./system/src/newlib/_sbrk.o
 .bss.name.4309
                0x20000094        0x1 ./system/src/newlib/_syscalls.o
 *fill*         0x20000095        0x3 
 .bss.buf.5205  0x20000098       0x80 ./system/src/diag/Trace.o
 .bss.CAN_CallBackFunc
                0x20000118        0x4 ./src/CAN_program.o
 .bss.CAN_DTC   0x2000011c       0x10 ./src/CAN_program.o
 .bss.CAN_PROP  0x2000012c        0xc ./src/CAN_program.o
 .bss.Local_u8FilterIndex.3828
                0x20000138        0x1 ./src/CAN_program.o
 *fill*         0x20000139        0x1 
 .bss.i.3729    0x2000013a        0x2 ./src/DoCAN_program.o
 .bss.UART_CallBack
                0x2000013c        0x8 ./src/UART_program.o
 .bss.UDS_u8SessionTimer
                0x20000144        0x1 ./src/UDS_DiagnosticSessionControl_program.o
                0x20000144                UDS_u8SessionTimer
 .bss.RequestDownload_u8ActiveFlag
                0x20000145        0x1 ./src/UDS_RequestDownload_program.o
                0x20000145                RequestDownload_u8ActiveFlag
 .bss.TransferData_u16NumOfLines
                0x20000146        0x2 ./src/UDS_TransferData_program.o
                0x20000146                TransferData_u16NumOfLines
 .bss.TransferData_u32ReceivedBytes
                0x20000148        0x4 ./src/UDS_TransferData_program.o
                0x20000148                TransferData_u32ReceivedBytes
 .bss.TransferData_u8NextAddress
                0x2000014c        0x2 ./src/UDS_TransferData_program.o
                0x2000014c                TransferData_u8NextAddress
 *fill*         0x2000014e        0x2 
 .bss.__malloc_free_list
                0x20000150        0x4 d:/courses/imt arm/imt_arm_course/02- tools/03- imt sdk/imt_sdk_win_64/winarm/armgcc/bin/../lib/gcc/arm-none-eabi/7.2.1/../../../../arm-none-eabi/lib/thumb/v7-m\libg_nano.a(lib_a-nano-mallocr.o)
                0x20000150                __malloc_free_list
 .bss.__malloc_sbrk_start
                0x20000154        0x4 d:/courses/imt arm/imt_arm_course/02- tools/03- imt sdk/imt_sdk_win_64/winarm/armgcc/bin/../lib/gcc/arm-none-eabi/7.2.1/../../../../arm-none-eabi/lib/thumb/v7-m\libg_nano.a(lib_a-nano-mallocr.o)
                0x20000154                __malloc_sbrk_start
 *(COMMON)
 COMMON         0x20000158        0x4 ./system/src/newlib/_syscalls.o
                0x20000158                errno
 COMMON         0x2000015c        0xb ./src/CAN_program.o
                0x2000015c                CAN_RECIEVED_MSG
 *fill*         0x20000167        0x1 
 COMMON         0x20000168       0x73 ./src/DTC_program.o
                0x20000168                RequestMassage
                0x200001a0                Received_Data
                0x200001d8                Received_FlowControl
 *fill*         0x200001db        0x1 
 COMMON         0x200001dc        0x8 ./src/DoCAN_program.o
                0x200001dc                FlowControlIndication
                0x200001e0                MassageIndication
 COMMON         0x200001e4       0x10 ./src/UDS_ReadDataById_program.o
                0x200001e4                GetFrontDistanceValue
                0x200001e8                GetVoltValue
                0x200001ec                GetSpeedValue
                0x200001f0                GetBackDistanceValue
 COMMON         0x200001f4        0x4 ./src/UDS_RequestDownload_program.o
                0x200001f4                RequestDownload_u32Size
 COMMON         0x200001f8        0x8 ./src/UDS_WriteDataById_program.o
                0x200001f8                SetZone2
                0x200001fc                SetZone1
 *(.bss_end .bss_end.*)
 .bss_end       0x20000200        0x4 ./system/src/newlib/_startup.o
                0x20000204                . = ALIGN (0x4)
                0x20000204                __bss_end__ = .
                0x20000204                _ebss = .

.noinit_CCMRAM
 *(.noinit.CCMRAM .noinit.CCMRAM.*)

.noinit         0x20000204        0x0
                0x20000204                _noinit = .
 *(.noinit .noinit.*)
                0x20000204                . = ALIGN (0x4)
                0x20000204                _end_noinit = .
                [!provide]                PROVIDE (end, _end_noinit)
                [!provide]                PROVIDE (_end, _end_noinit)
                [!provide]                PROVIDE (__end, _end_noinit)
                [!provide]                PROVIDE (__end__, _end_noinit)

._check_stack   0x20000204      0x100
                0x20000304                . = (. + _Minimum_Stack_Size)
 *fill*         0x20000204      0x100 

.b1text
 *(.b1text)
 *(.b1rodata)
 *(.b1rodata.*)

.eb0text
 *(.eb0text)
 *(.eb0rodata)
 *(.eb0rodata.*)

.eb1text
 *(.eb1text)
 *(.eb1rodata)
 *(.eb1rodata.*)

.eb2text
 *(.eb2text)
 *(.eb2rodata)
 *(.eb2rodata.*)

.eb3text
 *(.eb3text)
 *(.eb3rodata)
 *(.eb3rodata.*)

.stab
 *(.stab)

.stabstr
 *(.stabstr)

.stab.excl
 *(.stab.excl)

.stab.exclstr
 *(.stab.exclstr)

.stab.index
 *(.stab.index)

.stab.indexstr
 *(.stab.indexstr)

.comment        0x00000000       0x7e
 *(.comment)
 .comment       0x00000000       0x7e ./system/src/newlib/_exit.o
                                 0x7f (size before relaxing)
 .comment       0x0000007e       0x7f ./system/src/newlib/_sbrk.o
 .comment       0x0000007e       0x7f ./system/src/newlib/_startup.o
 .comment       0x0000007e       0x7f ./system/src/newlib/_syscalls.o
 .comment       0x0000007e       0x7f ./system/src/diag/Trace.o
 .comment       0x0000007e       0x7f ./system/src/diag/trace_impl.o
 .comment       0x0000007e       0x7f ./system/src/cortexm/_initialize_hardware.o
 .comment       0x0000007e       0x7f ./system/src/cortexm/exception_handlers.o
 .comment       0x0000007e       0x7f ./system/src/cmsis/system_stm32f10x.o
 .comment       0x0000007e       0x7f ./system/src/cmsis/vectors_stm32f10x.o
 .comment       0x0000007e       0x7f ./src/CAN_program.o
 .comment       0x0000007e       0x7f ./src/DIO_program.o
 .comment       0x0000007e       0x7f ./src/DTC_program.o
 .comment       0x0000007e       0x7f ./src/DoCAN_program.o
 .comment       0x0000007e       0x7f ./src/EEPROM_program.o
 .comment       0x0000007e       0x7f ./src/I2C_program.o
 .comment       0x0000007e       0x7f ./src/NVIC_program.o
 .comment       0x0000007e       0x7f ./src/RCC_program.o
 .comment       0x0000007e       0x7f ./src/UART_program.o
 .comment       0x0000007e       0x7f ./src/UDSHandler_program.o
 .comment       0x0000007e       0x7f ./src/UDS_ClearDiagnosticInformation_program.o
 .comment       0x0000007e       0x7f ./src/UDS_ControlDTCSetting_program.o
 .comment       0x0000007e       0x7f ./src/UDS_DiagnosticSessionControl_program.o
 .comment       0x0000007e       0x7f ./src/UDS_ECUReset_program.o
 .comment       0x0000007e       0x7f ./src/UDS_ReadDTCInformation_program.o
 .comment       0x0000007e       0x7f ./src/UDS_ReadDataById_program.o
 .comment       0x0000007e       0x7f ./src/UDS_RequestDownload_program.o
 .comment       0x0000007e       0x7f ./src/UDS_RequestTransferExit_program.o
 .comment       0x0000007e       0x7f ./src/UDS_TesterPresent_program.o
 .comment       0x0000007e       0x7f ./src/UDS_TransferData_program.o
 .comment       0x0000007e       0x7f ./src/UDS_WriteDataById_program.o
 .comment       0x0000007e       0x7f ./src/main.o

.ARM.attributes
                0x00000000       0x31
 .ARM.attributes
                0x00000000       0x33 ./system/src/newlib/_exit.o
 .ARM.attributes
                0x00000033       0x33 ./system/src/newlib/_sbrk.o
 .ARM.attributes
                0x00000066       0x33 ./system/src/newlib/_startup.o
 .ARM.attributes
                0x00000099       0x33 ./system/src/newlib/_syscalls.o
 .ARM.attributes
                0x000000cc       0x33 ./system/src/diag/Trace.o
 .ARM.attributes
                0x000000ff       0x33 ./system/src/diag/trace_impl.o
 .ARM.attributes
                0x00000132       0x33 ./system/src/cortexm/_initialize_hardware.o
 .ARM.attributes
                0x00000165       0x33 ./system/src/cortexm/exception_handlers.o
 .ARM.attributes
                0x00000198       0x33 ./system/src/cmsis/system_stm32f10x.o
 .ARM.attributes
                0x000001cb       0x33 ./system/src/cmsis/vectors_stm32f10x.o
 .ARM.attributes
                0x000001fe       0x33 ./src/CAN_program.o
 .ARM.attributes
                0x00000231       0x33 ./src/DIO_program.o
 .ARM.attributes
                0x00000264       0x33 ./src/DTC_program.o
 .ARM.attributes
                0x00000297       0x33 ./src/DoCAN_program.o
 .ARM.attributes
                0x000002ca       0x33 ./src/EEPROM_program.o
 .ARM.attributes
                0x000002fd       0x33 ./src/I2C_program.o
 .ARM.attributes
                0x00000330       0x33 ./src/NVIC_program.o
 .ARM.attributes
                0x00000363       0x33 ./src/RCC_program.o
 .ARM.attributes
                0x00000396       0x33 ./src/UART_program.o
 .ARM.attributes
                0x000003c9       0x33 ./src/UDSHandler_program.o
 .ARM.attributes
                0x000003fc       0x33 ./src/UDS_ClearDiagnosticInformation_program.o
 .ARM.attributes
                0x0000042f       0x33 ./src/UDS_ControlDTCSetting_program.o
 .ARM.attributes
                0x00000462       0x33 ./src/UDS_DiagnosticSessionControl_program.o
 .ARM.attributes
                0x00000495       0x33 ./src/UDS_ECUReset_program.o
 .ARM.attributes
                0x000004c8       0x33 ./src/UDS_ReadDTCInformation_program.o
 .ARM.attributes
                0x000004fb       0x33 ./src/UDS_ReadDataById_program.o
 .ARM.attributes
                0x0000052e       0x33 ./src/UDS_RequestDownload_program.o
 .ARM.attributes
                0x00000561       0x33 ./src/UDS_RequestTransferExit_program.o
 .ARM.attributes
                0x00000594       0x33 ./src/UDS_TesterPresent_program.o
 .ARM.attributes
                0x000005c7       0x33 ./src/UDS_TransferData_program.o
 .ARM.attributes
                0x000005fa       0x33 ./src/UDS_WriteDataById_program.o
 .ARM.attributes
                0x0000062d       0x33 ./src/main.o
 .ARM.attributes
                0x00000660       0x2d d:/courses/imt arm/imt_arm_course/02- tools/03- imt sdk/imt_sdk_win_64/winarm/armgcc/bin/../lib/gcc/arm-none-eabi/7.2.1/../../../../arm-none-eabi/lib/thumb/v7-m\libg_nano.a(lib_a-errno.o)
 .ARM.attributes
                0x0000068d       0x2d d:/courses/imt arm/imt_arm_course/02- tools/03- imt sdk/imt_sdk_win_64/winarm/armgcc/bin/../lib/gcc/arm-none-eabi/7.2.1/../../../../arm-none-eabi/lib/thumb/v7-m\libg_nano.a(lib_a-impure.o)
 .ARM.attributes
                0x000006ba       0x2d d:/courses/imt arm/imt_arm_course/02- tools/03- imt sdk/imt_sdk_win_64/winarm/armgcc/bin/../lib/gcc/arm-none-eabi/7.2.1/../../../../arm-none-eabi/lib/thumb/v7-m\libg_nano.a(lib_a-memset.o)
 .ARM.attributes
                0x000006e7       0x2d d:/courses/imt arm/imt_arm_course/02- tools/03- imt sdk/imt_sdk_win_64/winarm/armgcc/bin/../lib/gcc/arm-none-eabi/7.2.1/../../../../arm-none-eabi/lib/thumb/v7-m\libg_nano.a(lib_a-vsnprintf.o)
 .ARM.attributes
                0x00000714       0x2d d:/courses/imt arm/imt_arm_course/02- tools/03- imt sdk/imt_sdk_win_64/winarm/armgcc/bin/../lib/gcc/arm-none-eabi/7.2.1/../../../../arm-none-eabi/lib/thumb/v7-m\libg_nano.a(lib_a-nano-svfprintf.o)
 .ARM.attributes
                0x00000741       0x2d d:/courses/imt arm/imt_arm_course/02- tools/03- imt sdk/imt_sdk_win_64/winarm/armgcc/bin/../lib/gcc/arm-none-eabi/7.2.1/../../../../arm-none-eabi/lib/thumb/v7-m\libg_nano.a(lib_a-nano-vfprintf_i.o)
 .ARM.attributes
                0x0000076e       0x2d d:/courses/imt arm/imt_arm_course/02- tools/03- imt sdk/imt_sdk_win_64/winarm/armgcc/bin/../lib/gcc/arm-none-eabi/7.2.1/../../../../arm-none-eabi/lib/thumb/v7-m\libg_nano.a(lib_a-memchr-stub.o)
 .ARM.attributes
                0x0000079b       0x2d d:/courses/imt arm/imt_arm_course/02- tools/03- imt sdk/imt_sdk_win_64/winarm/armgcc/bin/../lib/gcc/arm-none-eabi/7.2.1/../../../../arm-none-eabi/lib/thumb/v7-m\libg_nano.a(lib_a-memcpy-stub.o)
 .ARM.attributes
                0x000007c8       0x2d d:/courses/imt arm/imt_arm_course/02- tools/03- imt sdk/imt_sdk_win_64/winarm/armgcc/bin/../lib/gcc/arm-none-eabi/7.2.1/../../../../arm-none-eabi/lib/thumb/v7-m\libg_nano.a(lib_a-memmove.o)
 .ARM.attributes
                0x000007f5       0x2d d:/courses/imt arm/imt_arm_course/02- tools/03- imt sdk/imt_sdk_win_64/winarm/armgcc/bin/../lib/gcc/arm-none-eabi/7.2.1/../../../../arm-none-eabi/lib/thumb/v7-m\libg_nano.a(lib_a-nano-freer.o)
 .ARM.attributes
                0x00000822       0x2d d:/courses/imt arm/imt_arm_course/02- tools/03- imt sdk/imt_sdk_win_64/winarm/armgcc/bin/../lib/gcc/arm-none-eabi/7.2.1/../../../../arm-none-eabi/lib/thumb/v7-m\libg_nano.a(lib_a-nano-mallocr.o)
 .ARM.attributes
                0x0000084f       0x2d d:/courses/imt arm/imt_arm_course/02- tools/03- imt sdk/imt_sdk_win_64/winarm/armgcc/bin/../lib/gcc/arm-none-eabi/7.2.1/../../../../arm-none-eabi/lib/thumb/v7-m\libg_nano.a(lib_a-nano-reallocr.o)
 .ARM.attributes
                0x0000087c       0x2d d:/courses/imt arm/imt_arm_course/02- tools/03- imt sdk/imt_sdk_win_64/winarm/armgcc/bin/../lib/gcc/arm-none-eabi/7.2.1/../../../../arm-none-eabi/lib/thumb/v7-m\libg_nano.a(lib_a-sbrkr.o)
 .ARM.attributes
                0x000008a9       0x2d d:/courses/imt arm/imt_arm_course/02- tools/03- imt sdk/imt_sdk_win_64/winarm/armgcc/bin/../lib/gcc/arm-none-eabi/7.2.1/../../../../arm-none-eabi/lib/thumb/v7-m\libg_nano.a(lib_a-mlock.o)
 .ARM.attributes
                0x000008d6       0x2d d:/courses/imt arm/imt_arm_course/02- tools/03- imt sdk/imt_sdk_win_64/winarm/armgcc/bin/../lib/gcc/arm-none-eabi/7.2.1/../../../../arm-none-eabi/lib/thumb/v7-m\libg_nano.a(lib_a-nano-msizer.o)

.debug
 *(.debug)

.line
 *(.line)

.debug_srcinfo
 *(.debug_srcinfo)

.debug_sfnames
 *(.debug_sfnames)

.debug_aranges  0x00000000      0x698
 *(.debug_aranges)
 .debug_aranges
                0x00000000       0x28 ./system/src/newlib/_exit.o
 .debug_aranges
                0x00000028       0x20 ./system/src/newlib/_sbrk.o
 .debug_aranges
                0x00000048       0x40 ./system/src/newlib/_startup.o
 .debug_aranges
                0x00000088       0x30 ./system/src/newlib/_syscalls.o
 .debug_aranges
                0x000000b8       0x38 ./system/src/diag/Trace.o
 .debug_aranges
                0x000000f0       0x30 ./system/src/diag/trace_impl.o
 .debug_aranges
                0x00000120       0x28 ./system/src/cortexm/_initialize_hardware.o
 .debug_aranges
                0x00000148       0x90 ./system/src/cortexm/exception_handlers.o
 .debug_aranges
                0x000001d8       0x38 ./system/src/cmsis/system_stm32f10x.o
 .debug_aranges
                0x00000210       0x20 ./system/src/cmsis/vectors_stm32f10x.o
 .debug_aranges
                0x00000230       0x70 ./src/CAN_program.o
 .debug_aranges
                0x000002a0       0x60 ./src/DIO_program.o
 .debug_aranges
                0x00000300       0x30 ./src/DTC_program.o
 .debug_aranges
                0x00000330       0x38 ./src/DoCAN_program.o
 .debug_aranges
                0x00000368       0x58 ./src/EEPROM_program.o
 .debug_aranges
                0x000003c0       0x38 ./src/I2C_program.o
 .debug_aranges
                0x000003f8       0x50 ./src/NVIC_program.o
 .debug_aranges
                0x00000448       0x30 ./src/RCC_program.o
 .debug_aranges
                0x00000478       0x40 ./src/UART_program.o
 .debug_aranges
                0x000004b8       0x30 ./src/UDSHandler_program.o
 .debug_aranges
                0x000004e8       0x20 ./src/UDS_ClearDiagnosticInformation_program.o
 .debug_aranges
                0x00000508       0x20 ./src/UDS_ControlDTCSetting_program.o
 .debug_aranges
                0x00000528       0x20 ./src/UDS_DiagnosticSessionControl_program.o
 .debug_aranges
                0x00000548       0x20 ./src/UDS_ECUReset_program.o
 .debug_aranges
                0x00000568       0x20 ./src/UDS_ReadDTCInformation_program.o
 .debug_aranges
                0x00000588       0x40 ./src/UDS_ReadDataById_program.o
 .debug_aranges
                0x000005c8       0x20 ./src/UDS_RequestDownload_program.o
 .debug_aranges
                0x000005e8       0x20 ./src/UDS_RequestTransferExit_program.o
 .debug_aranges
                0x00000608       0x20 ./src/UDS_TesterPresent_program.o
 .debug_aranges
                0x00000628       0x20 ./src/UDS_TransferData_program.o
 .debug_aranges
                0x00000648       0x30 ./src/UDS_WriteDataById_program.o
 .debug_aranges
                0x00000678       0x20 ./src/main.o

.debug_pubnames
 *(.debug_pubnames)

.debug_info     0x00000000     0xa6cc
 *(.debug_info .gnu.linkonce.wi.*)
 .debug_info    0x00000000      0x956 ./system/src/newlib/_exit.o
 .debug_info    0x00000956      0x942 ./system/src/newlib/_sbrk.o
 .debug_info    0x00001298      0x42e ./system/src/newlib/_startup.o
 .debug_info    0x000016c6      0xa19 ./system/src/newlib/_syscalls.o
 .debug_info    0x000020df      0xb2a ./system/src/diag/Trace.o
 .debug_info    0x00002c09      0x363 ./system/src/diag/trace_impl.o
 .debug_info    0x00002f6c      0x2b5 ./system/src/cortexm/_initialize_hardware.o
 .debug_info    0x00003221     0x1140 ./system/src/cortexm/exception_handlers.o
 .debug_info    0x00004361      0x494 ./system/src/cmsis/system_stm32f10x.o
 .debug_info    0x000047f5       0xca ./system/src/cmsis/vectors_stm32f10x.o
 .debug_info    0x000048bf      0x836 ./src/CAN_program.o
 .debug_info    0x000050f5      0x3a1 ./src/DIO_program.o
 .debug_info    0x00005496      0x40b ./src/DTC_program.o
 .debug_info    0x000058a1      0x42d ./src/DoCAN_program.o
 .debug_info    0x00005cce      0x4f5 ./src/EEPROM_program.o
 .debug_info    0x000061c3      0x25f ./src/I2C_program.o
 .debug_info    0x00006422      0x1b4 ./src/NVIC_program.o
 .debug_info    0x000065d6       0xf7 ./src/RCC_program.o
 .debug_info    0x000066cd      0x3d2 ./src/UART_program.o
 .debug_info    0x00006a9f      0x556 ./src/UDSHandler_program.o
 .debug_info    0x00006ff5      0x2ff ./src/UDS_ClearDiagnosticInformation_program.o
 .debug_info    0x000072f4      0x308 ./src/UDS_ControlDTCSetting_program.o
 .debug_info    0x000075fc      0x3f4 ./src/UDS_DiagnosticSessionControl_program.o
 .debug_info    0x000079f0      0x310 ./src/UDS_ECUReset_program.o
 .debug_info    0x00007d00      0xc70 ./src/UDS_ReadDTCInformation_program.o
 .debug_info    0x00008970      0x40d ./src/UDS_ReadDataById_program.o
 .debug_info    0x00008d7d      0x3e0 ./src/UDS_RequestDownload_program.o
 .debug_info    0x0000915d      0x3be ./src/UDS_RequestTransferExit_program.o
 .debug_info    0x0000951b      0x310 ./src/UDS_TesterPresent_program.o
 .debug_info    0x0000982b      0x49d ./src/UDS_TransferData_program.o
 .debug_info    0x00009cc8      0x37a ./src/UDS_WriteDataById_program.o
 .debug_info    0x0000a042      0x68a ./src/main.o

.debug_abbrev   0x00000000     0x31f1
 *(.debug_abbrev)
 .debug_abbrev  0x00000000      0x1f3 ./system/src/newlib/_exit.o
 .debug_abbrev  0x000001f3      0x1fc ./system/src/newlib/_sbrk.o
 .debug_abbrev  0x000003ef      0x1b3 ./system/src/newlib/_startup.o
 .debug_abbrev  0x000005a2      0x234 ./system/src/newlib/_syscalls.o
 .debug_abbrev  0x000007d6      0x276 ./system/src/diag/Trace.o
 .debug_abbrev  0x00000a4c      0x1e2 ./system/src/diag/trace_impl.o
 .debug_abbrev  0x00000c2e       0xea ./system/src/cortexm/_initialize_hardware.o
 .debug_abbrev  0x00000d18      0x32b ./system/src/cortexm/exception_handlers.o
 .debug_abbrev  0x00001043      0x177 ./system/src/cmsis/system_stm32f10x.o
 .debug_abbrev  0x000011ba       0x9d ./system/src/cmsis/vectors_stm32f10x.o
 .debug_abbrev  0x00001257      0x293 ./src/CAN_program.o
 .debug_abbrev  0x000014ea      0x17c ./src/DIO_program.o
 .debug_abbrev  0x00001666      0x19c ./src/DTC_program.o
 .debug_abbrev  0x00001802      0x1cb ./src/DoCAN_program.o
 .debug_abbrev  0x000019cd      0x12f ./src/EEPROM_program.o
 .debug_abbrev  0x00001afc       0xe3 ./src/I2C_program.o
 .debug_abbrev  0x00001bdf       0xc2 ./src/NVIC_program.o
 .debug_abbrev  0x00001ca1       0x70 ./src/RCC_program.o
 .debug_abbrev  0x00001d11      0x16b ./src/UART_program.o
 .debug_abbrev  0x00001e7c      0x184 ./src/UDSHandler_program.o
 .debug_abbrev  0x00002000      0x13f ./src/UDS_ClearDiagnosticInformation_program.o
 .debug_abbrev  0x0000213f      0x15d ./src/UDS_ControlDTCSetting_program.o
 .debug_abbrev  0x0000229c      0x171 ./src/UDS_DiagnosticSessionControl_program.o
 .debug_abbrev  0x0000240d      0x155 ./src/UDS_ECUReset_program.o
 .debug_abbrev  0x00002562      0x279 ./src/UDS_ReadDTCInformation_program.o
 .debug_abbrev  0x000027db      0x19a ./src/UDS_ReadDataById_program.o
 .debug_abbrev  0x00002975      0x177 ./src/UDS_RequestDownload_program.o
 .debug_abbrev  0x00002aec      0x166 ./src/UDS_RequestTransferExit_program.o
 .debug_abbrev  0x00002c52      0x15b ./src/UDS_TesterPresent_program.o
 .debug_abbrev  0x00002dad      0x180 ./src/UDS_TransferData_program.o
 .debug_abbrev  0x00002f2d      0x185 ./src/UDS_WriteDataById_program.o
 .debug_abbrev  0x000030b2      0x13f ./src/main.o

.debug_line     0x00000000     0x5145
 *(.debug_line)
 .debug_line    0x00000000      0x3cb ./system/src/newlib/_exit.o
 .debug_line    0x000003cb      0x37f ./system/src/newlib/_sbrk.o
 .debug_line    0x0000074a      0x439 ./system/src/newlib/_startup.o
 .debug_line    0x00000b83      0x4b4 ./system/src/newlib/_syscalls.o
 .debug_line    0x00001037      0x447 ./system/src/diag/Trace.o
 .debug_line    0x0000147e      0x6b4 ./system/src/diag/trace_impl.o
 .debug_line    0x00001b32      0x393 ./system/src/cortexm/_initialize_hardware.o
 .debug_line    0x00001ec5      0x776 ./system/src/cortexm/exception_handlers.o
 .debug_line    0x0000263b      0x406 ./system/src/cmsis/system_stm32f10x.o
 .debug_line    0x00002a41      0x11f ./system/src/cmsis/vectors_stm32f10x.o
 .debug_line    0x00002b60      0x28d ./src/CAN_program.o
 .debug_line    0x00002ded      0x1c8 ./src/DIO_program.o
 .debug_line    0x00002fb5      0x16f ./src/DTC_program.o
 .debug_line    0x00003124      0x1c1 ./src/DoCAN_program.o
 .debug_line    0x000032e5      0x1cf ./src/EEPROM_program.o
 .debug_line    0x000034b4      0x173 ./src/I2C_program.o
 .debug_line    0x00003627      0x130 ./src/NVIC_program.o
 .debug_line    0x00003757       0xd3 ./src/RCC_program.o
 .debug_line    0x0000382a      0x1a8 ./src/UART_program.o
 .debug_line    0x000039d2      0x2e4 ./src/UDSHandler_program.o
 .debug_line    0x00003cb6      0x17d ./src/UDS_ClearDiagnosticInformation_program.o
 .debug_line    0x00003e33      0x13d ./src/UDS_ControlDTCSetting_program.o
 .debug_line    0x00003f70      0x19d ./src/UDS_DiagnosticSessionControl_program.o
 .debug_line    0x0000410d      0x12b ./src/UDS_ECUReset_program.o
 .debug_line    0x00004238      0x465 ./src/UDS_ReadDTCInformation_program.o
 .debug_line    0x0000469d      0x194 ./src/UDS_ReadDataById_program.o
 .debug_line    0x00004831      0x1a5 ./src/UDS_RequestDownload_program.o
 .debug_line    0x000049d6      0x1a5 ./src/UDS_RequestTransferExit_program.o
 .debug_line    0x00004b7b      0x157 ./src/UDS_TesterPresent_program.o
 .debug_line    0x00004cd2      0x1af ./src/UDS_TransferData_program.o
 .debug_line    0x00004e81      0x176 ./src/UDS_WriteDataById_program.o
 .debug_line    0x00004ff7      0x14e ./src/main.o

.debug_frame    0x00000000     0x1010
 *(.debug_frame)
 .debug_frame   0x00000000       0x38 ./system/src/newlib/_exit.o
 .debug_frame   0x00000038       0x28 ./system/src/newlib/_sbrk.o
 .debug_frame   0x00000060       0x7c ./system/src/newlib/_startup.o
 .debug_frame   0x000000dc       0x50 ./system/src/newlib/_syscalls.o
 .debug_frame   0x0000012c       0x94 ./system/src/diag/Trace.o
 .debug_frame   0x000001c0       0x64 ./system/src/diag/trace_impl.o
 .debug_frame   0x00000224       0x40 ./system/src/cortexm/_initialize_hardware.o
 .debug_frame   0x00000264      0x158 ./system/src/cortexm/exception_handlers.o
 .debug_frame   0x000003bc       0x6c ./system/src/cmsis/system_stm32f10x.o
 .debug_frame   0x00000428       0x20 ./system/src/cmsis/vectors_stm32f10x.o
 .debug_frame   0x00000448      0x110 ./src/CAN_program.o
 .debug_frame   0x00000558       0xd0 ./src/DIO_program.o
 .debug_frame   0x00000628       0x4c ./src/DTC_program.o
 .debug_frame   0x00000674       0x8c ./src/DoCAN_program.o
 .debug_frame   0x00000700       0xfc ./src/EEPROM_program.o
 .debug_frame   0x000007fc       0x84 ./src/I2C_program.o
 .debug_frame   0x00000880       0x8c ./src/NVIC_program.o
 .debug_frame   0x0000090c       0x40 ./src/RCC_program.o
 .debug_frame   0x0000094c       0x74 ./src/UART_program.o
 .debug_frame   0x000009c0       0x78 ./src/UDSHandler_program.o
 .debug_frame   0x00000a38       0x30 ./src/UDS_ClearDiagnosticInformation_program.o
 .debug_frame   0x00000a68       0x30 ./src/UDS_ControlDTCSetting_program.o
 .debug_frame   0x00000a98       0x30 ./src/UDS_DiagnosticSessionControl_program.o
 .debug_frame   0x00000ac8       0x30 ./src/UDS_ECUReset_program.o
 .debug_frame   0x00000af8       0x3c ./src/UDS_ReadDTCInformation_program.o
 .debug_frame   0x00000b34       0x78 ./src/UDS_ReadDataById_program.o
 .debug_frame   0x00000bac       0x38 ./src/UDS_RequestDownload_program.o
 .debug_frame   0x00000be4       0x34 ./src/UDS_RequestTransferExit_program.o
 .debug_frame   0x00000c18       0x30 ./src/UDS_TesterPresent_program.o
 .debug_frame   0x00000c48       0x38 ./src/UDS_TransferData_program.o
 .debug_frame   0x00000c80       0x58 ./src/UDS_WriteDataById_program.o
 .debug_frame   0x00000cd8       0x28 ./src/main.o
 .debug_frame   0x00000d00       0x20 d:/courses/imt arm/imt_arm_course/02- tools/03- imt sdk/imt_sdk_win_64/winarm/armgcc/bin/../lib/gcc/arm-none-eabi/7.2.1/../../../../arm-none-eabi/lib/thumb/v7-m\libg_nano.a(lib_a-errno.o)
 .debug_frame   0x00000d20       0x20 d:/courses/imt arm/imt_arm_course/02- tools/03- imt sdk/imt_sdk_win_64/winarm/armgcc/bin/../lib/gcc/arm-none-eabi/7.2.1/../../../../arm-none-eabi/lib/thumb/v7-m\libg_nano.a(lib_a-memset.o)
 .debug_frame   0x00000d40       0x4c d:/courses/imt arm/imt_arm_course/02- tools/03- imt sdk/imt_sdk_win_64/winarm/armgcc/bin/../lib/gcc/arm-none-eabi/7.2.1/../../../../arm-none-eabi/lib/thumb/v7-m\libg_nano.a(lib_a-vsnprintf.o)
 .debug_frame   0x00000d8c       0x90 d:/courses/imt arm/imt_arm_course/02- tools/03- imt sdk/imt_sdk_win_64/winarm/armgcc/bin/../lib/gcc/arm-none-eabi/7.2.1/../../../../arm-none-eabi/lib/thumb/v7-m\libg_nano.a(lib_a-nano-svfprintf.o)
 .debug_frame   0x00000e1c       0x60 d:/courses/imt arm/imt_arm_course/02- tools/03- imt sdk/imt_sdk_win_64/winarm/armgcc/bin/../lib/gcc/arm-none-eabi/7.2.1/../../../../arm-none-eabi/lib/thumb/v7-m\libg_nano.a(lib_a-nano-vfprintf_i.o)
 .debug_frame   0x00000e7c       0x28 d:/courses/imt arm/imt_arm_course/02- tools/03- imt sdk/imt_sdk_win_64/winarm/armgcc/bin/../lib/gcc/arm-none-eabi/7.2.1/../../../../arm-none-eabi/lib/thumb/v7-m\libg_nano.a(lib_a-memchr-stub.o)
 .debug_frame   0x00000ea4       0x28 d:/courses/imt arm/imt_arm_course/02- tools/03- imt sdk/imt_sdk_win_64/winarm/armgcc/bin/../lib/gcc/arm-none-eabi/7.2.1/../../../../arm-none-eabi/lib/thumb/v7-m\libg_nano.a(lib_a-memcpy-stub.o)
 .debug_frame   0x00000ecc       0x28 d:/courses/imt arm/imt_arm_course/02- tools/03- imt sdk/imt_sdk_win_64/winarm/armgcc/bin/../lib/gcc/arm-none-eabi/7.2.1/../../../../arm-none-eabi/lib/thumb/v7-m\libg_nano.a(lib_a-memmove.o)
 .debug_frame   0x00000ef4       0x38 d:/courses/imt arm/imt_arm_course/02- tools/03- imt sdk/imt_sdk_win_64/winarm/armgcc/bin/../lib/gcc/arm-none-eabi/7.2.1/../../../../arm-none-eabi/lib/thumb/v7-m\libg_nano.a(lib_a-nano-freer.o)
 .debug_frame   0x00000f2c       0x2c d:/courses/imt arm/imt_arm_course/02- tools/03- imt sdk/imt_sdk_win_64/winarm/armgcc/bin/../lib/gcc/arm-none-eabi/7.2.1/../../../../arm-none-eabi/lib/thumb/v7-m\libg_nano.a(lib_a-nano-mallocr.o)
 .debug_frame   0x00000f58       0x3c d:/courses/imt arm/imt_arm_course/02- tools/03- imt sdk/imt_sdk_win_64/winarm/armgcc/bin/../lib/gcc/arm-none-eabi/7.2.1/../../../../arm-none-eabi/lib/thumb/v7-m\libg_nano.a(lib_a-nano-reallocr.o)
 .debug_frame   0x00000f94       0x2c d:/courses/imt arm/imt_arm_course/02- tools/03- imt sdk/imt_sdk_win_64/winarm/armgcc/bin/../lib/gcc/arm-none-eabi/7.2.1/../../../../arm-none-eabi/lib/thumb/v7-m\libg_nano.a(lib_a-sbrkr.o)
 .debug_frame   0x00000fc0       0x30 d:/courses/imt arm/imt_arm_course/02- tools/03- imt sdk/imt_sdk_win_64/winarm/armgcc/bin/../lib/gcc/arm-none-eabi/7.2.1/../../../../arm-none-eabi/lib/thumb/v7-m\libg_nano.a(lib_a-mlock.o)
 .debug_frame   0x00000ff0       0x20 d:/courses/imt arm/imt_arm_course/02- tools/03- imt sdk/imt_sdk_win_64/winarm/armgcc/bin/../lib/gcc/arm-none-eabi/7.2.1/../../../../arm-none-eabi/lib/thumb/v7-m\libg_nano.a(lib_a-nano-msizer.o)

.debug_str      0x00000000    0x599bb
 *(.debug_str)
 .debug_str     0x00000000     0x7d08 ./system/src/newlib/_exit.o
                               0x7edb (size before relaxing)
 .debug_str     0x00007d08      0x4f5 ./system/src/newlib/_sbrk.o
                               0x728d (size before relaxing)
 .debug_str     0x000081fd      0xbbd ./system/src/newlib/_startup.o
                               0x69c8 (size before relaxing)
 .debug_str     0x00008dba      0xe8b ./system/src/newlib/_syscalls.o
                               0x8168 (size before relaxing)
 .debug_str     0x00009c45      0x826 ./system/src/diag/Trace.o
                               0x8653 (size before relaxing)
 .debug_str     0x0000a46b    0x4b2b9 ./system/src/diag/trace_impl.o
                              0x52a39 (size before relaxing)
 .debug_str     0x00055724       0xc4 ./system/src/cortexm/_initialize_hardware.o
                              0x4e82a (size before relaxing)
 .debug_str     0x000557e8      0x1a6 ./system/src/cortexm/exception_handlers.o
                              0x53c5e (size before relaxing)
 .debug_str     0x0005598e      0x114 ./system/src/cmsis/system_stm32f10x.o
                              0x4e8c4 (size before relaxing)
 .debug_str     0x00055aa2       0x57 ./system/src/cmsis/vectors_stm32f10x.o
                               0x3869 (size before relaxing)
 .debug_str     0x00055af9     0x14f1 ./src/CAN_program.o
                               0x42dd (size before relaxing)
 .debug_str     0x00056fea      0x214 ./src/DIO_program.o
                               0x335a (size before relaxing)
 .debug_str     0x000571fe      0x392 ./src/DTC_program.o
                               0x3482 (size before relaxing)
 .debug_str     0x00057590      0x115 ./src/DoCAN_program.o
                               0x31d9 (size before relaxing)
 .debug_str     0x000576a5      0x1f1 ./src/EEPROM_program.o
                               0x3194 (size before relaxing)
 .debug_str     0x00057896      0x216 ./src/I2C_program.o
                               0x30e6 (size before relaxing)
 .debug_str     0x00057aac      0x3d2 ./src/NVIC_program.o
                               0x36da (size before relaxing)
 .debug_str     0x00057e7e      0x6d2 ./src/RCC_program.o
                               0x3552 (size before relaxing)
 .debug_str     0x00058550      0x1c6 ./src/UART_program.o
                               0x33ef (size before relaxing)
 .debug_str     0x00058716      0x97f ./src/UDSHandler_program.o
                               0x3aa8 (size before relaxing)
 .debug_str     0x00059095       0xbb ./src/UDS_ClearDiagnosticInformation_program.o
                               0x3804 (size before relaxing)
 .debug_str     0x00059150       0x93 ./src/UDS_ControlDTCSetting_program.o
                               0x366d (size before relaxing)
 .debug_str     0x000591e3       0x95 ./src/UDS_DiagnosticSessionControl_program.o
                               0x375e (size before relaxing)
 .debug_str     0x00059278       0xaa ./src/UDS_ECUReset_program.o
                               0x3abd (size before relaxing)
 .debug_str     0x00059322      0x13b ./src/UDS_ReadDTCInformation_program.o
                               0x6c04 (size before relaxing)
 .debug_str     0x0005945d      0x1a9 ./src/UDS_ReadDataById_program.o
                               0x3734 (size before relaxing)
 .debug_str     0x00059606       0xde ./src/UDS_RequestDownload_program.o
                               0x3860 (size before relaxing)
 .debug_str     0x000596e4       0xdf ./src/UDS_RequestTransferExit_program.o
                               0x3891 (size before relaxing)
 .debug_str     0x000597c3       0x86 ./src/UDS_TesterPresent_program.o
                               0x3707 (size before relaxing)
 .debug_str     0x00059849       0x90 ./src/UDS_TransferData_program.o
                               0x3825 (size before relaxing)
 .debug_str     0x000598d9       0xbc ./src/UDS_WriteDataById_program.o
                               0x364e (size before relaxing)
 .debug_str     0x00059995       0x26 ./src/main.o
                               0x449a (size before relaxing)

.debug_loc      0x00000000     0x2954
 *(.debug_loc)
 .debug_loc     0x00000000       0x85 ./system/src/newlib/_sbrk.o
 .debug_loc     0x00000085      0x1a9 ./system/src/newlib/_startup.o
 .debug_loc     0x0000022e       0x63 ./system/src/newlib/_syscalls.o
 .debug_loc     0x00000291       0xf6 ./system/src/diag/Trace.o
 .debug_loc     0x00000387      0x121 ./system/src/diag/trace_impl.o
 .debug_loc     0x000004a8      0x291 ./system/src/cortexm/exception_handlers.o
 .debug_loc     0x00000739       0xdf ./system/src/cmsis/system_stm32f10x.o
 .debug_loc     0x00000818      0x19e ./src/CAN_program.o
 .debug_loc     0x000009b6      0x62c ./src/DIO_program.o
 .debug_loc     0x00000fe2       0xd2 ./src/DTC_program.o
 .debug_loc     0x000010b4       0xe6 ./src/DoCAN_program.o
 .debug_loc     0x0000119a      0x4ac ./src/EEPROM_program.o
 .debug_loc     0x00001646      0x19f ./src/I2C_program.o
 .debug_loc     0x000017e5      0x1bd ./src/NVIC_program.o
 .debug_loc     0x000019a2      0x14c ./src/RCC_program.o
 .debug_loc     0x00001aee      0x256 ./src/UART_program.o
 .debug_loc     0x00001d44       0xac ./src/UDSHandler_program.o
 .debug_loc     0x00001df0       0x3a ./src/UDS_ClearDiagnosticInformation_program.o
 .debug_loc     0x00001e2a       0x53 ./src/UDS_ControlDTCSetting_program.o
 .debug_loc     0x00001e7d       0xd0 ./src/UDS_DiagnosticSessionControl_program.o
 .debug_loc     0x00001f4d       0x53 ./src/UDS_ECUReset_program.o
 .debug_loc     0x00001fa0      0x26d ./src/UDS_ReadDTCInformation_program.o
 .debug_loc     0x0000220d      0x16b ./src/UDS_ReadDataById_program.o
 .debug_loc     0x00002378      0x175 ./src/UDS_RequestDownload_program.o
 .debug_loc     0x000024ed       0x7f ./src/UDS_RequestTransferExit_program.o
 .debug_loc     0x0000256c       0x53 ./src/UDS_TesterPresent_program.o
 .debug_loc     0x000025bf      0x15f ./src/UDS_TransferData_program.o
 .debug_loc     0x0000271e      0x236 ./src/UDS_WriteDataById_program.o

.debug_macinfo
 *(.debug_macinfo)

.debug_weaknames
 *(.debug_weaknames)

.debug_funcnames
 *(.debug_funcnames)

.debug_typenames
 *(.debug_typenames)

.debug_varnames
 *(.debug_varnames)
OUTPUT(test_dtc2.elf elf32-littlearm)

.debug_ranges   0x00000000      0x670
 .debug_ranges  0x00000000       0x18 ./system/src/newlib/_exit.o
 .debug_ranges  0x00000018       0x10 ./system/src/newlib/_sbrk.o
 .debug_ranges  0x00000028       0x78 ./system/src/newlib/_startup.o
 .debug_ranges  0x000000a0       0x20 ./system/src/newlib/_syscalls.o
 .debug_ranges  0x000000c0       0x28 ./system/src/diag/Trace.o
 .debug_ranges  0x000000e8       0x50 ./system/src/diag/trace_impl.o
 .debug_ranges  0x00000138       0x18 ./system/src/cortexm/_initialize_hardware.o
 .debug_ranges  0x00000150       0x80 ./system/src/cortexm/exception_handlers.o
 .debug_ranges  0x000001d0       0x28 ./system/src/cmsis/system_stm32f10x.o
 .debug_ranges  0x000001f8       0x10 ./system/src/cmsis/vectors_stm32f10x.o
 .debug_ranges  0x00000208       0x60 ./src/CAN_program.o
 .debug_ranges  0x00000268       0x50 ./src/DIO_program.o
 .debug_ranges  0x000002b8       0x20 ./src/DTC_program.o
 .debug_ranges  0x000002d8       0x40 ./src/DoCAN_program.o
 .debug_ranges  0x00000318       0x78 ./src/EEPROM_program.o
 .debug_ranges  0x00000390       0x28 ./src/I2C_program.o
 .debug_ranges  0x000003b8       0x40 ./src/NVIC_program.o
 .debug_ranges  0x000003f8       0x20 ./src/RCC_program.o
 .debug_ranges  0x00000418       0x88 ./src/UART_program.o
 .debug_ranges  0x000004a0       0x20 ./src/UDSHandler_program.o
 .debug_ranges  0x000004c0       0x10 ./src/UDS_ClearDiagnosticInformation_program.o
 .debug_ranges  0x000004d0       0x10 ./src/UDS_ControlDTCSetting_program.o
 .debug_ranges  0x000004e0       0x28 ./src/UDS_DiagnosticSessionControl_program.o
 .debug_ranges  0x00000508       0x10 ./src/UDS_ECUReset_program.o
 .debug_ranges  0x00000518       0x88 ./src/UDS_ReadDTCInformation_program.o
 .debug_ranges  0x000005a0       0x30 ./src/UDS_ReadDataById_program.o
 .debug_ranges  0x000005d0       0x10 ./src/UDS_RequestDownload_program.o
 .debug_ranges  0x000005e0       0x10 ./src/UDS_RequestTransferExit_program.o
 .debug_ranges  0x000005f0       0x10 ./src/UDS_TesterPresent_program.o
 .debug_ranges  0x00000600       0x40 ./src/UDS_TransferData_program.o
 .debug_ranges  0x00000640       0x20 ./src/UDS_WriteDataById_program.o
 .debug_ranges  0x00000660       0x10 ./src/main.o

.debug_macro    0x00000000     0x3c64
 .debug_macro   0x00000000      0x1b4 ./system/src/newlib/_exit.o
 .debug_macro   0x000001b4       0x9c ./system/src/newlib/_exit.o
 .debug_macro   0x00000250      0x10e ./system/src/newlib/_exit.o
 .debug_macro   0x0000035e       0x8d ./system/src/newlib/_exit.o
 .debug_macro   0x000003eb       0x43 ./system/src/newlib/_exit.o
 .debug_macro   0x0000042e      0x330 ./system/src/newlib/_exit.o
 .debug_macro   0x0000075e       0x35 ./system/src/newlib/_exit.o
 .debug_macro   0x00000793      0x169 ./system/src/newlib/_sbrk.o
 .debug_macro   0x000008fc      0x174 ./system/src/newlib/_sbrk.o
 .debug_macro   0x00000a70       0x10 ./system/src/newlib/_sbrk.o
 .debug_macro   0x00000a80      0x23b ./system/src/newlib/_sbrk.o
 .debug_macro   0x00000cbb      0x173 ./system/src/newlib/_startup.o
 .debug_macro   0x00000e2e      0x217 ./system/src/newlib/_syscalls.o
 .debug_macro   0x00001045       0x1c ./system/src/newlib/_syscalls.o
 .debug_macro   0x00001061       0x10 ./system/src/newlib/_syscalls.o
 .debug_macro   0x00001071       0x10 ./system/src/newlib/_syscalls.o
 .debug_macro   0x00001081       0x10 ./system/src/newlib/_syscalls.o
 .debug_macro   0x00001091       0x35 ./system/src/newlib/_syscalls.o
 .debug_macro   0x000010c6      0x122 ./system/src/newlib/_syscalls.o
 .debug_macro   0x000011e8       0x88 ./system/src/newlib/_syscalls.o
 .debug_macro   0x00001270       0x2b ./system/src/newlib/_syscalls.o
 .debug_macro   0x0000129b      0x118 ./system/src/newlib/_syscalls.o
 .debug_macro   0x000013b3      0x189 ./system/src/newlib/_syscalls.o
 .debug_macro   0x0000153c       0x16 ./system/src/newlib/_syscalls.o
 .debug_macro   0x00001552      0x1fb ./system/src/diag/Trace.o
 .debug_macro   0x0000174d       0x16 ./system/src/diag/Trace.o
 .debug_macro   0x00001763       0x97 ./system/src/diag/Trace.o
 .debug_macro   0x000017fa       0xfd ./system/src/diag/Trace.o
 .debug_macro   0x000018f7       0x10 ./system/src/diag/Trace.o
 .debug_macro   0x00001907       0x16 ./system/src/diag/Trace.o
 .debug_macro   0x0000191d      0x16f ./system/src/diag/Trace.o
 .debug_macro   0x00001a8c       0x4c ./system/src/diag/Trace.o
 .debug_macro   0x00001ad8       0x16 ./system/src/diag/Trace.o
 .debug_macro   0x00001aee      0x2da ./system/src/diag/trace_impl.o
 .debug_macro   0x00001dc8       0x10 ./system/src/diag/trace_impl.o
 .debug_macro   0x00001dd8       0xcf ./system/src/diag/trace_impl.o
 .debug_macro   0x00001ea7       0xbe ./system/src/diag/trace_impl.o
 .debug_macro   0x00001f65       0x22 ./system/src/diag/trace_impl.o
 .debug_macro   0x00001f87      0x16b ./system/src/cortexm/_initialize_hardware.o
 .debug_macro   0x000020f2      0x324 ./system/src/cortexm/exception_handlers.o
 .debug_macro   0x00002416       0x3b ./system/src/cortexm/exception_handlers.o
 .debug_macro   0x00002451       0x10 ./system/src/cortexm/exception_handlers.o
 .debug_macro   0x00002461      0x16e ./system/src/cmsis/system_stm32f10x.o
 .debug_macro   0x000025cf       0x34 ./system/src/cmsis/vectors_stm32f10x.o
 .debug_macro   0x00002603       0x69 ./src/CAN_program.o
 .debug_macro   0x0000266c       0x28 ./src/CAN_program.o
 .debug_macro   0x00002694       0x22 ./src/CAN_program.o
 .debug_macro   0x000026b6      0x17e ./src/CAN_program.o
 .debug_macro   0x00002834      0x190 ./src/CAN_program.o
 .debug_macro   0x000029c4       0x2e ./src/CAN_program.o
 .debug_macro   0x000029f2       0x5e ./src/CAN_program.o
 .debug_macro   0x00002a50      0x18b ./src/CAN_program.o
 .debug_macro   0x00002bdb       0x8e ./src/CAN_program.o
 .debug_macro   0x00002c69       0x49 ./src/DIO_program.o
 .debug_macro   0x00002cb2       0x2e ./src/DIO_program.o
 .debug_macro   0x00002ce0       0x6f ./src/DTC_program.o
 .debug_macro   0x00002d4f       0x34 ./src/DTC_program.o
 .debug_macro   0x00002d83       0x16 ./src/DTC_program.o
 .debug_macro   0x00002d99       0x10 ./src/DTC_program.o
 .debug_macro   0x00002da9       0x40 ./src/DTC_program.o
 .debug_macro   0x00002de9       0x53 ./src/DoCAN_program.o
 .debug_macro   0x00002e3c       0x49 ./src/EEPROM_program.o
 .debug_macro   0x00002e85       0x10 ./src/EEPROM_program.o
 .debug_macro   0x00002e95       0x3e ./src/I2C_program.o
 .debug_macro   0x00002ed3       0x40 ./src/I2C_program.o
 .debug_macro   0x00002f13       0x40 ./src/I2C_program.o
 .debug_macro   0x00002f53       0x3f ./src/NVIC_program.o
 .debug_macro   0x00002f92       0x70 ./src/NVIC_program.o
 .debug_macro   0x00003002       0x3e ./src/RCC_program.o
 .debug_macro   0x00003040      0x10c ./src/RCC_program.o
 .debug_macro   0x0000314c       0xd0 ./src/RCC_program.o
 .debug_macro   0x0000321c       0x1c ./src/RCC_program.o
 .debug_macro   0x00003238       0x47 ./src/UART_program.o
 .debug_macro   0x0000327f       0x16 ./src/UART_program.o
 .debug_macro   0x00003295       0x22 ./src/UART_program.o
 .debug_macro   0x000032b7       0x2e ./src/UART_program.o
 .debug_macro   0x000032e5       0xcc ./src/UDSHandler_program.o
 .debug_macro   0x000033b1       0x28 ./src/UDSHandler_program.o
 .debug_macro   0x000033d9       0x10 ./src/UDSHandler_program.o
 .debug_macro   0x000033e9      0x11e ./src/UDSHandler_program.o
 .debug_macro   0x00003507       0x1c ./src/UDSHandler_program.o
 .debug_macro   0x00003523       0x73 ./src/UDS_ClearDiagnosticInformation_program.o
 .debug_macro   0x00003596       0x10 ./src/UDS_ClearDiagnosticInformation_program.o
 .debug_macro   0x000035a6       0x6a ./src/UDS_ControlDTCSetting_program.o
 .debug_macro   0x00003610       0x10 ./src/UDS_ControlDTCSetting_program.o
 .debug_macro   0x00003620       0x73 ./src/UDS_DiagnosticSessionControl_program.o
 .debug_macro   0x00003693       0x10 ./src/UDS_DiagnosticSessionControl_program.o
 .debug_macro   0x000036a3       0x6a ./src/UDS_ECUReset_program.o
 .debug_macro   0x0000370d       0x22 ./src/UDS_ECUReset_program.o
 .debug_macro   0x0000372f      0x155 ./src/UDS_ReadDTCInformation_program.o
 .debug_macro   0x00003884       0x22 ./src/UDS_ReadDTCInformation_program.o
 .debug_macro   0x000038a6       0x65 ./src/UDS_ReadDataById_program.o
 .debug_macro   0x0000390b       0x22 ./src/UDS_ReadDataById_program.o
 .debug_macro   0x0000392d       0x72 ./src/UDS_RequestDownload_program.o
 .debug_macro   0x0000399f       0x16 ./src/UDS_RequestDownload_program.o
 .debug_macro   0x000039b5       0x10 ./src/UDS_RequestDownload_program.o
 .debug_macro   0x000039c5       0x7d ./src/UDS_RequestTransferExit_program.o
 .debug_macro   0x00003a42       0x16 ./src/UDS_RequestTransferExit_program.o
 .debug_macro   0x00003a58       0x6a ./src/UDS_TesterPresent_program.o
 .debug_macro   0x00003ac2       0x16 ./src/UDS_TesterPresent_program.o
 .debug_macro   0x00003ad8       0x73 ./src/UDS_TransferData_program.o
 .debug_macro   0x00003b4b       0x10 ./src/UDS_TransferData_program.o
 .debug_macro   0x00003b5b       0x65 ./src/UDS_WriteDataById_program.o
 .debug_macro   0x00003bc0       0x16 ./src/UDS_WriteDataById_program.o
 .debug_macro   0x00003bd6       0x8e ./src/main.o
